Archive member included to satisfy reference by file (symbol)

/opt/Atollic_TrueSTUDIO_for_STM32_x86_64_9.3.0/ARMTools/bin/../lib/gcc/arm-atollic-eabi/6.3.1/../../../../arm-atollic-eabi/lib/armv7-m/libc_nano.a(lib_a-errno.o)
                              Src/syscalls.o (__errno)
/opt/Atollic_TrueSTUDIO_for_STM32_x86_64_9.3.0/ARMTools/bin/../lib/gcc/arm-atollic-eabi/6.3.1/../../../../arm-atollic-eabi/lib/armv7-m/libc_nano.a(lib_a-impure.o)
                              /opt/Atollic_TrueSTUDIO_for_STM32_x86_64_9.3.0/ARMTools/bin/../lib/gcc/arm-atollic-eabi/6.3.1/../../../../arm-atollic-eabi/lib/armv7-m/libc_nano.a(lib_a-errno.o) (_impure_ptr)
/opt/Atollic_TrueSTUDIO_for_STM32_x86_64_9.3.0/ARMTools/bin/../lib/gcc/arm-atollic-eabi/6.3.1/../../../../arm-atollic-eabi/lib/armv7-m/libc_nano.a(lib_a-init.o)
                              startup/startup_stm32f103xb.o (__libc_init_array)
/opt/Atollic_TrueSTUDIO_for_STM32_x86_64_9.3.0/ARMTools/bin/../lib/gcc/arm-atollic-eabi/6.3.1/../../../../arm-atollic-eabi/lib/armv7-m/libc_nano.a(lib_a-memcpy-stub.o)
                              Src/MY_NRF24.o (memcpy)
/opt/Atollic_TrueSTUDIO_for_STM32_x86_64_9.3.0/ARMTools/bin/../lib/gcc/arm-atollic-eabi/6.3.1/../../../../arm-atollic-eabi/lib/armv7-m/libc_nano.a(lib_a-memset.o)
                              Src/main.o (memset)
/opt/Atollic_TrueSTUDIO_for_STM32_x86_64_9.3.0/ARMTools/bin/../lib/gcc/arm-atollic-eabi/6.3.1/../../../../arm-atollic-eabi/lib/armv7-m/libc_nano.a(lib_a-sprintf.o)
                              Src/MY_NRF24.o (sprintf)
/opt/Atollic_TrueSTUDIO_for_STM32_x86_64_9.3.0/ARMTools/bin/../lib/gcc/arm-atollic-eabi/6.3.1/../../../../arm-atollic-eabi/lib/armv7-m/libc_nano.a(lib_a-strlen.o)
                              Src/MY_NRF24.o (strlen)
/opt/Atollic_TrueSTUDIO_for_STM32_x86_64_9.3.0/ARMTools/bin/../lib/gcc/arm-atollic-eabi/6.3.1/../../../../arm-atollic-eabi/lib/armv7-m/libc_nano.a(lib_a-nano-svfprintf.o)
                              /opt/Atollic_TrueSTUDIO_for_STM32_x86_64_9.3.0/ARMTools/bin/../lib/gcc/arm-atollic-eabi/6.3.1/../../../../arm-atollic-eabi/lib/armv7-m/libc_nano.a(lib_a-sprintf.o) (_svfprintf_r)
/opt/Atollic_TrueSTUDIO_for_STM32_x86_64_9.3.0/ARMTools/bin/../lib/gcc/arm-atollic-eabi/6.3.1/../../../../arm-atollic-eabi/lib/armv7-m/libc_nano.a(lib_a-nano-vfprintf_i.o)
                              /opt/Atollic_TrueSTUDIO_for_STM32_x86_64_9.3.0/ARMTools/bin/../lib/gcc/arm-atollic-eabi/6.3.1/../../../../arm-atollic-eabi/lib/armv7-m/libc_nano.a(lib_a-nano-svfprintf.o) (_printf_i)
/opt/Atollic_TrueSTUDIO_for_STM32_x86_64_9.3.0/ARMTools/bin/../lib/gcc/arm-atollic-eabi/6.3.1/../../../../arm-atollic-eabi/lib/armv7-m/libc_nano.a(lib_a-memchr-stub.o)
                              /opt/Atollic_TrueSTUDIO_for_STM32_x86_64_9.3.0/ARMTools/bin/../lib/gcc/arm-atollic-eabi/6.3.1/../../../../arm-atollic-eabi/lib/armv7-m/libc_nano.a(lib_a-nano-svfprintf.o) (memchr)
/opt/Atollic_TrueSTUDIO_for_STM32_x86_64_9.3.0/ARMTools/bin/../lib/gcc/arm-atollic-eabi/6.3.1/../../../../arm-atollic-eabi/lib/armv7-m/libc_nano.a(lib_a-memmove.o)
                              /opt/Atollic_TrueSTUDIO_for_STM32_x86_64_9.3.0/ARMTools/bin/../lib/gcc/arm-atollic-eabi/6.3.1/../../../../arm-atollic-eabi/lib/armv7-m/libc_nano.a(lib_a-nano-svfprintf.o) (memmove)
/opt/Atollic_TrueSTUDIO_for_STM32_x86_64_9.3.0/ARMTools/bin/../lib/gcc/arm-atollic-eabi/6.3.1/../../../../arm-atollic-eabi/lib/armv7-m/libc_nano.a(lib_a-nano-freer.o)
                              /opt/Atollic_TrueSTUDIO_for_STM32_x86_64_9.3.0/ARMTools/bin/../lib/gcc/arm-atollic-eabi/6.3.1/../../../../arm-atollic-eabi/lib/armv7-m/libc_nano.a(lib_a-nano-svfprintf.o) (_free_r)
/opt/Atollic_TrueSTUDIO_for_STM32_x86_64_9.3.0/ARMTools/bin/../lib/gcc/arm-atollic-eabi/6.3.1/../../../../arm-atollic-eabi/lib/armv7-m/libc_nano.a(lib_a-nano-mallocr.o)
                              /opt/Atollic_TrueSTUDIO_for_STM32_x86_64_9.3.0/ARMTools/bin/../lib/gcc/arm-atollic-eabi/6.3.1/../../../../arm-atollic-eabi/lib/armv7-m/libc_nano.a(lib_a-nano-svfprintf.o) (_malloc_r)
/opt/Atollic_TrueSTUDIO_for_STM32_x86_64_9.3.0/ARMTools/bin/../lib/gcc/arm-atollic-eabi/6.3.1/../../../../arm-atollic-eabi/lib/armv7-m/libc_nano.a(lib_a-nano-reallocr.o)
                              /opt/Atollic_TrueSTUDIO_for_STM32_x86_64_9.3.0/ARMTools/bin/../lib/gcc/arm-atollic-eabi/6.3.1/../../../../arm-atollic-eabi/lib/armv7-m/libc_nano.a(lib_a-nano-svfprintf.o) (_realloc_r)
/opt/Atollic_TrueSTUDIO_for_STM32_x86_64_9.3.0/ARMTools/bin/../lib/gcc/arm-atollic-eabi/6.3.1/../../../../arm-atollic-eabi/lib/armv7-m/libc_nano.a(lib_a-sbrkr.o)
                              /opt/Atollic_TrueSTUDIO_for_STM32_x86_64_9.3.0/ARMTools/bin/../lib/gcc/arm-atollic-eabi/6.3.1/../../../../arm-atollic-eabi/lib/armv7-m/libc_nano.a(lib_a-nano-mallocr.o) (_sbrk_r)
/opt/Atollic_TrueSTUDIO_for_STM32_x86_64_9.3.0/ARMTools/bin/../lib/gcc/arm-atollic-eabi/6.3.1/../../../../arm-atollic-eabi/lib/armv7-m/libc_nano.a(lib_a-mlock.o)
[...]
Memory Configuration

Name             Origin             Length             Attributes
RAM              0x0000000020000000 0x0000000000005000 xrw
FLASH            0x0000000008000000 0x0000000000010000 xr
*default*        0x0000000000000000 0xffffffffffffffff

Linker script and memory map

LOAD /opt/Atollic_TrueSTUDIO_for_STM32_x86_64_9.3.0/ARMTools/bin/../lib/gcc/arm-atollic-eabi/6.3.1/armv7-m/crti.o
LOAD /opt/Atollic_TrueSTUDIO_for_STM32_x86_64_9.3.0/ARMTools/bin/../lib/gcc/arm-atollic-eabi/6.3.1/armv7-m/crtbegin.o
LOAD Drivers/STM32F1xx_HAL_Driver/Src/stm32f1xx_hal.o
LOAD Drivers/STM32F1xx_HAL_Driver/Src/stm32f1xx_hal_adc.o
LOAD Drivers/STM32F1xx_HAL_Driver/Src/stm32f1xx_hal_adc_ex.o
LOAD Drivers/STM32F1xx_HAL_Driver/Src/stm32f1xx_hal_can.o
LOAD Drivers/STM32F1xx_HAL_Driver/Src/stm32f1xx_hal_cortex.o
LOAD Drivers/STM32F1xx_HAL_Driver/Src/stm32f1xx_hal_dma.o
LOAD Drivers/STM32F1xx_HAL_Driver/Src/stm32f1xx_hal_flash.o
LOAD Drivers/STM32F1xx_HAL_Driver/Src/stm32f1xx_hal_flash_ex.o
LOAD Drivers/STM32F1xx_HAL_Driver/Src/stm32f1xx_hal_gpio.o
LOAD Drivers/STM32F1xx_HAL_Driver/Src/stm32f1xx_hal_gpio_ex.o
LOAD Drivers/STM32F1xx_HAL_Driver/Src/stm32f1xx_hal_pwr.o
LOAD Drivers/STM32F1xx_HAL_Driver/Src/stm32f1xx_hal_rcc.o
LOAD Drivers/STM32F1xx_HAL_Driver/Src/stm32f1xx_hal_rcc_ex.o
LOAD Drivers/STM32F1xx_HAL_Driver/Src/stm32f1xx_hal_spi.o
LOAD Drivers/STM32F1xx_HAL_Driver/Src/stm32f1xx_hal_spi_ex.o
LOAD Drivers/STM32F1xx_HAL_Driver/Src/stm32f1xx_hal_tim.o
LOAD Drivers/STM32F1xx_HAL_Driver/Src/stm32f1xx_hal_tim_ex.o
LOAD Drivers/STM32F1xx_HAL_Driver/Src/stm32f1xx_hal_uart.o
LOAD Src/MY_NRF24.o
LOAD Src/main.o
LOAD Src/stm32f1xx_hal_msp.o
LOAD Src/stm32f1xx_it.o
LOAD Src/syscalls.o
LOAD Src/system_stm32f1xx.o
LOAD startup/startup_stm32f103xb.o
                0x0000000000000080                malloc_getpagesize_P = 0x80
START GROUP
LOAD /opt/Atollic_TrueSTUDIO_for_STM32_x86_64_9.3.0/ARMTools/bin/../lib/gcc/arm-atollic-eabi/6.3.1/../../../../arm-atollic-eabi/lib/armv7-m/libc_nano.a
LOAD /opt/Atollic_TrueSTUDIO_for_STM32_x86_64_9.3.0/ARMTools/bin/../lib/gcc/arm-atollic-eabi/6.3.1/../../../../arm-atollic-eabi/lib/armv7-m/libm.a
END GROUP
START GROUP
LOAD /opt/Atollic_TrueSTUDIO_for_STM32_x86_64_9.3.0/ARMTools/bin/../lib/gcc/arm-atollic-eabi/6.3.1/armv7-m/libgcc.a
LOAD /opt/Atollic_TrueSTUDIO_for_STM32_x86_64_9.3.0/ARMTools/bin/../lib/gcc/arm-atollic-eabi/6.3.1/../../../../arm-atollic-eabi/lib/armv7-m/libc_nano.a
END GROUP
START GROUP
LOAD /opt/Atollic_TrueSTUDIO_for_STM32_x86_64_9.3.0/ARMTools/bin/../lib/gcc/arm-atollic-eabi/6.3.1/armv7-m/libgcc.a
LOAD /opt/Atollic_TrueSTUDIO_for_STM32_x86_64_9.3.0/ARMTools/bin/../lib/gcc/arm-atollic-eabi/6.3.1/../../../../arm-atollic-eabi/lib/armv7-m/libc_nano.a
LOAD /opt/Atollic_TrueSTUDIO_for_STM32_x86_64_9.3.0/ARMTools/bin/../lib/gcc/arm-atollic-eabi/6.3.1/../../../../arm-atollic-eabi/lib/armv7-m/libnosys.a
END GROUP
START GROUP
LOAD /opt/Atollic_TrueSTUDIO_for_STM32_x86_64_9.3.0/ARMTools/bin/../lib/gcc/arm-atollic-eabi/6.3.1/armv7-m/libgcc.a
LOAD /opt/Atollic_TrueSTUDIO_for_STM32_x86_64_9.3.0/ARMTools/bin/../lib/gcc/arm-atollic-eabi/6.3.1/../../../../arm-atollic-eabi/lib/armv7-m/libc_nano.a
LOAD /opt/Atollic_TrueSTUDIO_for_STM32_x86_64_9.3.0/ARMTools/bin/../lib/gcc/arm-atollic-eabi/6.3.1/../../../../arm-atollic-eabi/lib/armv7-m/libnosys.a
END GROUP
LOAD /opt/Atollic_TrueSTUDIO_for_STM32_x86_64_9.3.0/ARMTools/bin/../lib/gcc/arm-atollic-eabi/6.3.1/armv7-m/crtend.o
LOAD /opt/Atollic_TrueSTUDIO_for_STM32_x86_64_9.3.0/ARMTools/bin/../lib/gcc/arm-atollic-eabi/6.3.1/armv7-m/crtn.o
                0x0000000020005000                _estack = 0x20005000
                0x0000000000000200                _Min_Heap_Size = 0x200
                0x0000000000000400                _Min_Stack_Size = 0x400

.isr_vector     0x0000000008000000      0x10c
                0x0000000008000000                . = ALIGN (0x4)
 *(.isr_vector)
 .isr_vector    0x0000000008000000      0x10c startup/startup_stm32f103xb.o
                0x0000000008000000                g_pfnVectors
                0x000000000800010c                . = ALIGN (0x4)

.text           0x000000000800010c     0x633c
                0x000000000800010c                . = ALIGN (0x4)
 *(.text)
 .text          0x000000000800010c       0x40 /opt/Atollic_TrueSTUDIO_for_STM32_x86_64_9.3.0/ARMTools/bin/../lib/gcc/arm-atollic-eabi/6.3.1/armv7-m/crtbegin.o
 .text          0x000000000800014c       0x10 /opt/Atollic_TrueSTUDIO_for_STM32_x86_64_9.3.0/ARMTools/bin/../lib/gcc/arm-atollic-eabi/6.3.1/../../../../arm-atollic-eabi/lib/armv7-m/libc_nano.a(lib_a-strlen.o)
                0x000000000800014c                strlen
 *(.text*)
 .text.HAL_Init
                0x000000000800015c       0x2c Drivers/STM32F1xx_HAL_Driver/Src/stm32f1xx_hal.o
                0x000000000800015c                HAL_Init
 .text.HAL_InitTick
                0x0000000008000188       0x60 Drivers/STM32F1xx_HAL_Driver/Src/stm32f1xx_hal.o
                0x0000000008000188                HAL_InitTick
 .text.HAL_IncTick
                0x00000000080001e8       0x24 Drivers/STM32F1xx_HAL_Driver/Src/stm32f1xx_hal.o
                0x00000000080001e8                HAL_IncTick
 .text.HAL_GetTick
                0x000000000800020c       0x14 Drivers/STM32F1xx_HAL_Driver/Src/stm32f1xx_hal.o
                0x000000000800020c                HAL_GetTick
 .text.HAL_Delay
                0x0000000008000220       0x44 Drivers/STM32F1xx_HAL_Driver/Src/stm32f1xx_hal.o
                0x0000000008000220                HAL_Delay
 .text.HAL_ADC_Init
                0x0000000008000264      0x1b0 Drivers/STM32F1xx_HAL_Driver/Src/stm32f1xx_hal_adc.o
                0x0000000008000264                HAL_ADC_Init
 .text.HAL_ADC_Start
                0x0000000008000414      0x15c Drivers/STM32F1xx_HAL_Driver/Src/stm32f1xx_hal_adc.o
                0x0000000008000414                HAL_ADC_Start
 .text.HAL_ADC_PollForConversion
                0x0000000008000570      0x1f4 Drivers/STM32F1xx_HAL_Driver/Src/stm32f1xx_hal_adc.o
                0x0000000008000570                HAL_ADC_PollForConversion
 .text.HAL_ADC_GetValue
                0x0000000008000764       0x18 Drivers/STM32F1xx_HAL_Driver/Src/stm32f1xx_hal_adc.o
                0x0000000008000764                HAL_ADC_GetValue
 .text.HAL_ADC_ConfigChannel
                0x000000000800077c      0x1f0 Drivers/STM32F1xx_HAL_Driver/Src/stm32f1xx_hal_adc.o
                0x000000000800077c                HAL_ADC_ConfigChannel
 .text.ADC_Enable
                0x000000000800096c       0xa4 Drivers/STM32F1xx_HAL_Driver/Src/stm32f1xx_hal_adc.o
                0x000000000800096c                ADC_Enable
 .text.ADC_ConversionStop_Disable
                0x0000000008000a10       0x74 Drivers/STM32F1xx_HAL_Driver/Src/stm32f1xx_hal_adc.o
                0x0000000008000a10                ADC_ConversionStop_Disable
 .text.HAL_CAN_Init
                0x0000000008000a84      0x1f4 Drivers/STM32F1xx_HAL_Driver/Src/stm32f1xx_hal_can.o
                0x0000000008000a84                HAL_CAN_Init
 .text.HAL_CAN_ConfigFilter
                0x0000000008000c78      0x192 Drivers/STM32F1xx_HAL_Driver/Src/stm32f1xx_hal_can.o
                0x0000000008000c78                HAL_CAN_ConfigFilter
 .text.HAL_CAN_Start
                0x0000000008000e0a       0x88 Drivers/STM32F1xx_HAL_Driver/Src/stm32f1xx_hal_can.o
                0x0000000008000e0a                HAL_CAN_Start
 .text.HAL_CAN_AddTxMessage
                0x0000000008000e92      0x1ac Drivers/STM32F1xx_HAL_Driver/Src/stm32f1xx_hal_can.o
                0x0000000008000e92                HAL_CAN_AddTxMessage
 .text.HAL_CAN_GetRxMessage
                0x000000000800103e      0x224 Drivers/STM32F1xx_HAL_Driver/Src/stm32f1xx_hal_can.o
                0x000000000800103e                HAL_CAN_GetRxMessage
 .text.HAL_CAN_ActivateNotification
                0x0000000008001262       0x4a Drivers/STM32F1xx_HAL_Driver/Src/stm32f1xx_hal_can.o
                0x0000000008001262                HAL_CAN_ActivateNotification
 .text.HAL_CAN_IRQHandler
                0x00000000080012ac      0x362 Drivers/STM32F1xx_HAL_Driver/Src/stm32f1xx_hal_can.o
                0x00000000080012ac                HAL_CAN_IRQHandler
 .text.HAL_CAN_TxMailbox0CompleteCallback
                0x000000000800160e       0x12 Drivers/STM32F1xx_HAL_Driver/Src/stm32f1xx_hal_can.o
                0x000000000800160e                HAL_CAN_TxMailbox0CompleteCallback
 .text.HAL_CAN_TxMailbox1CompleteCallback
                0x0000000008001620       0x12 Drivers/STM32F1xx_HAL_Driver/Src/stm32f1xx_hal_can.o
                0x0000000008001620                HAL_CAN_TxMailbox1CompleteCallback
 .text.HAL_CAN_TxMailbox2CompleteCallback
                0x0000000008001632       0x12 Drivers/STM32F1xx_HAL_Driver/Src/stm32f1xx_hal_can.o
                0x0000000008001632                HAL_CAN_TxMailbox2CompleteCallback
 .text.HAL_CAN_TxMailbox0AbortCallback
                0x0000000008001644       0x12 Drivers/STM32F1xx_HAL_Driver/Src/stm32f1xx_hal_can.o
                0x0000000008001644                HAL_CAN_TxMailbox0AbortCallback
 .text.HAL_CAN_TxMailbox1AbortCallback
                0x0000000008001656       0x12 Drivers/STM32F1xx_HAL_Driver/Src/stm32f1xx_hal_can.o
                0x0000000008001656                HAL_CAN_TxMailbox1AbortCallback
 .text.HAL_CAN_TxMailbox2AbortCallback
                0x0000000008001668       0x12 Drivers/STM32F1xx_HAL_Driver/Src/stm32f1xx_hal_can.o
                0x0000000008001668                HAL_CAN_TxMailbox2AbortCallback
 .text.HAL_CAN_RxFifo0FullCallback
                0x000000000800167a       0x12 Drivers/STM32F1xx_HAL_Driver/Src/stm32f1xx_hal_can.o
                0x000000000800167a                HAL_CAN_RxFifo0FullCallback
 .text.HAL_CAN_RxFifo1MsgPendingCallback
                0x000000000800168c       0x12 Drivers/STM32F1xx_HAL_Driver/Src/stm32f1xx_hal_can.o
                0x000000000800168c                HAL_CAN_RxFifo1MsgPendingCallback
 .text.HAL_CAN_RxFifo1FullCallback
                0x000000000800169e       0x12 Drivers/STM32F1xx_HAL_Driver/Src/stm32f1xx_hal_can.o
                0x000000000800169e                HAL_CAN_RxFifo1FullCallback
 .text.HAL_CAN_SleepCallback
                0x00000000080016b0       0x12 Drivers/STM32F1xx_HAL_Driver/Src/stm32f1xx_hal_can.o
                0x00000000080016b0                HAL_CAN_SleepCallback
 .text.HAL_CAN_WakeUpFromRxMsgCallback
                0x00000000080016c2       0x12 Drivers/STM32F1xx_HAL_Driver/Src/stm32f1xx_hal_can.o
                0x00000000080016c2                HAL_CAN_WakeUpFromRxMsgCallback
 .text.HAL_CAN_ErrorCallback
                0x00000000080016d4       0x12 Drivers/STM32F1xx_HAL_Driver/Src/stm32f1xx_hal_can.o
                0x00000000080016d4                HAL_CAN_ErrorCallback
 *fill*         0x00000000080016e6        0x2 
 .text.NVIC_SetPriorityGrouping
                0x00000000080016e8       0x48 Drivers/STM32F1xx_HAL_Driver/Src/stm32f1xx_hal_cortex.o
 .text.NVIC_GetPriorityGrouping
                0x0000000008001730       0x1c Drivers/STM32F1xx_HAL_Driver/Src/stm32f1xx_hal_cortex.o
 .text.NVIC_EnableIRQ
                0x000000000800174c       0x30 Drivers/STM32F1xx_HAL_Driver/Src/stm32f1xx_hal_cortex.o
 .text.NVIC_SetPriority
                0x000000000800177c       0x54 Drivers/STM32F1xx_HAL_Driver/Src/stm32f1xx_hal_cortex.o
 .text.NVIC_EncodePriority
                0x00000000080017d0       0x60 Drivers/STM32F1xx_HAL_Driver/Src/stm32f1xx_hal_cortex.o
 .text.SysTick_Config
                0x0000000008001830       0x44 Drivers/STM32F1xx_HAL_Driver/Src/stm32f1xx_hal_cortex.o
 .text.HAL_NVIC_SetPriorityGrouping
                0x0000000008001874       0x16 Drivers/STM32F1xx_HAL_Driver/Src/stm32f1xx_hal_cortex.o
                0x0000000008001874                HAL_NVIC_SetPriorityGrouping
 .text.HAL_NVIC_SetPriority
                0x000000000800188a       0x38 Drivers/STM32F1xx_HAL_Driver/Src/stm32f1xx_hal_cortex.o
                0x000000000800188a                HAL_NVIC_SetPriority
 .text.HAL_NVIC_EnableIRQ
                0x00000000080018c2       0x1c Drivers/STM32F1xx_HAL_Driver/Src/stm32f1xx_hal_cortex.o
                0x00000000080018c2                HAL_NVIC_EnableIRQ
 .text.HAL_SYSTICK_Config
                0x00000000080018de       0x18 Drivers/STM32F1xx_HAL_Driver/Src/stm32f1xx_hal_cortex.o
                0x00000000080018de                HAL_SYSTICK_Config
 *fill*         0x00000000080018f6        0x2 
 .text.HAL_GPIO_Init
                0x00000000080018f8      0x2bc Drivers/STM32F1xx_HAL_Driver/Src/stm32f1xx_hal_gpio.o
                0x00000000080018f8                HAL_GPIO_Init
 .text.HAL_GPIO_ReadPin
                0x0000000008001bb4       0x2e Drivers/STM32F1xx_HAL_Driver/Src/stm32f1xx_hal_gpio.o
                0x0000000008001bb4                HAL_GPIO_ReadPin
 .text.HAL_GPIO_WritePin
                0x0000000008001be2       0x30 Drivers/STM32F1xx_HAL_Driver/Src/stm32f1xx_hal_gpio.o
                0x0000000008001be2                HAL_GPIO_WritePin
 .text.HAL_GPIO_TogglePin
                0x0000000008001c12       0x22 Drivers/STM32F1xx_HAL_Driver/Src/stm32f1xx_hal_gpio.o
                0x0000000008001c12                HAL_GPIO_TogglePin
 .text.HAL_RCC_OscConfig
                0x0000000008001c34      0x4c8 Drivers/STM32F1xx_HAL_Driver/Src/stm32f1xx_hal_rcc.o
                0x0000000008001c34                HAL_RCC_OscConfig
 .text.HAL_RCC_ClockConfig
                0x00000000080020fc      0x218 Drivers/STM32F1xx_HAL_Driver/Src/stm32f1xx_hal_rcc.o
                0x00000000080020fc                HAL_RCC_ClockConfig
 .text.HAL_RCC_GetSysClockFreq
                0x0000000008002314       0xc4 Drivers/STM32F1xx_HAL_Driver/Src/stm32f1xx_hal_rcc.o
                0x0000000008002314                HAL_RCC_GetSysClockFreq
 .text.HAL_RCC_GetHCLKFreq
                0x00000000080023d8       0x14 Drivers/STM32F1xx_HAL_Driver/Src/stm32f1xx_hal_rcc.o
                0x00000000080023d8                HAL_RCC_GetHCLKFreq
 .text.HAL_RCC_GetPCLK1Freq
                0x00000000080023ec       0x28 Drivers/STM32F1xx_HAL_Driver/Src/stm32f1xx_hal_rcc.o
                0x00000000080023ec                HAL_RCC_GetPCLK1Freq
 .text.HAL_RCC_GetPCLK2Freq
                0x0000000008002414       0x28 Drivers/STM32F1xx_HAL_Driver/Src/stm32f1xx_hal_rcc.o
                0x0000000008002414                HAL_RCC_GetPCLK2Freq
 .text.RCC_Delay
                0x000000000800243c       0x3c Drivers/STM32F1xx_HAL_Driver/Src/stm32f1xx_hal_rcc.o
 .text.HAL_RCCEx_PeriphCLKConfig
                0x0000000008002478      0x16c Drivers/STM32F1xx_HAL_Driver/Src/stm32f1xx_hal_rcc_ex.o
                0x0000000008002478                HAL_RCCEx_PeriphCLKConfig
 .text.HAL_RCCEx_GetPeriphCLKFreq
                0x00000000080025e4      0x180 Drivers/STM32F1xx_HAL_Driver/Src/stm32f1xx_hal_rcc_ex.o
                0x00000000080025e4                HAL_RCCEx_GetPeriphCLKFreq
 .text.HAL_SPI_Transmit
                0x0000000008002764      0x276 Drivers/STM32F1xx_HAL_Driver/Src/stm32f1xx_hal_spi.o
                0x0000000008002764                HAL_SPI_Transmit
 .text.HAL_SPI_Receive
                0x00000000080029da      0x21c Drivers/STM32F1xx_HAL_Driver/Src/stm32f1xx_hal_spi.o
                0x00000000080029da                HAL_SPI_Receive
 .text.HAL_SPI_TransmitReceive
                0x0000000008002bf6      0x33e Drivers/STM32F1xx_HAL_Driver/Src/stm32f1xx_hal_spi.o
                0x0000000008002bf6                HAL_SPI_TransmitReceive
 .text.SPI_WaitFlagStateUntilTimeout
                0x0000000008002f34       0xd2 Drivers/STM32F1xx_HAL_Driver/Src/stm32f1xx_hal_spi.o
 .text.SPI_CheckFlag_BSY
                0x0000000008003006       0x3c Drivers/STM32F1xx_HAL_Driver/Src/stm32f1xx_hal_spi.o
 .text.HAL_SPI_Init
                0x0000000008003042       0xc8 Drivers/STM32F1xx_HAL_Driver/Src/stm32f1xx_hal_spi_ex.o
                0x0000000008003042                HAL_SPI_Init
 .text.HAL_TIM_Base_Init
                0x000000000800310a       0x56 Drivers/STM32F1xx_HAL_Driver/Src/stm32f1xx_hal_tim.o
                0x000000000800310a                HAL_TIM_Base_Init
 .text.HAL_TIM_Base_Start_IT
                0x0000000008003160       0x34 Drivers/STM32F1xx_HAL_Driver/Src/stm32f1xx_hal_tim.o
                0x0000000008003160                HAL_TIM_Base_Start_IT
 .text.HAL_TIM_IRQHandler
                0x0000000008003194      0x210 Drivers/STM32F1xx_HAL_Driver/Src/stm32f1xx_hal_tim.o
                0x0000000008003194                HAL_TIM_IRQHandler
 .text.HAL_TIM_ConfigClockSource
                0x00000000080033a4      0x1b6 Drivers/STM32F1xx_HAL_Driver/Src/stm32f1xx_hal_tim.o
                0x00000000080033a4                HAL_TIM_ConfigClockSource
 .text.HAL_TIM_OC_DelayElapsedCallback
                0x000000000800355a       0x12 Drivers/STM32F1xx_HAL_Driver/Src/stm32f1xx_hal_tim.o
                0x000000000800355a                HAL_TIM_OC_DelayElapsedCallback
 .text.HAL_TIM_IC_CaptureCallback
                0x000000000800356c       0x12 Drivers/STM32F1xx_HAL_Driver/Src/stm32f1xx_hal_tim.o
                0x000000000800356c                HAL_TIM_IC_CaptureCallback
 .text.HAL_TIM_PWM_PulseFinishedCallback
                0x000000000800357e       0x12 Drivers/STM32F1xx_HAL_Driver/Src/stm32f1xx_hal_tim.o
                0x000000000800357e                HAL_TIM_PWM_PulseFinishedCallback
 .text.HAL_TIM_TriggerCallback
                0x0000000008003590       0x12 Drivers/STM32F1xx_HAL_Driver/Src/stm32f1xx_hal_tim.o
                0x0000000008003590                HAL_TIM_TriggerCallback
 *fill*         0x00000000080035a2        0x2 
 .text.TIM_Base_SetConfig
                0x00000000080035a4       0xcc Drivers/STM32F1xx_HAL_Driver/Src/stm32f1xx_hal_tim.o
                0x00000000080035a4                TIM_Base_SetConfig
 .text.TIM_TI1_ConfigInputStage
                0x0000000008003670       0x64 Drivers/STM32F1xx_HAL_Driver/Src/stm32f1xx_hal_tim.o
 .text.TIM_TI2_ConfigInputStage
                0x00000000080036d4       0x66 Drivers/STM32F1xx_HAL_Driver/Src/stm32f1xx_hal_tim.o
 .text.TIM_ITRx_SetConfig
                0x000000000800373a       0x3e Drivers/STM32F1xx_HAL_Driver/Src/stm32f1xx_hal_tim.o
 .text.TIM_ETR_SetConfig
                0x0000000008003778       0x42 Drivers/STM32F1xx_HAL_Driver/Src/stm32f1xx_hal_tim.o
 .text.HAL_TIMEx_MasterConfigSynchronization
                0x00000000080037ba       0x88 Drivers/STM32F1xx_HAL_Driver/Src/stm32f1xx_hal_tim_ex.o
                0x00000000080037ba                HAL_TIMEx_MasterConfigSynchronization
 .text.HAL_TIMEx_CommutationCallback
                0x0000000008003842       0x12 Drivers/STM32F1xx_HAL_Driver/Src/stm32f1xx_hal_tim_ex.o
                0x0000000008003842                HAL_TIMEx_CommutationCallback
 .text.HAL_TIMEx_BreakCallback
                0x0000000008003854       0x12 Drivers/STM32F1xx_HAL_Driver/Src/stm32f1xx_hal_tim_ex.o
                0x0000000008003854                HAL_TIMEx_BreakCallback
 .text.HAL_UART_Init
                0x0000000008003866       0x9a Drivers/STM32F1xx_HAL_Driver/Src/stm32f1xx_hal_uart.o
                0x0000000008003866                HAL_UART_Init
 .text.HAL_UART_Transmit
                0x0000000008003900      0x130 Drivers/STM32F1xx_HAL_Driver/Src/stm32f1xx_hal_uart.o
                0x0000000008003900                HAL_UART_Transmit
 .text.UART_WaitOnFlagUntilTimeout
                0x0000000008003a30       0x94 Drivers/STM32F1xx_HAL_Driver/Src/stm32f1xx_hal_uart.o
 .text.UART_SetConfig
                0x0000000008003ac4      0x230 Drivers/STM32F1xx_HAL_Driver/Src/stm32f1xx_hal_uart.o
 .text.NRF24_DelayMicroSeconds
                0x0000000008003cf4       0x40 Src/MY_NRF24.o
                0x0000000008003cf4                NRF24_DelayMicroSeconds
 .text.NRF24_csn
                0x0000000008003d34       0x40 Src/MY_NRF24.o
                0x0000000008003d34                NRF24_csn
 .text.NRF24_ce
                0x0000000008003d74       0x40 Src/MY_NRF24.o
                0x0000000008003d74                NRF24_ce
 .text.NRF24_read_register
                0x0000000008003db4       0x50 Src/MY_NRF24.o
                0x0000000008003db4                NRF24_read_register
 .text.NRF24_read_registerN
                0x0000000008003e04       0x50 Src/MY_NRF24.o
                0x0000000008003e04                NRF24_read_registerN
 .text.NRF24_write_register
                0x0000000008003e54       0x44 Src/MY_NRF24.o
                0x0000000008003e54                NRF24_write_register
 .text.NRF24_write_registerN
                0x0000000008003e98       0x50 Src/MY_NRF24.o
                0x0000000008003e98                NRF24_write_registerN
 .text.NRF24_write_payload
                0x0000000008003ee8       0x44 Src/MY_NRF24.o
                0x0000000008003ee8                NRF24_write_payload
 .text.NRF24_flush_tx
                0x0000000008003f2c       0x10 Src/MY_NRF24.o
                0x0000000008003f2c                NRF24_flush_tx
 .text.NRF24_flush_rx
                0x0000000008003f3c       0x10 Src/MY_NRF24.o
                0x0000000008003f3c                NRF24_flush_rx
 .text.NRF24_get_status
                0x0000000008003f4c       0x1a Src/MY_NRF24.o
                0x0000000008003f4c                NRF24_get_status
 *fill*         0x0000000008003f66        0x2 
 .text.NRF24_begin
                0x0000000008003f68      0x1c0 Src/MY_NRF24.o
                0x0000000008003f68                NRF24_begin
 .text.NRF24_stopListening
                0x0000000008004128       0x16 Src/MY_NRF24.o
                0x0000000008004128                NRF24_stopListening
 *fill*         0x000000000800413e        0x2 
 .text.NRF24_write
                0x0000000008004140       0x98 Src/MY_NRF24.o
                0x0000000008004140                NRF24_write
 .text.NRF24_available
                0x00000000080041d8       0x10 Src/MY_NRF24.o
                0x00000000080041d8                NRF24_available
 .text.NRF24_openWritingPipe
                0x00000000080041e8       0x48 Src/MY_NRF24.o
                0x00000000080041e8                NRF24_openWritingPipe
 .text.NRF24_setRetries
                0x0000000008004230       0x36 Src/MY_NRF24.o
                0x0000000008004230                NRF24_setRetries
 .text.NRF24_setChannel
                0x0000000008004266       0x2a Src/MY_NRF24.o
                0x0000000008004266                NRF24_setChannel
 .text.NRF24_setPayloadSize
                0x0000000008004290       0x2c Src/MY_NRF24.o
                0x0000000008004290                NRF24_setPayloadSize
 .text.NRF24_getDynamicPayloadSize
                0x00000000080042bc       0x10 Src/MY_NRF24.o
                0x00000000080042bc                NRF24_getDynamicPayloadSize
 .text.NRF24_disableDynamicPayloads
                0x00000000080042cc       0x30 Src/MY_NRF24.o
                0x00000000080042cc                NRF24_disableDynamicPayloads
 .text.NRF24_setPALevel
                0x00000000080042fc       0x72 Src/MY_NRF24.o
                0x00000000080042fc                NRF24_setPALevel
 *fill*         0x000000000800436e        0x2 
 .text.NRF24_setDataRate
                0x0000000008004370       0x8c Src/MY_NRF24.o
                0x0000000008004370                NRF24_setDataRate
 .text.NRF24_setCRCLength
                0x00000000080043fc       0x50 Src/MY_NRF24.o
                0x00000000080043fc                NRF24_setCRCLength
 .text.NRF24_powerDown
                0x000000000800444c       0x1e Src/MY_NRF24.o
                0x000000000800444c                NRF24_powerDown
 .text.NRF24_availablePipe
                0x000000000800446a       0x60 Src/MY_NRF24.o
                0x000000000800446a                NRF24_availablePipe
 .text.NRF24_startWrite
                0x00000000080044ca       0x52 Src/MY_NRF24.o
                0x00000000080044ca                NRF24_startWrite
 .text.NRF24_whatHappened
                0x000000000800451c       0x66 Src/MY_NRF24.o
                0x000000000800451c                NRF24_whatHappened
 .text.NRF24_resetStatus
                0x0000000008004582       0x10 Src/MY_NRF24.o
                0x0000000008004582                NRF24_resetStatus
 *fill*         0x0000000008004592        0x2 
 .text.NRF24_ACTIVATE_cmd
                0x0000000008004594       0x34 Src/MY_NRF24.o
                0x0000000008004594                NRF24_ACTIVATE_cmd
 .text.printRadioSettings
                0x00000000080045c8      0x924 Src/MY_NRF24.o
                0x00000000080045c8                printRadioSettings
 .text.nrf24_DebugUART_Init
                0x0000000008004eec       0x38 Src/MY_NRF24.o
                0x0000000008004eec                nrf24_DebugUART_Init
 .text.main     0x0000000008004f24      0x238 Src/main.o
                0x0000000008004f24                main
 .text.SystemClock_Config
                0x000000000800515c       0xb6 Src/main.o
                0x000000000800515c                SystemClock_Config
 *fill*         0x0000000008005212        0x2 
 .text.MX_ADC1_Init
                0x0000000008005214       0x7c Src/main.o
 .text.MX_CAN_Init
                0x0000000008005290       0xfc Src/main.o
 .text.MX_SPI1_Init
                0x000000000800538c       0x6c Src/main.o
 .text.MX_TIM2_Init
                0x00000000080053f8       0x9c Src/main.o
 .text.MX_USART1_UART_Init
                0x0000000008005494       0x54 Src/main.o
 .text.MX_GPIO_Init
                0x00000000080054e8      0x144 Src/main.o
 .text.HAL_TIM_PeriodElapsedCallback
                0x000000000800562c       0x84 Src/main.o
                0x000000000800562c                HAL_TIM_PeriodElapsedCallback
 .text.HAL_CAN_RxFifo0MsgPendingCallback
                0x00000000080056b0       0x30 Src/main.o
                0x00000000080056b0                HAL_CAN_RxFifo0MsgPendingCallback
 .text.Error_Handler
                0x00000000080056e0        0xc Src/main.o
                0x00000000080056e0                Error_Handler
 .text.HAL_MspInit
                0x00000000080056ec       0x44 Src/stm32f1xx_hal_msp.o
                0x00000000080056ec                HAL_MspInit
 .text.HAL_ADC_MspInit
                0x0000000008005730       0x78 Src/stm32f1xx_hal_msp.o
                0x0000000008005730                HAL_ADC_MspInit
 .text.HAL_CAN_MspInit
                0x00000000080057a8       0xd0 Src/stm32f1xx_hal_msp.o
                0x00000000080057a8                HAL_CAN_MspInit
 .text.HAL_SPI_MspInit
                0x0000000008005878       0x94 Src/stm32f1xx_hal_msp.o
                0x0000000008005878                HAL_SPI_MspInit
 .text.HAL_TIM_Base_MspInit
                0x000000000800590c       0x48 Src/stm32f1xx_hal_msp.o
                0x000000000800590c                HAL_TIM_Base_MspInit
 .text.HAL_UART_MspInit
                0x0000000008005954       0x98 Src/stm32f1xx_hal_msp.o
                0x0000000008005954                HAL_UART_MspInit
 .text.NMI_Handler
                0x00000000080059ec        0xc Src/stm32f1xx_it.o
                0x00000000080059ec                NMI_Handler
 .text.HardFault_Handler
                0x00000000080059f8        0x6 Src/stm32f1xx_it.o
                0x00000000080059f8                HardFault_Handler
 .text.MemManage_Handler
                0x00000000080059fe        0x6 Src/stm32f1xx_it.o
                0x00000000080059fe                MemManage_Handler
 .text.BusFault_Handler
                0x0000000008005a04        0x6 Src/stm32f1xx_it.o
                0x0000000008005a04                BusFault_Handler
 .text.UsageFault_Handler
                0x0000000008005a0a        0x6 Src/stm32f1xx_it.o
                0x0000000008005a0a                UsageFault_Handler
 .text.SVC_Handler
                0x0000000008005a10        0xc Src/stm32f1xx_it.o
                0x0000000008005a10                SVC_Handler
 .text.DebugMon_Handler
                0x0000000008005a1c        0xc Src/stm32f1xx_it.o
                0x0000000008005a1c                DebugMon_Handler
 .text.PendSV_Handler
                0x0000000008005a28        0xc Src/stm32f1xx_it.o
                0x0000000008005a28                PendSV_Handler
 .text.SysTick_Handler
                0x0000000008005a34        0xc Src/stm32f1xx_it.o
                0x0000000008005a34                SysTick_Handler
 .text.USB_LP_CAN1_RX0_IRQHandler
                0x0000000008005a40       0x14 Src/stm32f1xx_it.o
                0x0000000008005a40                USB_LP_CAN1_RX0_IRQHandler
 .text.TIM2_IRQHandler
                0x0000000008005a54       0x14 Src/stm32f1xx_it.o
                0x0000000008005a54                TIM2_IRQHandler
 .text._sbrk    0x0000000008005a68       0x58 Src/syscalls.o
                0x0000000008005a68                _sbrk
 .text.SystemInit
                0x0000000008005ac0       0x68 Src/system_stm32f1xx.o
                0x0000000008005ac0                SystemInit
 .text.Reset_Handler
                0x0000000008005b28       0x48 startup/startup_stm32f103xb.o
                0x0000000008005b28                Reset_Handler
 .text.Default_Handler
                0x0000000008005b70        0x2 startup/startup_stm32f103xb.o
                0x0000000008005b70                RTC_Alarm_IRQHandler
                0x0000000008005b70                EXTI2_IRQHandler
                0x0000000008005b70                TIM1_CC_IRQHandler
                0x0000000008005b70                PVD_IRQHandler
                0x0000000008005b70                EXTI3_IRQHandler
                0x0000000008005b70                EXTI0_IRQHandler
                0x0000000008005b70                I2C2_EV_IRQHandler
                0x0000000008005b70                ADC1_2_IRQHandler
                0x0000000008005b70                SPI1_IRQHandler
                0x0000000008005b70                TAMPER_IRQHandler
                0x0000000008005b70                DMA1_Channel4_IRQHandler
                0x0000000008005b70                USART3_IRQHandler
                0x0000000008005b70                RTC_IRQHandler
                0x0000000008005b70                DMA1_Channel7_IRQHandler
                0x0000000008005b70                CAN1_RX1_IRQHandler
                0x0000000008005b70                TIM4_IRQHandler
                0x0000000008005b70                I2C1_EV_IRQHandler
                0x0000000008005b70                DMA1_Channel6_IRQHandler
                0x0000000008005b70                TIM3_IRQHandler
                0x0000000008005b70                RCC_IRQHandler
                0x0000000008005b70                TIM1_TRG_COM_IRQHandler
                0x0000000008005b70                DMA1_Channel1_IRQHandler
                0x0000000008005b70                Default_Handler
                0x0000000008005b70                EXTI15_10_IRQHandler
                0x0000000008005b70                EXTI9_5_IRQHandler
                0x0000000008005b70                SPI2_IRQHandler
                0x0000000008005b70                DMA1_Channel5_IRQHandler
                0x0000000008005b70                EXTI4_IRQHandler
                0x0000000008005b70                USB_HP_CAN1_TX_IRQHandler
                0x0000000008005b70                DMA1_Channel3_IRQHandler
                0x0000000008005b70                TIM1_UP_IRQHandler
                0x0000000008005b70                WWDG_IRQHandler
                0x0000000008005b70                TIM1_BRK_IRQHandler
                0x0000000008005b70                EXTI1_IRQHandler
                0x0000000008005b70                USART2_IRQHandler
                0x0000000008005b70                I2C2_ER_IRQHandler
                0x0000000008005b70                DMA1_Channel2_IRQHandler
                0x0000000008005b70                CAN1_SCE_IRQHandler
                0x0000000008005b70                FLASH_IRQHandler
                0x0000000008005b70                USART1_IRQHandler
                0x0000000008005b70                I2C1_ER_IRQHandler
                0x0000000008005b70                USBWakeUp_IRQHandler
 *fill*         0x0000000008005b72        0x2 
 .text.__errno  0x0000000008005b74        0xc /opt/Atollic_TrueSTUDIO_for_STM32_x86_64_9.3.0/ARMTools/bin/../lib/gcc/arm-atollic-eabi/6.3.1/../../../../arm-atollic-eabi/lib/armv7-m/libc_nano.a(lib_a-errno.o)
                0x0000000008005b74                __errno
 .text.__libc_init_array
                0x0000000008005b80       0x48 /opt/Atollic_TrueSTUDIO_for_STM32_x86_64_9.3.0/ARMTools/bin/../lib/gcc/arm-atollic-eabi/6.3.1/../../../../arm-atollic-eabi/lib/armv7-m/libc_nano.a(lib_a-init.o)
                0x0000000008005b80                __libc_init_array
 .text.memcpy   0x0000000008005bc8       0x16 /opt/Atollic_TrueSTUDIO_for_STM32_x86_64_9.3.0/ARMTools/bin/../lib/gcc/arm-atollic-eabi/6.3.1/../../../../arm-atollic-eabi/lib/armv7-m/libc_nano.a(lib_a-memcpy-stub.o)
                0x0000000008005bc8                memcpy
 .text.memset   0x0000000008005bde       0x10 /opt/Atollic_TrueSTUDIO_for_STM32_x86_64_9.3.0/ARMTools/bin/../lib/gcc/arm-atollic-eabi/6.3.1/../../../../arm-atollic-eabi/lib/armv7-m/libc_nano.a(lib_a-memset.o)
                0x0000000008005bde                memset
 *fill*         0x0000000008005bee        0x2 
 .text.sprintf  0x0000000008005bf0       0x48 /opt/Atollic_TrueSTUDIO_for_STM32_x86_64_9.3.0/ARMTools/bin/../lib/gcc/arm-atollic-eabi/6.3.1/../../../../arm-atollic-eabi/lib/armv7-m/libc_nano.a(lib_a-sprintf.o)
                0x0000000008005bf0                sprintf
                0x0000000008005bf0                siprintf
 .text.__ssputs_r
                0x0000000008005c38       0xb6 /opt/Atollic_TrueSTUDIO_for_STM32_x86_64_9.3.0/ARMTools/bin/../lib/gcc/arm-atollic-eabi/6.3.1/../../../../arm-atollic-eabi/lib/armv7-m/libc_nano.a(lib_a-nano-svfprintf.o)
                0x0000000008005c38                __ssputs_r
 *fill*         0x0000000008005cee        0x2 
 .text._svfprintf_r
                0x0000000008005cf0      0x1e8 /opt/Atollic_TrueSTUDIO_for_STM32_x86_64_9.3.0/ARMTools/bin/../lib/gcc/arm-atollic-eabi/6.3.1/../../../../arm-atollic-eabi/lib/armv7-m/libc_nano.a(lib_a-nano-svfprintf.o)
                0x0000000008005cf0                _svfprintf_r
                0x0000000008005cf0                _svfiprintf_r
 .text._printf_common
                0x0000000008005ed8       0xee /opt/Atollic_TrueSTUDIO_for_STM32_x86_64_9.3.0/ARMTools/bin/../lib/gcc/arm-atollic-eabi/6.3.1/../../../../arm-atollic-eabi/lib/armv7-m/libc_nano.a(lib_a-nano-vfprintf_i.o)
                0x0000000008005ed8                _printf_common
 *fill*         0x0000000008005fc6        0x2 
 .text._printf_i
                0x0000000008005fc8      0x240 /opt/Atollic_TrueSTUDIO_for_STM32_x86_64_9.3.0/ARMTools/bin/../lib/gcc/arm-atollic-eabi/6.3.1/../../../../arm-atollic-eabi/lib/armv7-m/libc_nano.a(lib_a-nano-vfprintf_i.o)
                0x0000000008005fc8                _printf_i
 .text.memchr   0x0000000008006208       0x1c /opt/Atollic_TrueSTUDIO_for_STM32_x86_64_9.3.0/ARMTools/bin/../lib/gcc/arm-atollic-eabi/6.3.1/../../../../arm-atollic-eabi/lib/armv7-m/libc_nano.a(lib_a-memchr-stub.o)
                0x0000000008006208                memchr
 .text.memmove  0x0000000008006224       0x34 /opt/Atollic_TrueSTUDIO_for_STM32_x86_64_9.3.0/ARMTools/bin/../lib/gcc/arm-atollic-eabi/6.3.1/../../../../arm-atollic-eabi/lib/armv7-m/libc_nano.a(lib_a-memmove.o)
                0x0000000008006224                memmove
 .text._free_r  0x0000000008006258       0x98 /opt/Atollic_TrueSTUDIO_for_STM32_x86_64_9.3.0/ARMTools/bin/../lib/gcc/arm-atollic-eabi/6.3.1/../../../../arm-atollic-eabi/lib/armv7-m/libc_nano.a(lib_a-nano-freer.o)
                0x0000000008006258                _free_r
 .text._malloc_r
                0x00000000080062f0       0xbc /opt/Atollic_TrueSTUDIO_for_STM32_x86_64_9.3.0/ARMTools/bin/../lib/gcc/arm-atollic-eabi/6.3.1/../../../../arm-atollic-eabi/lib/armv7-m/libc_nano.a(lib_a-nano-mallocr.o)
                0x00000000080062f0                _malloc_r
 .text._realloc_r
                0x00000000080063ac       0x4c /opt/Atollic_TrueSTUDIO_for_STM32_x86_64_9.3.0/ARMTools/bin/../lib/gcc/arm-atollic-eabi/6.3.1/../../../../arm-atollic-eabi/lib/armv7-m/libc_nano.a(lib_a-nano-reallocr.o)
                0x00000000080063ac                _realloc_r
 .text._sbrk_r  0x00000000080063f8       0x20 /opt/Atollic_TrueSTUDIO_for_STM32_x86_64_9.3.0/ARMTools/bin/../lib/gcc/arm-atollic-eabi/6.3.1/../../../../arm-atollic-eabi/lib/armv7-m/libc_nano.a(lib_a-sbrkr.o)
                0x00000000080063f8                _sbrk_r
 .text.__malloc_lock
                0x0000000008006418        0x2 /opt/Atollic_TrueSTUDIO_for_STM32_x86_64_9.3.0/ARMTools/bin/../lib/gcc/arm-atollic-eabi/6.3.1/../../../../arm-atollic-eabi/lib/armv7-m/libc_nano.a(lib_a-mlock.o)
                0x0000000008006418                __malloc_lock
 .text.__malloc_unlock
                0x000000000800641a        0x2 /opt/Atollic_TrueSTUDIO_for_STM32_x86_64_9.3.0/ARMTools/bin/../lib/gcc/arm-atollic-eabi/6.3.1/../../../../arm-atollic-eabi/lib/armv7-m/libc_nano.a(lib_a-mlock.o)
                0x000000000800641a                __malloc_unlock
 .text._malloc_usable_size_r
                0x000000000800641c       0x12 /opt/Atollic_TrueSTUDIO_for_STM32_x86_64_9.3.0/ARMTools/bin/../lib/gcc/arm-atollic-eabi/6.3.1/../../../../arm-atollic-eabi/lib/armv7-m/libc_nano.a(lib_a-nano-msizer.o)
                0x000000000800641c                _malloc_usable_size_r
 *(.glue_7)
 .glue_7        0x000000000800642e        0x0 linker stubs
 *(.glue_7t)
 .glue_7t       0x000000000800642e        0x0 linker stubs
 *(.eh_frame)
 *fill*         0x000000000800642e        0x2 
 .eh_frame      0x0000000008006430        0x0 /opt/Atollic_TrueSTUDIO_for_STM32_x86_64_9.3.0/ARMTools/bin/../lib/gcc/arm-atollic-eabi/6.3.1/armv7-m/crtbegin.o
 *(.init)
 .init          0x0000000008006430        0x4 /opt/Atollic_TrueSTUDIO_for_STM32_x86_64_9.3.0/ARMTools/bin/../lib/gcc/arm-atollic-eabi/6.3.1/armv7-m/crti.o
                0x0000000008006430                _init
 .init          0x0000000008006434        0x8 /opt/Atollic_TrueSTUDIO_for_STM32_x86_64_9.3.0/ARMTools/bin/../lib/gcc/arm-atollic-eabi/6.3.1/armv7-m/crtn.o
 *(.fini)
 .fini          0x000000000800643c        0x4 /opt/Atollic_TrueSTUDIO_for_STM32_x86_64_9.3.0/ARMTools/bin/../lib/gcc/arm-atollic-eabi/6.3.1/armv7-m/crti.o
                0x000000000800643c                _fini
 .fini          0x0000000008006440        0x8 /opt/Atollic_TrueSTUDIO_for_STM32_x86_64_9.3.0/ARMTools/bin/../lib/gcc/arm-atollic-eabi/6.3.1/armv7-m/crtn.o
                0x0000000008006448                . = ALIGN (0x4)
                0x0000000008006448                _etext = .

.vfp11_veneer   0x0000000008006448        0x0
 .vfp11_veneer  0x0000000008006448        0x0 linker stubs

.v4_bx          0x0000000008006448        0x0
 .v4_bx         0x0000000008006448        0x0 linker stubs

.iplt           0x0000000008006448        0x0
 .iplt          0x0000000008006448        0x0 /opt/Atollic_TrueSTUDIO_for_STM32_x86_64_9.3.0/ARMTools/bin/../lib/gcc/arm-atollic-eabi/6.3.1/armv7-m/crtbegin.o

.rodata         0x0000000008006448      0x5c0
                0x0000000008006448                . = ALIGN (0x4)
 *(.rodata)
 .rodata        0x0000000008006448       0x12 Drivers/STM32F1xx_HAL_Driver/Src/stm32f1xx_hal_rcc.o
 *fill*         0x000000000800645a        0x2 
 .rodata        0x000000000800645c       0x12 Drivers/STM32F1xx_HAL_Driver/Src/stm32f1xx_hal_rcc_ex.o
 *fill*         0x000000000800646e        0x2 
 .rodata        0x0000000008006470      0x541 Src/MY_NRF24.o
 *fill*         0x00000000080069b1        0x3 
 .rodata        0x00000000080069b4        0x5 Src/main.o
 *(.rodata*)
 *fill*         0x00000000080069b9        0x3 
 .rodata.AHBPrescTable
                0x00000000080069bc       0x10 Src/system_stm32f1xx.o
                0x00000000080069bc                AHBPrescTable
 .rodata.APBPrescTable
                0x00000000080069cc        0x8 Src/system_stm32f1xx.o
                0x00000000080069cc                APBPrescTable
 .rodata._svfprintf_r.str1.1
                0x00000000080069d4       0x11 /opt/Atollic_TrueSTUDIO_for_STM32_x86_64_9.3.0/ARMTools/bin/../lib/gcc/arm-atollic-eabi/6.3.1/../../../../arm-atollic-eabi/lib/armv7-m/libc_nano.a(lib_a-nano-svfprintf.o)
 .rodata._printf_i.str1.1
                0x00000000080069e5       0x22 /opt/Atollic_TrueSTUDIO_for_STM32_x86_64_9.3.0/ARMTools/bin/../lib/gcc/arm-atollic-eabi/6.3.1/../../../../arm-atollic-eabi/lib/armv7-m/libc_nano.a(lib_a-nano-vfprintf_i.o)
                0x0000000008006a08                . = ALIGN (0x4)
 *fill*         0x0000000008006a07        0x1 

.rel.dyn        0x0000000008006a08        0x0
 .rel.iplt      0x0000000008006a08        0x0 /opt/Atollic_TrueSTUDIO_for_STM32_x86_64_9.3.0/ARMTools/bin/../lib/gcc/arm-atollic-eabi/6.3.1/armv7-m/crtbegin.o

.ARM.extab
 *(.ARM.extab* .gnu.linkonce.armextab.*)

.ARM            0x0000000008006a08        0x0
                0x0000000008006a08                __exidx_start = .
 *(.ARM.exidx*)
                0x0000000008006a08                __exidx_end = .

.preinit_array  0x0000000008006a08        0x0
                0x0000000008006a08                PROVIDE (__preinit_array_start, .)
 *(.preinit_array*)
                0x0000000008006a08                PROVIDE (__preinit_array_end, .)

.init_array     0x0000000008006a08        0x4
                0x0000000008006a08                PROVIDE (__init_array_start, .)
 *(SORT(.init_array.*))
 *(.init_array*)
 .init_array    0x0000000008006a08        0x4 /opt/Atollic_TrueSTUDIO_for_STM32_x86_64_9.3.0/ARMTools/bin/../lib/gcc/arm-atollic-eabi/6.3.1/armv7-m/crtbegin.o
                0x0000000008006a0c                PROVIDE (__init_array_end, .)

.fini_array     0x0000000008006a0c        0x4
                [!provide]                        PROVIDE (__fini_array_start, .)
 *(SORT(.fini_array.*))
 *(.fini_array*)
 .fini_array    0x0000000008006a0c        0x4 /opt/Atollic_TrueSTUDIO_for_STM32_x86_64_9.3.0/ARMTools/bin/../lib/gcc/arm-atollic-eabi/6.3.1/armv7-m/crtbegin.o
                [!provide]                        PROVIDE (__fini_array_end, .)
                0x0000000008006a10                _sidata = LOADADDR (.data)

.data           0x0000000020000000       0x78 load address 0x0000000008006a10
                0x0000000020000000                . = ALIGN (0x4)
                0x0000000020000000                _sdata = .
 *(.data)
 *(.data*)
 .data.uwTickPrio
                0x0000000020000000        0x4 Drivers/STM32F1xx_HAL_Driver/Src/stm32f1xx_hal.o
                0x0000000020000000                uwTickPrio
 .data.uwTickFreq
                0x0000000020000004        0x1 Drivers/STM32F1xx_HAL_Driver/Src/stm32f1xx_hal.o
                0x0000000020000004                uwTickFreq
 *fill*         0x0000000020000005        0x3 
 .data.TxpipeAddrs
                0x0000000020000008        0x8 Src/main.o
                0x0000000020000008                TxpipeAddrs
 .data.SystemCoreClock
                0x0000000020000010        0x4 Src/system_stm32f1xx.o
                0x0000000020000010                SystemCoreClock
 .data._impure_ptr
                0x0000000020000014        0x4 /opt/Atollic_TrueSTUDIO_for_STM32_x86_64_9.3.0/ARMTools/bin/../lib/gcc/arm-atollic-eabi/6.3.1/../../../../arm-atollic-eabi/lib/armv7-m/libc_nano.a(lib_a-impure.o)
                0x0000000020000014                _impure_ptr
 .data.impure_data
                0x0000000020000018       0x60 /opt/Atollic_TrueSTUDIO_for_STM32_x86_64_9.3.0/ARMTools/bin/../lib/gcc/arm-atollic-eabi/6.3.1/../../../../arm-atollic-eabi/lib/armv7-m/libc_nano.a(lib_a-impure.o)
                0x0000000020000078                . = ALIGN (0x4)
                0x0000000020000078                _edata = .

.igot.plt       0x0000000020000078        0x0 load address 0x0000000008006a88
 .igot.plt      0x0000000020000078        0x0 /opt/Atollic_TrueSTUDIO_for_STM32_x86_64_9.3.0/ARMTools/bin/../lib/gcc/arm-atollic-eabi/6.3.1/armv7-m/crtbegin.o
                0x0000000020000078                . = ALIGN (0x4)

.bss            0x0000000020000078      0x27c load address 0x0000000008006a88
                0x0000000020000078                _sbss = .
                0x0000000020000078                __bss_start__ = _sbss
 *(.bss)
 .bss           0x0000000020000078       0x1c /opt/Atollic_TrueSTUDIO_for_STM32_x86_64_9.3.0/ARMTools/bin/../lib/gcc/arm-atollic-eabi/6.3.1/armv7-m/crtbegin.o
 *(.bss*)
 .bss.ack_payload_available
                0x0000000020000094        0x1 Src/MY_NRF24.o
 .bss.ack_payload_length
                0x0000000020000095        0x1 Src/MY_NRF24.o
 .bss.payload_size
                0x0000000020000096        0x1 Src/MY_NRF24.o
 .bss.dynamic_payloads_enabled
                0x0000000020000097        0x1 Src/MY_NRF24.o
 .bss.wide_band
                0x0000000020000098        0x1 Src/MY_NRF24.o
 *fill*         0x0000000020000099        0x3 
 .bss.nrf24_PORT
                0x000000002000009c        0x4 Src/MY_NRF24.o
 .bss.nrf24_CSN_PIN
                0x00000000200000a0        0x2 Src/MY_NRF24.o
 .bss.nrf24_CE_PIN
                0x00000000200000a2        0x2 Src/MY_NRF24.o
 .bss.nrf24_hspi
                0x00000000200000a4       0x58 Src/MY_NRF24.o
 .bss.nrf24_huart
                0x00000000200000fc       0x40 Src/MY_NRF24.o
 .bss.TxHeader  0x000000002000013c       0x18 Src/main.o
 .bss.RxHeader  0x0000000020000154       0x1c Src/main.o
 .bss.cont      0x0000000020000170        0x4 Src/main.o
                0x0000000020000170                cont
 .bss.heap_end.5887
                0x0000000020000174        0x4 Src/syscalls.o
 .bss.__malloc_free_list
                0x0000000020000178        0x4 /opt/Atollic_TrueSTUDIO_for_STM32_x86_64_9.3.0/ARMTools/bin/../lib/gcc/arm-atollic-eabi/6.3.1/../../../../arm-atollic-eabi/lib/armv7-m/libc_nano.a(lib_a-nano-mallocr.o)
                0x0000000020000178                __malloc_free_list
 .bss.__malloc_sbrk_start
                0x000000002000017c        0x4 /opt/Atollic_TrueSTUDIO_for_STM32_x86_64_9.3.0/ARMTools/bin/../lib/gcc/arm-atollic-eabi/6.3.1/../../../../arm-atollic-eabi/lib/armv7-m/libc_nano.a(lib_a-nano-mallocr.o)
                0x000000002000017c                __malloc_sbrk_start
 *(COMMON)
 COMMON         0x0000000020000180        0x4 Drivers/STM32F1xx_HAL_Driver/Src/stm32f1xx_hal.o
                0x0000000020000180                uwTick
 COMMON         0x0000000020000184      0x16c Src/main.o
                0x0000000020000184                myTxData
                0x00000000200001a4                hcan
                0x00000000200001cc                hadc1
                0x00000000200001fc                huart1
                0x000000002000023c                corrente
                0x0000000020000240                TxData
                0x0000000020000248                TxMailbox
                0x000000002000024c                hspi1
                0x00000000200002a4                RxData
                0x00000000200002ac                htim2
                0x00000000200002ec                u
 COMMON         0x00000000200002f0        0x4 /opt/Atollic_TrueSTUDIO_for_STM32_x86_64_9.3.0/ARMTools/bin/../lib/gcc/arm-atollic-eabi/6.3.1/../../../../arm-atollic-eabi/lib/armv7-m/libc_nano.a(lib_a-reent.o)
                0x00000000200002f0                errno
                0x00000000200002f4                . = ALIGN (0x4)
                0x00000000200002f4                _ebss = .
                0x00000000200002f4                __bss_end__ = _ebss

._user_heap_stack
                0x00000000200002f4      0x600 load address 0x0000000008006a88
                0x00000000200002f4                . = ALIGN (0x4)
                0x00000000200002f4                PROVIDE (end, .)
                [!provide]                        PROVIDE (_end, .)
                0x00000000200004f4                . = (. + _Min_Heap_Size)
 *fill*         0x00000000200002f4      0x200 
                0x00000000200008f4                . = (. + _Min_Stack_Size)
 *fill*         0x00000000200004f4      0x400 
                0x00000000200008f4                . = ALIGN (0x4)

/DISCARD/
 libc.a(*)
 libm.a(*)
 libgcc.a(*)

.ARM.attributes
                0x0000000000000000       0x29
 *(.ARM.attributes)
 .ARM.attributes
                0x0000000000000000       0x1d /opt/Atollic_TrueSTUDIO_for_STM32_x86_64_9.3.0/ARMTools/bin/../lib/gcc/arm-atollic-eabi/6.3.1/armv7-m/crti.o
 .ARM.attributes
                0x000000000000001d       0x2d /opt/Atollic_TrueSTUDIO_for_STM32_x86_64_9.3.0/ARMTools/bin/../lib/gcc/arm-atollic-eabi/6.3.1/armv7-m/crtbegin.o
 .ARM.attributes
                0x000000000000004a       0x33 Drivers/STM32F1xx_HAL_Driver/Src/stm32f1xx_hal.o
 .ARM.attributes
                0x000000000000007d       0x33 Drivers/STM32F1xx_HAL_Driver/Src/stm32f1xx_hal_adc.o
 .ARM.attributes
                0x00000000000000b0       0x33 Drivers/STM32F1xx_HAL_Driver/Src/stm32f1xx_hal_can.o
 .ARM.attributes
                0x00000000000000e3       0x33 Drivers/STM32F1xx_HAL_Driver/Src/stm32f1xx_hal_cortex.o
 .ARM.attributes
                0x0000000000000116       0x33 Drivers/STM32F1xx_HAL_Driver/Src/stm32f1xx_hal_gpio.o
 .ARM.attributes
                0x0000000000000149       0x33 Drivers/STM32F1xx_HAL_Driver/Src/stm32f1xx_hal_rcc.o
 .ARM.attributes
                0x000000000000017c       0x33 Drivers/STM32F1xx_HAL_Driver/Src/stm32f1xx_hal_rcc_ex.o
 .ARM.attributes
                0x00000000000001af       0x33 Drivers/STM32F1xx_HAL_Driver/Src/stm32f1xx_hal_spi.o
 .ARM.attributes
                0x00000000000001e2       0x33 Drivers/STM32F1xx_HAL_Driver/Src/stm32f1xx_hal_spi_ex.o
 .ARM.attributes
                0x0000000000000215       0x33 Drivers/STM32F1xx_HAL_Driver/Src/stm32f1xx_hal_tim.o
 .ARM.attributes
                0x0000000000000248       0x33 Drivers/STM32F1xx_HAL_Driver/Src/stm32f1xx_hal_tim_ex.o
 .ARM.attributes
                0x000000000000027b       0x33 Drivers/STM32F1xx_HAL_Driver/Src/stm32f1xx_hal_uart.o
 .ARM.attributes
                0x00000000000002ae       0x33 Src/MY_NRF24.o
 .ARM.attributes
                0x00000000000002e1       0x33 Src/main.o
 .ARM.attributes
                0x0000000000000314       0x33 Src/stm32f1xx_hal_msp.o
 .ARM.attributes
                0x0000000000000347       0x33 Src/stm32f1xx_it.o
 .ARM.attributes
                0x000000000000037a       0x33 Src/syscalls.o
 .ARM.attributes
                0x00000000000003ad       0x33 Src/system_stm32f1xx.o
 .ARM.attributes
                0x00000000000003e0       0x21 startup/startup_stm32f103xb.o
 .ARM.attributes
                0x0000000000000401       0x2d /opt/Atollic_TrueSTUDIO_for_STM32_x86_64_9.3.0/ARMTools/bin/../lib/gcc/arm-atollic-eabi/6.3.1/../../../../arm-atollic-eabi/lib/armv7-m/libc_nano.a(lib_a-errno.o)
 .ARM.attributes
                0x000000000000042e       0x2d /opt/Atollic_TrueSTUDIO_for_STM32_x86_64_9.3.0/ARMTools/bin/../lib/gcc/arm-atollic-eabi/6.3.1/../../../../arm-atollic-eabi/lib/armv7-m/libc_nano.a(lib_a-impure.o)
 .ARM.attributes
                0x000000000000045b       0x2d /opt/Atollic_TrueSTUDIO_for_STM32_x86_64_9.3.0/ARMTools/bin/../lib/gcc/arm-atollic-eabi/6.3.1/../../../../arm-atollic-eabi/lib/armv7-m/libc_nano.a(lib_a-init.o)
 .ARM.attributes
                0x0000000000000488       0x2d /opt/Atollic_TrueSTUDIO_for_STM32_x86_64_9.3.0/ARMTools/bin/../lib/gcc/arm-atollic-eabi/6.3.1/../../../../arm-atollic-eabi/lib/armv7-m/libc_nano.a(lib_a-memcpy-stub.o)
 .ARM.attributes
                0x00000000000004b5       0x2d /opt/Atollic_TrueSTUDIO_for_STM32_x86_64_9.3.0/ARMTools/bin/../lib/gcc/arm-atollic-eabi/6.3.1/../../../../arm-atollic-eabi/lib/armv7-m/libc_nano.a(lib_a-memset.o)
 .ARM.attributes
                0x00000000000004e2       0x2d /opt/Atollic_TrueSTUDIO_for_STM32_x86_64_9.3.0/ARMTools/bin/../lib/gcc/arm-atollic-eabi/6.3.1/../../../../arm-atollic-eabi/lib/armv7-m/libc_nano.a(lib_a-sprintf.o)
 .ARM.attributes
                0x000000000000050f       0x17 /opt/Atollic_TrueSTUDIO_for_STM32_x86_64_9.3.0/ARMTools/bin/../lib/gcc/arm-atollic-eabi/6.3.1/../../../../arm-atollic-eabi/lib/armv7-m/libc_nano.a(lib_a-strlen.o)
 .ARM.attributes
                0x0000000000000526       0x2d /opt/Atollic_TrueSTUDIO_for_STM32_x86_64_9.3.0/ARMTools/bin/../lib/gcc/arm-atollic-eabi/6.3.1/../../../../arm-atollic-eabi/lib/armv7-m/libc_nano.a(lib_a-nano-svfprintf.o)
 .ARM.attributes
                0x0000000000000553       0x2d /opt/Atollic_TrueSTUDIO_for_STM32_x86_64_9.3.0/ARMTools/bin/../lib/gcc/arm-atollic-eabi/6.3.1/../../../../arm-atollic-eabi/lib/armv7-m/libc_nano.a(lib_a-nano-vfprintf_i.o)
 .ARM.attributes
                0x0000000000000580       0x2d /opt/Atollic_TrueSTUDIO_for_STM32_x86_64_9.3.0/ARMTools/bin/../lib/gcc/arm-atollic-eabi/6.3.1/../../../../arm-atollic-eabi/lib/armv7-m/libc_nano.a(lib_a-memchr-stub.o)
 .ARM.attributes
                0x00000000000005ad       0x2d /opt/Atollic_TrueSTUDIO_for_STM32_x86_64_9.3.0/ARMTools/bin/../lib/gcc/arm-atollic-eabi/6.3.1/../../../../arm-atollic-eabi/lib/armv7-m/libc_nano.a(lib_a-memmove.o)
 .ARM.attributes
                0x00000000000005da       0x2d /opt/Atollic_TrueSTUDIO_for_STM32_x86_64_9.3.0/ARMTools/bin/../lib/gcc/arm-atollic-eabi/6.3.1/../../../../arm-atollic-eabi/lib/armv7-m/libc_nano.a(lib_a-nano-freer.o)
 .ARM.attributes
                0x0000000000000607       0x2d /opt/Atollic_TrueSTUDIO_for_STM32_x86_64_9.3.0/ARMTools/bin/../lib/gcc/arm-atollic-eabi/6.3.1/../../../../arm-atollic-eabi/lib/armv7-m/libc_nano.a(lib_a-nano-mallocr.o)
 .ARM.attributes
                0x0000000000000634       0x2d /opt/Atollic_TrueSTUDIO_for_STM32_x86_64_9.3.0/ARMTools/bin/../lib/gcc/arm-atollic-eabi/6.3.1/../../../../arm-atollic-eabi/lib/armv7-m/libc_nano.a(lib_a-nano-reallocr.o)
 .ARM.attributes
                0x0000000000000661       0x2d /opt/Atollic_TrueSTUDIO_for_STM32_x86_64_9.3.0/ARMTools/bin/../lib/gcc/arm-atollic-eabi/6.3.1/../../../../arm-atollic-eabi/lib/armv7-m/libc_nano.a(lib_a-sbrkr.o)
 .ARM.attributes
                0x000000000000068e       0x2d /opt/Atollic_TrueSTUDIO_for_STM32_x86_64_9.3.0/ARMTools/bin/../lib/gcc/arm-atollic-eabi/6.3.1/../../../../arm-atollic-eabi/lib/armv7-m/libc_nano.a(lib_a-mlock.o)
 .ARM.attributes
                0x00000000000006bb       0x2d /opt/Atollic_TrueSTUDIO_for_STM32_x86_64_9.3.0/ARMTools/bin/../lib/gcc/arm-atollic-eabi/6.3.1/../../../../arm-atollic-eabi/lib/armv7-m/libc_nano.a(lib_a-nano-msizer.o)
 .ARM.attributes
                0x00000000000006e8       0x2d /opt/Atollic_TrueSTUDIO_for_STM32_x86_64_9.3.0/ARMTools/bin/../lib/gcc/arm-atollic-eabi/6.3.1/../../../../arm-atollic-eabi/lib/armv7-m/libc_nano.a(lib_a-reent.o)
 .ARM.attributes
                0x0000000000000715       0x1d /opt/Atollic_TrueSTUDIO_for_STM32_x86_64_9.3.0/ARMTools/bin/../lib/gcc/arm-atollic-eabi/6.3.1/armv7-m/crtn.o
OUTPUT(Modulo_Energia_V12.elf elf32-littlearm)

.debug_info     0x0000000000000000    0x1896f
 .debug_info    0x0000000000000000      0xefa Drivers/STM32F1xx_HAL_Driver/Src/stm32f1xx_hal.o
 .debug_info    0x0000000000000efa     0x145f Drivers/STM32F1xx_HAL_Driver/Src/stm32f1xx_hal_adc.o
 .debug_info    0x0000000000002359     0x17b1 Drivers/STM32F1xx_HAL_Driver/Src/stm32f1xx_hal_can.o
 .debug_info    0x0000000000003b0a     0x1349 Drivers/STM32F1xx_HAL_Driver/Src/stm32f1xx_hal_cortex.o
 .debug_info    0x0000000000004e53      0xeac Drivers/STM32F1xx_HAL_Driver/Src/stm32f1xx_hal_gpio.o
 .debug_info    0x0000000000005cff     0x1028 Drivers/STM32F1xx_HAL_Driver/Src/stm32f1xx_hal_rcc.o
 .debug_info    0x0000000000006d27      0xc4a Drivers/STM32F1xx_HAL_Driver/Src/stm32f1xx_hal_rcc_ex.o
 .debug_info    0x0000000000007971     0x1c87 Drivers/STM32F1xx_HAL_Driver/Src/stm32f1xx_hal_spi.o
 .debug_info    0x00000000000095f8      0xe44 Drivers/STM32F1xx_HAL_Driver/Src/stm32f1xx_hal_spi_ex.o
 .debug_info    0x000000000000a43c     0x2a11 Drivers/STM32F1xx_HAL_Driver/Src/stm32f1xx_hal_tim.o
 .debug_info    0x000000000000ce4d     0x17c1 Drivers/STM32F1xx_HAL_Driver/Src/stm32f1xx_hal_tim_ex.o
 .debug_info    0x000000000000e60e     0x19dd Drivers/STM32F1xx_HAL_Driver/Src/stm32f1xx_hal_uart.o
 .debug_info    0x000000000000ffeb     0x1cf9 Src/MY_NRF24.o
 .debug_info    0x0000000000011ce4     0x207c Src/main.o
 .debug_info    0x0000000000013d60     0x1dbb Src/stm32f1xx_hal_msp.o
 .debug_info    0x0000000000015b1b     0x1262 Src/stm32f1xx_it.o
 .debug_info    0x0000000000016d7d      0xf16 Src/syscalls.o
 .debug_info    0x0000000000017c93      0xc4a Src/system_stm32f1xx.o
 .debug_info    0x00000000000188dd       0x92 startup/startup_stm32f103xb.o

.debug_abbrev   0x0000000000000000     0x2d35
 .debug_abbrev  0x0000000000000000      0x2b8 Drivers/STM32F1xx_HAL_Driver/Src/stm32f1xx_hal.o
 .debug_abbrev  0x00000000000002b8      0x232 Drivers/STM32F1xx_HAL_Driver/Src/stm32f1xx_hal_adc.o
 .debug_abbrev  0x00000000000004ea      0x2cb Drivers/STM32F1xx_HAL_Driver/Src/stm32f1xx_hal_can.o
 .debug_abbrev  0x00000000000007b5      0x368 Drivers/STM32F1xx_HAL_Driver/Src/stm32f1xx_hal_cortex.o
 .debug_abbrev  0x0000000000000b1d      0x24c Drivers/STM32F1xx_HAL_Driver/Src/stm32f1xx_hal_gpio.o
 .debug_abbrev  0x0000000000000d69      0x2e6 Drivers/STM32F1xx_HAL_Driver/Src/stm32f1xx_hal_rcc.o
 .debug_abbrev  0x000000000000104f      0x223 Drivers/STM32F1xx_HAL_Driver/Src/stm32f1xx_hal_rcc_ex.o
 .debug_abbrev  0x0000000000001272      0x2ac Drivers/STM32F1xx_HAL_Driver/Src/stm32f1xx_hal_spi.o
 .debug_abbrev  0x000000000000151e      0x1b0 Drivers/STM32F1xx_HAL_Driver/Src/stm32f1xx_hal_spi_ex.o
 .debug_abbrev  0x00000000000016ce      0x2ab Drivers/STM32F1xx_HAL_Driver/Src/stm32f1xx_hal_tim.o
 .debug_abbrev  0x0000000000001979      0x288 Drivers/STM32F1xx_HAL_Driver/Src/stm32f1xx_hal_tim_ex.o
 .debug_abbrev  0x0000000000001c01      0x2ae Drivers/STM32F1xx_HAL_Driver/Src/stm32f1xx_hal_uart.o
 .debug_abbrev  0x0000000000001eaf      0x31a Src/MY_NRF24.o
 .debug_abbrev  0x00000000000021c9      0x2ab Src/main.o
 .debug_abbrev  0x0000000000002474      0x264 Src/stm32f1xx_hal_msp.o
 .debug_abbrev  0x00000000000026d8      0x1ef Src/stm32f1xx_it.o
 .debug_abbrev  0x00000000000028c7      0x271 Src/syscalls.o
 .debug_abbrev  0x0000000000002b38      0x1eb Src/system_stm32f1xx.o
 .debug_abbrev  0x0000000000002d23       0x12 startup/startup_stm32f103xb.o

.debug_aranges  0x0000000000000000     0x1190
 .debug_aranges
                0x0000000000000000       0xd0 Drivers/STM32F1xx_HAL_Driver/Src/stm32f1xx_hal.o
 .debug_aranges
                0x00000000000000d0       0xf0 Drivers/STM32F1xx_HAL_Driver/Src/stm32f1xx_hal_adc.o
 .debug_aranges
                0x00000000000001c0      0x138 Drivers/STM32F1xx_HAL_Driver/Src/stm32f1xx_hal_can.o
 .debug_aranges
                0x00000000000002f8      0x100 Drivers/STM32F1xx_HAL_Driver/Src/stm32f1xx_hal_cortex.o
 .debug_aranges
                0x00000000000003f8       0x58 Drivers/STM32F1xx_HAL_Driver/Src/stm32f1xx_hal_gpio.o
 .debug_aranges
                0x0000000000000450       0x90 Drivers/STM32F1xx_HAL_Driver/Src/stm32f1xx_hal_rcc.o
 .debug_aranges
                0x00000000000004e0       0x30 Drivers/STM32F1xx_HAL_Driver/Src/stm32f1xx_hal_rcc_ex.o
 .debug_aranges
                0x0000000000000510      0x1d0 Drivers/STM32F1xx_HAL_Driver/Src/stm32f1xx_hal_spi.o
 .debug_aranges
                0x00000000000006e0       0x20 Drivers/STM32F1xx_HAL_Driver/Src/stm32f1xx_hal_spi_ex.o
 .debug_aranges
                0x0000000000000700      0x368 Drivers/STM32F1xx_HAL_Driver/Src/stm32f1xx_hal_tim.o
 .debug_aranges
                0x0000000000000a68      0x138 Drivers/STM32F1xx_HAL_Driver/Src/stm32f1xx_hal_tim_ex.o
 .debug_aranges
                0x0000000000000ba0      0x1d0 Drivers/STM32F1xx_HAL_Driver/Src/stm32f1xx_hal_uart.o
 .debug_aranges
                0x0000000000000d70      0x1d0 Src/MY_NRF24.o
 .debug_aranges
                0x0000000000000f40       0x70 Src/main.o
 .debug_aranges
                0x0000000000000fb0       0x70 Src/stm32f1xx_hal_msp.o
 .debug_aranges
                0x0000000000001020       0x70 Src/stm32f1xx_it.o
 .debug_aranges
                0x0000000000001090       0xb0 Src/syscalls.o
 .debug_aranges
                0x0000000000001140       0x28 Src/system_stm32f1xx.o
 .debug_aranges
                0x0000000000001168       0x28 startup/startup_stm32f103xb.o

.debug_ranges   0x0000000000000000     0x1068
 .debug_ranges  0x0000000000000000       0xc0 Drivers/STM32F1xx_HAL_Driver/Src/stm32f1xx_hal.o
 .debug_ranges  0x00000000000000c0       0xe0 Drivers/STM32F1xx_HAL_Driver/Src/stm32f1xx_hal_adc.o
 .debug_ranges  0x00000000000001a0      0x128 Drivers/STM32F1xx_HAL_Driver/Src/stm32f1xx_hal_can.o
 .debug_ranges  0x00000000000002c8       0xf0 Drivers/STM32F1xx_HAL_Driver/Src/stm32f1xx_hal_cortex.o
 .debug_ranges  0x00000000000003b8       0x48 Drivers/STM32F1xx_HAL_Driver/Src/stm32f1xx_hal_gpio.o
 .debug_ranges  0x0000000000000400       0x80 Drivers/STM32F1xx_HAL_Driver/Src/stm32f1xx_hal_rcc.o
 .debug_ranges  0x0000000000000480       0x20 Drivers/STM32F1xx_HAL_Driver/Src/stm32f1xx_hal_rcc_ex.o
 .debug_ranges  0x00000000000004a0      0x1c0 Drivers/STM32F1xx_HAL_Driver/Src/stm32f1xx_hal_spi.o
 .debug_ranges  0x0000000000000660       0x10 Drivers/STM32F1xx_HAL_Driver/Src/stm32f1xx_hal_spi_ex.o
 .debug_ranges  0x0000000000000670      0x358 Drivers/STM32F1xx_HAL_Driver/Src/stm32f1xx_hal_tim.o
 .debug_ranges  0x00000000000009c8      0x128 Drivers/STM32F1xx_HAL_Driver/Src/stm32f1xx_hal_tim_ex.o
 .debug_ranges  0x0000000000000af0      0x1c0 Drivers/STM32F1xx_HAL_Driver/Src/stm32f1xx_hal_uart.o
 .debug_ranges  0x0000000000000cb0      0x1c0 Src/MY_NRF24.o
 .debug_ranges  0x0000000000000e70       0x60 Src/main.o
 .debug_ranges  0x0000000000000ed0       0x60 Src/stm32f1xx_hal_msp.o
 .debug_ranges  0x0000000000000f30       0x60 Src/stm32f1xx_it.o
 .debug_ranges  0x0000000000000f90       0xa0 Src/syscalls.o
 .debug_ranges  0x0000000000001030       0x18 Src/system_stm32f1xx.o
 .debug_ranges  0x0000000000001048       0x20 startup/startup_stm32f103xb.o

.debug_line     0x0000000000000000     0x77f3
 .debug_line    0x0000000000000000      0x437 Drivers/STM32F1xx_HAL_Driver/Src/stm32f1xx_hal.o
 .debug_line    0x0000000000000437      0x7e5 Drivers/STM32F1xx_HAL_Driver/Src/stm32f1xx_hal_adc.o
 .debug_line    0x0000000000000c1c      0x756 Drivers/STM32F1xx_HAL_Driver/Src/stm32f1xx_hal_can.o
 .debug_line    0x0000000000001372      0x51e Drivers/STM32F1xx_HAL_Driver/Src/stm32f1xx_hal_cortex.o
 .debug_line    0x0000000000001890      0x496 Drivers/STM32F1xx_HAL_Driver/Src/stm32f1xx_hal_gpio.o
 .debug_line    0x0000000000001d26      0x588 Drivers/STM32F1xx_HAL_Driver/Src/stm32f1xx_hal_rcc.o
 .debug_line    0x00000000000022ae      0x360 Drivers/STM32F1xx_HAL_Driver/Src/stm32f1xx_hal_rcc_ex.o
 .debug_line    0x000000000000260e      0xc33 Drivers/STM32F1xx_HAL_Driver/Src/stm32f1xx_hal_spi.o
 .debug_line    0x0000000000003241      0x2d1 Drivers/STM32F1xx_HAL_Driver/Src/stm32f1xx_hal_spi_ex.o
 .debug_line    0x0000000000003512     0x123e Drivers/STM32F1xx_HAL_Driver/Src/stm32f1xx_hal_tim.o
 .debug_line    0x0000000000004750      0x84b Drivers/STM32F1xx_HAL_Driver/Src/stm32f1xx_hal_tim_ex.o
 .debug_line    0x0000000000004f9b      0xb86 Drivers/STM32F1xx_HAL_Driver/Src/stm32f1xx_hal_uart.o
 .debug_line    0x0000000000005b21      0x911 Src/MY_NRF24.o
 .debug_line    0x0000000000006432      0x564 Src/main.o
 .debug_line    0x0000000000006996      0x413 Src/stm32f1xx_hal_msp.o
 .debug_line    0x0000000000006da9      0x37c Src/stm32f1xx_it.o
 .debug_line    0x0000000000007125      0x3ac Src/syscalls.o
 .debug_line    0x00000000000074d1      0x2a5 Src/system_stm32f1xx.o
 .debug_line    0x0000000000007776       0x7d startup/startup_stm32f103xb.o

.debug_str      0x0000000000000000     0x4ece
 .debug_str     0x0000000000000000      0xb6f Drivers/STM32F1xx_HAL_Driver/Src/stm32f1xx_hal.o
                                        0xc43 (size before relaxing)
 .debug_str     0x0000000000000b6f      0x60b Drivers/STM32F1xx_HAL_Driver/Src/stm32f1xx_hal_adc.o
                                        0xd3b (size before relaxing)
 .debug_str     0x000000000000117a      0x7cd Drivers/STM32F1xx_HAL_Driver/Src/stm32f1xx_hal_can.o
                                        0xf37 (size before relaxing)
 .debug_str     0x0000000000001947      0x2f4 Drivers/STM32F1xx_HAL_Driver/Src/stm32f1xx_hal_cortex.o
                                        0xdb0 (size before relaxing)
 .debug_str     0x0000000000001c3b      0x1d6 Drivers/STM32F1xx_HAL_Driver/Src/stm32f1xx_hal_gpio.o
                                        0x91d (size before relaxing)
 .debug_str     0x0000000000001e11      0x310 Drivers/STM32F1xx_HAL_Driver/Src/stm32f1xx_hal_rcc.o
                                        0xacd (size before relaxing)
 .debug_str     0x0000000000002121      0x12b Drivers/STM32F1xx_HAL_Driver/Src/stm32f1xx_hal_rcc_ex.o
                                        0x8b7 (size before relaxing)
 .debug_str     0x000000000000224c      0x6a5 Drivers/STM32F1xx_HAL_Driver/Src/stm32f1xx_hal_spi.o
                                        0xfb4 (size before relaxing)
 .debug_str     0x00000000000028f1       0x3b Drivers/STM32F1xx_HAL_Driver/Src/stm32f1xx_hal_spi_ex.o
                                        0xac8 (size before relaxing)
 .debug_str     0x000000000000292c      0xecf Drivers/STM32F1xx_HAL_Driver/Src/stm32f1xx_hal_tim.o
                                       0x17f7 (size before relaxing)
 .debug_str     0x00000000000037fb      0x527 Drivers/STM32F1xx_HAL_Driver/Src/stm32f1xx_hal_tim_ex.o
                                       0x1094 (size before relaxing)
 .debug_str     0x0000000000003d22      0x66f Drivers/STM32F1xx_HAL_Driver/Src/stm32f1xx_hal_uart.o
                                        0xfff (size before relaxing)
 .debug_str     0x0000000000004391      0x6df Src/MY_NRF24.o
                                       0x131d (size before relaxing)
 .debug_str     0x0000000000004a70       0xf1 Src/main.o
                                       0x16f5 (size before relaxing)
 .debug_str     0x0000000000004b61       0x25 Src/stm32f1xx_hal_msp.o
                                       0x154c (size before relaxing)
 .debug_str     0x0000000000004b86       0xd1 Src/stm32f1xx_it.o
                                        0xd91 (size before relaxing)
 .debug_str     0x0000000000004c57      0x22a Src/syscalls.o
                                        0x84f (size before relaxing)
 .debug_str     0x0000000000004e81       0x4d Src/system_stm32f1xx.o
                                        0x786 (size before relaxing)

.comment        0x0000000000000000       0x7c
 .comment       0x0000000000000000       0x7c Drivers/STM32F1xx_HAL_Driver/Src/stm32f1xx_hal.o
                                         0x7d (size before relaxing)
 .comment       0x000000000000007c       0x7d Drivers/STM32F1xx_HAL_Driver/Src/stm32f1xx_hal_adc.o
 .comment       0x000000000000007c       0x7d Drivers/STM32F1xx_HAL_Driver/Src/stm32f1xx_hal_can.o
 .comment       0x000000000000007c       0x7d Drivers/STM32F1xx_HAL_Driver/Src/stm32f1xx_hal_cortex.o
 .comment       0x000000000000007c       0x7d Drivers/STM32F1xx_HAL_Driver/Src/stm32f1xx_hal_gpio.o
 .comment       0x000000000000007c       0x7d Drivers/STM32F1xx_HAL_Driver/Src/stm32f1xx_hal_rcc.o
 .comment       0x000000000000007c       0x7d Drivers/STM32F1xx_HAL_Driver/Src/stm32f1xx_hal_rcc_ex.o
 .comment       0x000000000000007c       0x7d Drivers/STM32F1xx_HAL_Driver/Src/stm32f1xx_hal_spi.o
 .comment       0x000000000000007c       0x7d Drivers/STM32F1xx_HAL_Driver/Src/stm32f1xx_hal_spi_ex.o
 .comment       0x000000000000007c       0x7d Drivers/STM32F1xx_HAL_Driver/Src/stm32f1xx_hal_tim.o
 .comment       0x000000000000007c       0x7d Drivers/STM32F1xx_HAL_Driver/Src/stm32f1xx_hal_tim_ex.o
 .comment       0x000000000000007c       0x7d Drivers/STM32F1xx_HAL_Driver/Src/stm32f1xx_hal_uart.o
 .comment       0x000000000000007c       0x7d Src/MY_NRF24.o
 .comment       0x000000000000007c       0x7d Src/main.o
 .comment       0x000000000000007c       0x7d Src/stm32f1xx_hal_msp.o
 .comment       0x000000000000007c       0x7d Src/stm32f1xx_it.o
 .comment       0x000000000000007c       0x7d Src/syscalls.o
 .comment       0x000000000000007c       0x7d Src/system_stm32f1xx.o

.debug_frame    0x0000000000000000     0x4d40
 .debug_frame   0x0000000000000000      0x2fc Drivers/STM32F1xx_HAL_Driver/Src/stm32f1xx_hal.o
 .debug_frame   0x00000000000002fc      0x410 Drivers/STM32F1xx_HAL_Driver/Src/stm32f1xx_hal_adc.o
 .debug_frame   0x000000000000070c      0x5a0 Drivers/STM32F1xx_HAL_Driver/Src/stm32f1xx_hal_can.o
 .debug_frame   0x0000000000000cac      0x428 Drivers/STM32F1xx_HAL_Driver/Src/stm32f1xx_hal_cortex.o
 .debug_frame   0x00000000000010d4      0x14c Drivers/STM32F1xx_HAL_Driver/Src/stm32f1xx_hal_gpio.o
 .debug_frame   0x0000000000001220      0x21c Drivers/STM32F1xx_HAL_Driver/Src/stm32f1xx_hal_rcc.o
 .debug_frame   0x000000000000143c       0x84 Drivers/STM32F1xx_HAL_Driver/Src/stm32f1xx_hal_rcc_ex.o
 .debug_frame   0x00000000000014c0      0x824 Drivers/STM32F1xx_HAL_Driver/Src/stm32f1xx_hal_spi.o
 .debug_frame   0x0000000000001ce4       0x34 Drivers/STM32F1xx_HAL_Driver/Src/stm32f1xx_hal_spi_ex.o
 .debug_frame   0x0000000000001d18      0xfb4 Drivers/STM32F1xx_HAL_Driver/Src/stm32f1xx_hal_tim.o
 .debug_frame   0x0000000000002ccc      0x54c Drivers/STM32F1xx_HAL_Driver/Src/stm32f1xx_hal_tim_ex.o
 .debug_frame   0x0000000000003218      0x83c Drivers/STM32F1xx_HAL_Driver/Src/stm32f1xx_hal_uart.o
 .debug_frame   0x0000000000003a54      0x798 Src/MY_NRF24.o
 .debug_frame   0x00000000000041ec      0x188 Src/main.o
 .debug_frame   0x0000000000004374      0x1a0 Src/stm32f1xx_hal_msp.o
 .debug_frame   0x0000000000004514      0x144 Src/stm32f1xx_it.o
 .debug_frame   0x0000000000004658      0x2d4 Src/syscalls.o
 .debug_frame   0x000000000000492c       0x58 Src/system_stm32f1xx.o
 .debug_frame   0x0000000000004984       0x20 /opt/Atollic_TrueSTUDIO_for_STM32_x86_64_9.3.0/ARMTools/bin/../lib/gcc/arm-atollic-eabi/6.3.1/../../../../arm-atollic-eabi/lib/armv7-m/libc_nano.a(lib_a-errno.o)
 .debug_frame   0x00000000000049a4       0x2c /opt/Atollic_TrueSTUDIO_for_STM32_x86_64_9.3.0/ARMTools/bin/../lib/gcc/arm-atollic-eabi/6.3.1/../../../../arm-atollic-eabi/lib/armv7-m/libc_nano.a(lib_a-init.o)
 .debug_frame   0x00000000000049d0       0x28 /opt/Atollic_TrueSTUDIO_for_STM32_x86_64_9.3.0/ARMTools/bin/../lib/gcc/arm-atollic-eabi/6.3.1/../../../../arm-atollic-eabi/lib/armv7-m/libc_nano.a(lib_a-memcpy-stub.o)
 .debug_frame   0x00000000000049f8       0x20 /opt/Atollic_TrueSTUDIO_for_STM32_x86_64_9.3.0/ARMTools/bin/../lib/gcc/arm-atollic-eabi/6.3.1/../../../../arm-atollic-eabi/lib/armv7-m/libc_nano.a(lib_a-memset.o)
 .debug_frame   0x0000000000004a18       0x70 /opt/Atollic_TrueSTUDIO_for_STM32_x86_64_9.3.0/ARMTools/bin/../lib/gcc/arm-atollic-eabi/6.3.1/../../../../arm-atollic-eabi/lib/armv7-m/libc_nano.a(lib_a-sprintf.o)
 .debug_frame   0x0000000000004a88       0x90 /opt/Atollic_TrueSTUDIO_for_STM32_x86_64_9.3.0/ARMTools/bin/../lib/gcc/arm-atollic-eabi/6.3.1/../../../../arm-atollic-eabi/lib/armv7-m/libc_nano.a(lib_a-nano-svfprintf.o)
 .debug_frame   0x0000000000004b18       0x60 /opt/Atollic_TrueSTUDIO_for_STM32_x86_64_9.3.0/ARMTools/bin/../lib/gcc/arm-atollic-eabi/6.3.1/../../../../arm-atollic-eabi/lib/armv7-m/libc_nano.a(lib_a-nano-vfprintf_i.o)
 .debug_frame   0x0000000000004b78       0x28 /opt/Atollic_TrueSTUDIO_for_STM32_x86_64_9.3.0/ARMTools/bin/../lib/gcc/arm-atollic-eabi/6.3.1/../../../../arm-atollic-eabi/lib/armv7-m/libc_nano.a(lib_a-memchr-stub.o)
 .debug_frame   0x0000000000004ba0       0x28 /opt/Atollic_TrueSTUDIO_for_STM32_x86_64_9.3.0/ARMTools/bin/../lib/gcc/arm-atollic-eabi/6.3.1/../../../../arm-atollic-eabi/lib/armv7-m/libc_nano.a(lib_a-memmove.o)
 .debug_frame   0x0000000000004bc8       0x38 /opt/Atollic_TrueSTUDIO_for_STM32_x86_64_9.3.0/ARMTools/bin/../lib/gcc/arm-atollic-eabi/6.3.1/../../../../arm-atollic-eabi/lib/armv7-m/libc_nano.a(lib_a-nano-freer.o)
 .debug_frame   0x0000000000004c00       0x2c /opt/Atollic_TrueSTUDIO_for_STM32_x86_64_9.3.0/ARMTools/bin/../lib/gcc/arm-atollic-eabi/6.3.1/../../../../arm-atollic-eabi/lib/armv7-m/libc_nano.a(lib_a-nano-mallocr.o)
 .debug_frame   0x0000000000004c2c       0x3c /opt/Atollic_TrueSTUDIO_for_STM32_x86_64_9.3.0/ARMTools/bin/../lib/gcc/arm-atollic-eabi/6.3.1/../../../../arm-atollic-eabi/lib/armv7-m/libc_nano.a(lib_a-nano-reallocr.o)
 .debug_frame   0x0000000000004c68       0x2c /opt/Atollic_TrueSTUDIO_for_STM32_x86_64_9.3.0/ARMTools/bin/../lib/gcc/arm-atollic-eabi/6.3.1/../../../../arm-atollic-eabi/lib/armv7-m/libc_nano.a(lib_a-sbrkr.o)
 .debug_frame   0x0000000000004c94       0x30 /opt/Atollic_TrueSTUDIO_for_STM32_x86_64_9.3.0/ARMTools/bin/../lib/gcc/arm-atollic-eabi/6.3.1/../../../../arm-atollic-eabi/lib/armv7-m/libc_nano.a(lib_a-mlock.o)
 .debug_frame   0x0000000000004cc4       0x20 /opt/Atollic_TrueSTUDIO_for_STM32_x86_64_9.3.0/ARMTools/bin/../lib/gcc/arm-atollic-eabi/6.3.1/../../../../arm-atollic-eabi/lib/armv7-m/libc_nano.a(lib_a-nano-msizer.o)
 .debug_frame   0x0000000000004ce4       0x5c /opt/Atollic_TrueSTUDIO_for_STM32_x86_64_9.3.0/ARMTools/bin/../lib/gcc/arm-atollic-eabi/6.3.1/../../../../arm-atollic-eabi/lib/armv7-m/libc_nano.a(lib_a-reent.o)
