Archive member included to satisfy reference by file (symbol)

/opt/Atollic_TrueSTUDIO_for_STM32_x86_64_9.3.0/ARMTools/bin/../lib/gcc/arm-atollic-eabi/6.3.1/../../../../arm-atollic-eabi/lib/armv7-m/libc_nano.a(lib_a-errno.o)
                              Src/syscalls.o (__errno)
/opt/Atollic_TrueSTUDIO_for_STM32_x86_64_9.3.0/ARMTools/bin/../lib/gcc/arm-atollic-eabi/6.3.1/../../../../arm-atollic-eabi/lib/armv7-m/libc_nano.a(lib_a-impure.o)
                              /opt/Atollic_TrueSTUDIO_for_STM32_x86_64_9.3.0/ARMTools/bin/../lib/gcc/arm-atollic-eabi/6.3.1/../../../../arm-atollic-eabi/lib/armv7-m/libc_nano.a(lib_a-errno.o) (_impure_ptr)
/opt/Atollic_TrueSTUDIO_for_STM32_x86_64_9.3.0/ARMTools/bin/../lib/gcc/arm-atollic-eabi/6.3.1/../../../../arm-atollic-eabi/lib/armv7-m/libc_nano.a(lib_a-init.o)
                              startup/startup_stm32f103xb.o (__libc_init_array)
/opt/Atollic_TrueSTUDIO_for_STM32_x86_64_9.3.0/ARMTools/bin/../lib/gcc/arm-atollic-eabi/6.3.1/../../../../arm-atollic-eabi/lib/armv7-m/libc_nano.a(lib_a-memcpy-stub.o)
                              Src/MY_NRF24.o (memcpy)
/opt/Atollic_TrueSTUDIO_for_STM32_x86_64_9.3.0/ARMTools/bin/../lib/gcc/arm-atollic-eabi/6.3.1/../../../../arm-atollic-eabi/lib/armv7-m/libc_nano.a(lib_a-memset.o)
                              Src/main.o (memset)
/opt/Atollic_TrueSTUDIO_for_STM32_x86_64_9.3.0/ARMTools/bin/../lib/gcc/arm-atollic-eabi/6.3.1/../../../../arm-atollic-eabi/lib/armv7-m/libc_nano.a(lib_a-sprintf.o)
                              Src/MY_NRF24.o (sprintf)
/opt/Atollic_TrueSTUDIO_for_STM32_x86_64_9.3.0/ARMTools/bin/../lib/gcc/arm-atollic-eabi/6.3.1/../../../../arm-atollic-eabi/lib/armv7-m/libc_nano.a(lib_a-strlen.o)
                              Src/MY_NRF24.o (strlen)
/opt/Atollic_TrueSTUDIO_for_STM32_x86_64_9.3.0/ARMTools/bin/../lib/gcc/arm-atollic-eabi/6.3.1/../../../../arm-atollic-eabi/lib/armv7-m/libc_nano.a(lib_a-nano-svfprintf.o)
                              /opt/Atollic_TrueSTUDIO_for_STM32_x86_64_9.3.0/ARMTools/bin/../lib/gcc/arm-atollic-eabi/6.3.1/../../../../arm-atollic-eabi/lib/armv7-m/libc_nano.a(lib_a-sprintf.o) (_svfprintf_r)
/opt/Atollic_TrueSTUDIO_for_STM32_x86_64_9.3.0/ARMTools/bin/../lib/gcc/arm-atollic-eabi/6.3.1/../../../../arm-atollic-eabi/lib/armv7-m/libc_nano.a(lib_a-nano-vfprintf_i.o)
                              /opt/Atollic_TrueSTUDIO_for_STM32_x86_64_9.3.0/ARMTools/bin/../lib/gcc/arm-atollic-eabi/6.3.1/../../../../arm-atollic-eabi/lib/armv7-m/libc_nano.a(lib_a-nano-svfprintf.o) (_printf_i)
/opt/Atollic_TrueSTUDIO_for_STM32_x86_64_9.3.0/ARMTools/bin/../lib/gcc/arm-atollic-eabi/6.3.1/../../../../arm-atollic-eabi/lib/armv7-m/libc_nano.a(lib_a-memchr-stub.o)
                              /opt/Atollic_TrueSTUDIO_for_STM32_x86_64_9.3.0/ARMTools/bin/../lib/gcc/arm-atollic-eabi/6.3.1/../../../../arm-atollic-eabi/lib/armv7-m/libc_nano.a(lib_a-nano-svfprintf.o) (memchr)
/opt/Atollic_TrueSTUDIO_for_STM32_x86_64_9.3.0/ARMTools/bin/../lib/gcc/arm-atollic-eabi/6.3.1/../../../../arm-atollic-eabi/lib/armv7-m/libc_nano.a(lib_a-memmove.o)
                              /opt/Atollic_TrueSTUDIO_for_STM32_x86_64_9.3.0/ARMTools/bin/../lib/gcc/arm-atollic-eabi/6.3.1/../../../../arm-atollic-eabi/lib/armv7-m/libc_nano.a(lib_a-nano-svfprintf.o) (memmove)
/opt/Atollic_TrueSTUDIO_for_STM32_x86_64_9.3.0/ARMTools/bin/../lib/gcc/arm-atollic-eabi/6.3.1/../../../../arm-atollic-eabi/lib/armv7-m/libc_nano.a(lib_a-nano-freer.o)
                              /opt/Atollic_TrueSTUDIO_for_STM32_x86_64_9.3.0/ARMTools/bin/../lib/gcc/arm-atollic-eabi/6.3.1/../../../../arm-atollic-eabi/lib/armv7-m/libc_nano.a(lib_a-nano-svfprintf.o) (_free_r)
/opt/Atollic_TrueSTUDIO_for_STM32_x86_64_9.3.0/ARMTools/bin/../lib/gcc/arm-atollic-eabi/6.3.1/../../../../arm-atollic-eabi/lib/armv7-m/libc_nano.a(lib_a-nano-mallocr.o)
                              /opt/Atollic_TrueSTUDIO_for_STM32_x86_64_9.3.0/ARMTools/bin/../lib/gcc/arm-atollic-eabi/6.3.1/../../../../arm-atollic-eabi/lib/armv7-m/libc_nano.a(lib_a-nano-svfprintf.o) (_malloc_r)
/opt/Atollic_TrueSTUDIO_for_STM32_x86_64_9.3.0/ARMTools/bin/../lib/gcc/arm-atollic-eabi/6.3.1/../../../../arm-atollic-eabi/lib/armv7-m/libc_nano.a(lib_a-nano-reallocr.o)
                              /opt/Atollic_TrueSTUDIO_for_STM32_x86_64_9.3.0/ARMTools/bin/../lib/gcc/arm-atollic-eabi/6.3.1/../../../../arm-atollic-eabi/lib/armv7-m/libc_nano.a(lib_a-nano-svfprintf.o) (_realloc_r)
/opt/Atollic_TrueSTUDIO_for_STM32_x86_64_9.3.0/ARMTools/bin/../lib/gcc/arm-atollic-eabi/6.3.1/../../../../arm-atollic-eabi/lib/armv7-m/libc_nano.a(lib_a-sbrkr.o)
                              /opt/Atollic_TrueSTUDIO_for_STM32_x86_64_9.3.0/ARMTools/bin/../lib/gcc/arm-atollic-eabi/6.3.1/../../../../arm-atollic-eabi/lib/armv7-m/libc_nano.a(lib_a-nano-mallocr.o) (_sbrk_r)
/opt/Atollic_TrueSTUDIO_for_STM32_x86_64_9.3.0/ARMTools/bin/../lib/gcc/arm-atollic-eabi/6.3.1/../../../../arm-atollic-eabi/lib/armv7-m/libc_nano.a(lib_a-mlock.o)
[...]
Memory Configuration

Name             Origin             Length             Attributes
RAM              0x0000000020000000 0x0000000000005000 xrw
FLASH            0x0000000008000000 0x0000000000010000 xr
*default*        0x0000000000000000 0xffffffffffffffff

Linker script and memory map

LOAD /opt/Atollic_TrueSTUDIO_for_STM32_x86_64_9.3.0/ARMTools/bin/../lib/gcc/arm-atollic-eabi/6.3.1/armv7-m/crti.o
LOAD /opt/Atollic_TrueSTUDIO_for_STM32_x86_64_9.3.0/ARMTools/bin/../lib/gcc/arm-atollic-eabi/6.3.1/armv7-m/crtbegin.o
LOAD Drivers/STM32F1xx_HAL_Driver/Src/stm32f1xx_hal.o
LOAD Drivers/STM32F1xx_HAL_Driver/Src/stm32f1xx_hal_adc.o
LOAD Drivers/STM32F1xx_HAL_Driver/Src/stm32f1xx_hal_adc_ex.o
LOAD Drivers/STM32F1xx_HAL_Driver/Src/stm32f1xx_hal_can.o
LOAD Drivers/STM32F1xx_HAL_Driver/Src/stm32f1xx_hal_cortex.o
LOAD Drivers/STM32F1xx_HAL_Driver/Src/stm32f1xx_hal_dma.o
LOAD Drivers/STM32F1xx_HAL_Driver/Src/stm32f1xx_hal_flash.o
LOAD Drivers/STM32F1xx_HAL_Driver/Src/stm32f1xx_hal_flash_ex.o
LOAD Drivers/STM32F1xx_HAL_Driver/Src/stm32f1xx_hal_gpio.o
LOAD Drivers/STM32F1xx_HAL_Driver/Src/stm32f1xx_hal_gpio_ex.o
LOAD Drivers/STM32F1xx_HAL_Driver/Src/stm32f1xx_hal_pwr.o
LOAD Drivers/STM32F1xx_HAL_Driver/Src/stm32f1xx_hal_rcc.o
LOAD Drivers/STM32F1xx_HAL_Driver/Src/stm32f1xx_hal_rcc_ex.o
LOAD Drivers/STM32F1xx_HAL_Driver/Src/stm32f1xx_hal_spi.o
LOAD Drivers/STM32F1xx_HAL_Driver/Src/stm32f1xx_hal_spi_ex.o
LOAD Drivers/STM32F1xx_HAL_Driver/Src/stm32f1xx_hal_tim.o
LOAD Drivers/STM32F1xx_HAL_Driver/Src/stm32f1xx_hal_tim_ex.o
LOAD Drivers/STM32F1xx_HAL_Driver/Src/stm32f1xx_hal_uart.o
LOAD Src/MY_NRF24.o
LOAD Src/main.o
LOAD Src/stm32f1xx_hal_msp.o
LOAD Src/stm32f1xx_it.o
LOAD Src/syscalls.o
LOAD Src/system_stm32f1xx.o
LOAD startup/startup_stm32f103xb.o
                0x0000000000000080                malloc_getpagesize_P = 0x80
START GROUP
LOAD /opt/Atollic_TrueSTUDIO_for_STM32_x86_64_9.3.0/ARMTools/bin/../lib/gcc/arm-atollic-eabi/6.3.1/../../../../arm-atollic-eabi/lib/armv7-m/libc_nano.a
LOAD /opt/Atollic_TrueSTUDIO_for_STM32_x86_64_9.3.0/ARMTools/bin/../lib/gcc/arm-atollic-eabi/6.3.1/../../../../arm-atollic-eabi/lib/armv7-m/libm.a
END GROUP
START GROUP
LOAD /opt/Atollic_TrueSTUDIO_for_STM32_x86_64_9.3.0/ARMTools/bin/../lib/gcc/arm-atollic-eabi/6.3.1/armv7-m/libgcc.a
LOAD /opt/Atollic_TrueSTUDIO_for_STM32_x86_64_9.3.0/ARMTools/bin/../lib/gcc/arm-atollic-eabi/6.3.1/../../../../arm-atollic-eabi/lib/armv7-m/libc_nano.a
END GROUP
START GROUP
LOAD /opt/Atollic_TrueSTUDIO_for_STM32_x86_64_9.3.0/ARMTools/bin/../lib/gcc/arm-atollic-eabi/6.3.1/armv7-m/libgcc.a
LOAD /opt/Atollic_TrueSTUDIO_for_STM32_x86_64_9.3.0/ARMTools/bin/../lib/gcc/arm-atollic-eabi/6.3.1/../../../../arm-atollic-eabi/lib/armv7-m/libc_nano.a
LOAD /opt/Atollic_TrueSTUDIO_for_STM32_x86_64_9.3.0/ARMTools/bin/../lib/gcc/arm-atollic-eabi/6.3.1/../../../../arm-atollic-eabi/lib/armv7-m/libnosys.a
END GROUP
START GROUP
LOAD /opt/Atollic_TrueSTUDIO_for_STM32_x86_64_9.3.0/ARMTools/bin/../lib/gcc/arm-atollic-eabi/6.3.1/armv7-m/libgcc.a
LOAD /opt/Atollic_TrueSTUDIO_for_STM32_x86_64_9.3.0/ARMTools/bin/../lib/gcc/arm-atollic-eabi/6.3.1/../../../../arm-atollic-eabi/lib/armv7-m/libc_nano.a
LOAD /opt/Atollic_TrueSTUDIO_for_STM32_x86_64_9.3.0/ARMTools/bin/../lib/gcc/arm-atollic-eabi/6.3.1/../../../../arm-atollic-eabi/lib/armv7-m/libnosys.a
END GROUP
LOAD /opt/Atollic_TrueSTUDIO_for_STM32_x86_64_9.3.0/ARMTools/bin/../lib/gcc/arm-atollic-eabi/6.3.1/armv7-m/crtend.o
LOAD /opt/Atollic_TrueSTUDIO_for_STM32_x86_64_9.3.0/ARMTools/bin/../lib/gcc/arm-atollic-eabi/6.3.1/armv7-m/crtn.o
                0x0000000020005000                _estack = 0x20005000
                0x0000000000000200                _Min_Heap_Size = 0x200
                0x0000000000000400                _Min_Stack_Size = 0x400

.isr_vector     0x0000000008000000      0x10c
                0x0000000008000000                . = ALIGN (0x4)
 *(.isr_vector)
 .isr_vector    0x0000000008000000      0x10c startup/startup_stm32f103xb.o
                0x0000000008000000                g_pfnVectors
                0x000000000800010c                . = ALIGN (0x4)

.text           0x0000000008000110     0x6c34
                0x0000000008000110                . = ALIGN (0x4)
 *(.text)
 .text          0x0000000008000110       0x40 /opt/Atollic_TrueSTUDIO_for_STM32_x86_64_9.3.0/ARMTools/bin/../lib/gcc/arm-atollic-eabi/6.3.1/armv7-m/crtbegin.o
 .text          0x0000000008000150       0x10 /opt/Atollic_TrueSTUDIO_for_STM32_x86_64_9.3.0/ARMTools/bin/../lib/gcc/arm-atollic-eabi/6.3.1/../../../../arm-atollic-eabi/lib/armv7-m/libc_nano.a(lib_a-strlen.o)
                0x0000000008000150                strlen
 .text          0x0000000008000160      0x370 /opt/Atollic_TrueSTUDIO_for_STM32_x86_64_9.3.0/ARMTools/bin/../lib/gcc/arm-atollic-eabi/6.3.1/armv7-m/libgcc.a(_arm_addsubdf3.o)
                0x0000000008000160                __aeabi_drsub
                0x0000000008000168                __aeabi_dsub
                0x0000000008000168                __subdf3
                0x000000000800016c                __adddf3
                0x000000000800016c                __aeabi_dadd
                0x00000000080003e4                __aeabi_ui2d
                0x00000000080003e4                __floatunsidf
                0x0000000008000404                __floatsidf
                0x0000000008000404                __aeabi_i2d
                0x0000000008000428                __extendsfdf2
                0x0000000008000428                __aeabi_f2d
                0x0000000008000464                __aeabi_ul2d
                0x0000000008000464                __floatundidf
                0x0000000008000474                __floatdidf
                0x0000000008000474                __aeabi_l2d
 .text          0x00000000080004d0      0x424 /opt/Atollic_TrueSTUDIO_for_STM32_x86_64_9.3.0/ARMTools/bin/../lib/gcc/arm-atollic-eabi/6.3.1/armv7-m/libgcc.a(_arm_muldivdf3.o)
                0x00000000080004d0                __aeabi_dmul
                0x00000000080004d0                __muldf3
                0x0000000008000724                __aeabi_ddiv
                0x0000000008000724                __divdf3
 .text          0x00000000080008f4       0x40 /opt/Atollic_TrueSTUDIO_for_STM32_x86_64_9.3.0/ARMTools/bin/../lib/gcc/arm-atollic-eabi/6.3.1/armv7-m/libgcc.a(_arm_fixunsdfsi.o)
                0x00000000080008f4                __fixunsdfsi
                0x00000000080008f4                __aeabi_d2uiz
 *(.text*)
 .text.HAL_Init
                0x0000000008000934       0x2c Drivers/STM32F1xx_HAL_Driver/Src/stm32f1xx_hal.o
                0x0000000008000934                HAL_Init
 .text.HAL_InitTick
                0x0000000008000960       0x60 Drivers/STM32F1xx_HAL_Driver/Src/stm32f1xx_hal.o
                0x0000000008000960                HAL_InitTick
 .text.HAL_IncTick
                0x00000000080009c0       0x24 Drivers/STM32F1xx_HAL_Driver/Src/stm32f1xx_hal.o
                0x00000000080009c0                HAL_IncTick
 .text.HAL_GetTick
                0x00000000080009e4       0x14 Drivers/STM32F1xx_HAL_Driver/Src/stm32f1xx_hal.o
                0x00000000080009e4                HAL_GetTick
 .text.HAL_Delay
                0x00000000080009f8       0x44 Drivers/STM32F1xx_HAL_Driver/Src/stm32f1xx_hal.o
                0x00000000080009f8                HAL_Delay
 .text.HAL_ADC_Init
                0x0000000008000a3c      0x1b0 Drivers/STM32F1xx_HAL_Driver/Src/stm32f1xx_hal_adc.o
                0x0000000008000a3c                HAL_ADC_Init
 .text.HAL_ADC_Start
                0x0000000008000bec      0x15c Drivers/STM32F1xx_HAL_Driver/Src/stm32f1xx_hal_adc.o
                0x0000000008000bec                HAL_ADC_Start
 .text.HAL_ADC_PollForConversion
                0x0000000008000d48      0x1f4 Drivers/STM32F1xx_HAL_Driver/Src/stm32f1xx_hal_adc.o
                0x0000000008000d48                HAL_ADC_PollForConversion
 .text.HAL_ADC_GetValue
                0x0000000008000f3c       0x18 Drivers/STM32F1xx_HAL_Driver/Src/stm32f1xx_hal_adc.o
                0x0000000008000f3c                HAL_ADC_GetValue
 .text.HAL_ADC_ConfigChannel
                0x0000000008000f54      0x1f0 Drivers/STM32F1xx_HAL_Driver/Src/stm32f1xx_hal_adc.o
                0x0000000008000f54                HAL_ADC_ConfigChannel
 .text.ADC_Enable
                0x0000000008001144       0xa4 Drivers/STM32F1xx_HAL_Driver/Src/stm32f1xx_hal_adc.o
                0x0000000008001144                ADC_Enable
 .text.ADC_ConversionStop_Disable
                0x00000000080011e8       0x74 Drivers/STM32F1xx_HAL_Driver/Src/stm32f1xx_hal_adc.o
                0x00000000080011e8                ADC_ConversionStop_Disable
 .text.HAL_CAN_Init
                0x000000000800125c      0x1f4 Drivers/STM32F1xx_HAL_Driver/Src/stm32f1xx_hal_can.o
                0x000000000800125c                HAL_CAN_Init
 .text.HAL_CAN_ConfigFilter
                0x0000000008001450      0x192 Drivers/STM32F1xx_HAL_Driver/Src/stm32f1xx_hal_can.o
                0x0000000008001450                HAL_CAN_ConfigFilter
 .text.HAL_CAN_Start
                0x00000000080015e2       0x88 Drivers/STM32F1xx_HAL_Driver/Src/stm32f1xx_hal_can.o
                0x00000000080015e2                HAL_CAN_Start
 .text.HAL_CAN_AddTxMessage
                0x000000000800166a      0x1ac Drivers/STM32F1xx_HAL_Driver/Src/stm32f1xx_hal_can.o
                0x000000000800166a                HAL_CAN_AddTxMessage
 .text.HAL_CAN_GetRxMessage
                0x0000000008001816      0x224 Drivers/STM32F1xx_HAL_Driver/Src/stm32f1xx_hal_can.o
                0x0000000008001816                HAL_CAN_GetRxMessage
 .text.HAL_CAN_ActivateNotification
                0x0000000008001a3a       0x4a Drivers/STM32F1xx_HAL_Driver/Src/stm32f1xx_hal_can.o
                0x0000000008001a3a                HAL_CAN_ActivateNotification
 .text.HAL_CAN_IRQHandler
                0x0000000008001a84      0x362 Drivers/STM32F1xx_HAL_Driver/Src/stm32f1xx_hal_can.o
                0x0000000008001a84                HAL_CAN_IRQHandler
 .text.HAL_CAN_TxMailbox0CompleteCallback
                0x0000000008001de6       0x12 Drivers/STM32F1xx_HAL_Driver/Src/stm32f1xx_hal_can.o
                0x0000000008001de6                HAL_CAN_TxMailbox0CompleteCallback
 .text.HAL_CAN_TxMailbox1CompleteCallback
                0x0000000008001df8       0x12 Drivers/STM32F1xx_HAL_Driver/Src/stm32f1xx_hal_can.o
                0x0000000008001df8                HAL_CAN_TxMailbox1CompleteCallback
 .text.HAL_CAN_TxMailbox2CompleteCallback
                0x0000000008001e0a       0x12 Drivers/STM32F1xx_HAL_Driver/Src/stm32f1xx_hal_can.o
                0x0000000008001e0a                HAL_CAN_TxMailbox2CompleteCallback
 .text.HAL_CAN_TxMailbox0AbortCallback
                0x0000000008001e1c       0x12 Drivers/STM32F1xx_HAL_Driver/Src/stm32f1xx_hal_can.o
                0x0000000008001e1c                HAL_CAN_TxMailbox0AbortCallback
 .text.HAL_CAN_TxMailbox1AbortCallback
                0x0000000008001e2e       0x12 Drivers/STM32F1xx_HAL_Driver/Src/stm32f1xx_hal_can.o
                0x0000000008001e2e                HAL_CAN_TxMailbox1AbortCallback
 .text.HAL_CAN_TxMailbox2AbortCallback
                0x0000000008001e40       0x12 Drivers/STM32F1xx_HAL_Driver/Src/stm32f1xx_hal_can.o
                0x0000000008001e40                HAL_CAN_TxMailbox2AbortCallback
 .text.HAL_CAN_RxFifo0FullCallback
                0x0000000008001e52       0x12 Drivers/STM32F1xx_HAL_Driver/Src/stm32f1xx_hal_can.o
                0x0000000008001e52                HAL_CAN_RxFifo0FullCallback
 .text.HAL_CAN_RxFifo1MsgPendingCallback
                0x0000000008001e64       0x12 Drivers/STM32F1xx_HAL_Driver/Src/stm32f1xx_hal_can.o
                0x0000000008001e64                HAL_CAN_RxFifo1MsgPendingCallback
 .text.HAL_CAN_RxFifo1FullCallback
                0x0000000008001e76       0x12 Drivers/STM32F1xx_HAL_Driver/Src/stm32f1xx_hal_can.o
                0x0000000008001e76                HAL_CAN_RxFifo1FullCallback
 .text.HAL_CAN_SleepCallback
                0x0000000008001e88       0x12 Drivers/STM32F1xx_HAL_Driver/Src/stm32f1xx_hal_can.o
                0x0000000008001e88                HAL_CAN_SleepCallback
 .text.HAL_CAN_WakeUpFromRxMsgCallback
                0x0000000008001e9a       0x12 Drivers/STM32F1xx_HAL_Driver/Src/stm32f1xx_hal_can.o
                0x0000000008001e9a                HAL_CAN_WakeUpFromRxMsgCallback
 .text.HAL_CAN_ErrorCallback
                0x0000000008001eac       0x12 Drivers/STM32F1xx_HAL_Driver/Src/stm32f1xx_hal_can.o
                0x0000000008001eac                HAL_CAN_ErrorCallback
 *fill*         0x0000000008001ebe        0x2 
 .text.NVIC_SetPriorityGrouping
                0x0000000008001ec0       0x48 Drivers/STM32F1xx_HAL_Driver/Src/stm32f1xx_hal_cortex.o
 .text.NVIC_GetPriorityGrouping
                0x0000000008001f08       0x1c Drivers/STM32F1xx_HAL_Driver/Src/stm32f1xx_hal_cortex.o
 .text.NVIC_EnableIRQ
                0x0000000008001f24       0x30 Drivers/STM32F1xx_HAL_Driver/Src/stm32f1xx_hal_cortex.o
 .text.NVIC_SetPriority
                0x0000000008001f54       0x54 Drivers/STM32F1xx_HAL_Driver/Src/stm32f1xx_hal_cortex.o
 .text.NVIC_EncodePriority
                0x0000000008001fa8       0x60 Drivers/STM32F1xx_HAL_Driver/Src/stm32f1xx_hal_cortex.o
 .text.SysTick_Config
                0x0000000008002008       0x44 Drivers/STM32F1xx_HAL_Driver/Src/stm32f1xx_hal_cortex.o
 .text.HAL_NVIC_SetPriorityGrouping
                0x000000000800204c       0x16 Drivers/STM32F1xx_HAL_Driver/Src/stm32f1xx_hal_cortex.o
                0x000000000800204c                HAL_NVIC_SetPriorityGrouping
 .text.HAL_NVIC_SetPriority
                0x0000000008002062       0x38 Drivers/STM32F1xx_HAL_Driver/Src/stm32f1xx_hal_cortex.o
                0x0000000008002062                HAL_NVIC_SetPriority
 .text.HAL_NVIC_EnableIRQ
                0x000000000800209a       0x1c Drivers/STM32F1xx_HAL_Driver/Src/stm32f1xx_hal_cortex.o
                0x000000000800209a                HAL_NVIC_EnableIRQ
 .text.HAL_SYSTICK_Config
                0x00000000080020b6       0x18 Drivers/STM32F1xx_HAL_Driver/Src/stm32f1xx_hal_cortex.o
                0x00000000080020b6                HAL_SYSTICK_Config
 *fill*         0x00000000080020ce        0x2 
 .text.HAL_GPIO_Init
                0x00000000080020d0      0x2bc Drivers/STM32F1xx_HAL_Driver/Src/stm32f1xx_hal_gpio.o
                0x00000000080020d0                HAL_GPIO_Init
 .text.HAL_GPIO_ReadPin
                0x000000000800238c       0x2e Drivers/STM32F1xx_HAL_Driver/Src/stm32f1xx_hal_gpio.o
                0x000000000800238c                HAL_GPIO_ReadPin
 .text.HAL_GPIO_WritePin
                0x00000000080023ba       0x30 Drivers/STM32F1xx_HAL_Driver/Src/stm32f1xx_hal_gpio.o
                0x00000000080023ba                HAL_GPIO_WritePin
 .text.HAL_GPIO_TogglePin
                0x00000000080023ea       0x22 Drivers/STM32F1xx_HAL_Driver/Src/stm32f1xx_hal_gpio.o
                0x00000000080023ea                HAL_GPIO_TogglePin
 .text.HAL_RCC_OscConfig
                0x000000000800240c      0x4c8 Drivers/STM32F1xx_HAL_Driver/Src/stm32f1xx_hal_rcc.o
                0x000000000800240c                HAL_RCC_OscConfig
 .text.HAL_RCC_ClockConfig
                0x00000000080028d4      0x218 Drivers/STM32F1xx_HAL_Driver/Src/stm32f1xx_hal_rcc.o
                0x00000000080028d4                HAL_RCC_ClockConfig
 .text.HAL_RCC_GetSysClockFreq
                0x0000000008002aec       0xc4 Drivers/STM32F1xx_HAL_Driver/Src/stm32f1xx_hal_rcc.o
                0x0000000008002aec                HAL_RCC_GetSysClockFreq
 .text.HAL_RCC_GetHCLKFreq
                0x0000000008002bb0       0x14 Drivers/STM32F1xx_HAL_Driver/Src/stm32f1xx_hal_rcc.o
                0x0000000008002bb0                HAL_RCC_GetHCLKFreq
 .text.HAL_RCC_GetPCLK1Freq
                0x0000000008002bc4       0x28 Drivers/STM32F1xx_HAL_Driver/Src/stm32f1xx_hal_rcc.o
                0x0000000008002bc4                HAL_RCC_GetPCLK1Freq
 .text.HAL_RCC_GetPCLK2Freq
                0x0000000008002bec       0x28 Drivers/STM32F1xx_HAL_Driver/Src/stm32f1xx_hal_rcc.o
                0x0000000008002bec                HAL_RCC_GetPCLK2Freq
 .text.RCC_Delay
                0x0000000008002c14       0x3c Drivers/STM32F1xx_HAL_Driver/Src/stm32f1xx_hal_rcc.o
 .text.HAL_RCCEx_PeriphCLKConfig
                0x0000000008002c50      0x16c Drivers/STM32F1xx_HAL_Driver/Src/stm32f1xx_hal_rcc_ex.o
                0x0000000008002c50                HAL_RCCEx_PeriphCLKConfig
 .text.HAL_RCCEx_GetPeriphCLKFreq
                0x0000000008002dbc      0x180 Drivers/STM32F1xx_HAL_Driver/Src/stm32f1xx_hal_rcc_ex.o
                0x0000000008002dbc                HAL_RCCEx_GetPeriphCLKFreq
 .text.HAL_SPI_Transmit
                0x0000000008002f3c      0x276 Drivers/STM32F1xx_HAL_Driver/Src/stm32f1xx_hal_spi.o
                0x0000000008002f3c                HAL_SPI_Transmit
 .text.HAL_SPI_Receive
                0x00000000080031b2      0x21c Drivers/STM32F1xx_HAL_Driver/Src/stm32f1xx_hal_spi.o
                0x00000000080031b2                HAL_SPI_Receive
 .text.HAL_SPI_TransmitReceive
                0x00000000080033ce      0x33e Drivers/STM32F1xx_HAL_Driver/Src/stm32f1xx_hal_spi.o
                0x00000000080033ce                HAL_SPI_TransmitReceive
 .text.SPI_WaitFlagStateUntilTimeout
                0x000000000800370c       0xd2 Drivers/STM32F1xx_HAL_Driver/Src/stm32f1xx_hal_spi.o
 .text.SPI_CheckFlag_BSY
                0x00000000080037de       0x3c Drivers/STM32F1xx_HAL_Driver/Src/stm32f1xx_hal_spi.o
 .text.HAL_SPI_Init
                0x000000000800381a       0xc8 Drivers/STM32F1xx_HAL_Driver/Src/stm32f1xx_hal_spi_ex.o
                0x000000000800381a                HAL_SPI_Init
 .text.HAL_TIM_Base_Init
                0x00000000080038e2       0x56 Drivers/STM32F1xx_HAL_Driver/Src/stm32f1xx_hal_tim.o
                0x00000000080038e2                HAL_TIM_Base_Init
 .text.HAL_TIM_Base_Start_IT
                0x0000000008003938       0x34 Drivers/STM32F1xx_HAL_Driver/Src/stm32f1xx_hal_tim.o
                0x0000000008003938                HAL_TIM_Base_Start_IT
 .text.HAL_TIM_IRQHandler
                0x000000000800396c      0x210 Drivers/STM32F1xx_HAL_Driver/Src/stm32f1xx_hal_tim.o
                0x000000000800396c                HAL_TIM_IRQHandler
 .text.HAL_TIM_ConfigClockSource
                0x0000000008003b7c      0x1b6 Drivers/STM32F1xx_HAL_Driver/Src/stm32f1xx_hal_tim.o
                0x0000000008003b7c                HAL_TIM_ConfigClockSource
 .text.HAL_TIM_OC_DelayElapsedCallback
                0x0000000008003d32       0x12 Drivers/STM32F1xx_HAL_Driver/Src/stm32f1xx_hal_tim.o
                0x0000000008003d32                HAL_TIM_OC_DelayElapsedCallback
 .text.HAL_TIM_IC_CaptureCallback
                0x0000000008003d44       0x12 Drivers/STM32F1xx_HAL_Driver/Src/stm32f1xx_hal_tim.o
                0x0000000008003d44                HAL_TIM_IC_CaptureCallback
 .text.HAL_TIM_PWM_PulseFinishedCallback
                0x0000000008003d56       0x12 Drivers/STM32F1xx_HAL_Driver/Src/stm32f1xx_hal_tim.o
                0x0000000008003d56                HAL_TIM_PWM_PulseFinishedCallback
 .text.HAL_TIM_TriggerCallback
                0x0000000008003d68       0x12 Drivers/STM32F1xx_HAL_Driver/Src/stm32f1xx_hal_tim.o
                0x0000000008003d68                HAL_TIM_TriggerCallback
 *fill*         0x0000000008003d7a        0x2 
 .text.TIM_Base_SetConfig
                0x0000000008003d7c       0xcc Drivers/STM32F1xx_HAL_Driver/Src/stm32f1xx_hal_tim.o
                0x0000000008003d7c                TIM_Base_SetConfig
 .text.TIM_TI1_ConfigInputStage
                0x0000000008003e48       0x64 Drivers/STM32F1xx_HAL_Driver/Src/stm32f1xx_hal_tim.o
 .text.TIM_TI2_ConfigInputStage
                0x0000000008003eac       0x66 Drivers/STM32F1xx_HAL_Driver/Src/stm32f1xx_hal_tim.o
 .text.TIM_ITRx_SetConfig
                0x0000000008003f12       0x3e Drivers/STM32F1xx_HAL_Driver/Src/stm32f1xx_hal_tim.o
 .text.TIM_ETR_SetConfig
                0x0000000008003f50       0x42 Drivers/STM32F1xx_HAL_Driver/Src/stm32f1xx_hal_tim.o
 .text.HAL_TIMEx_MasterConfigSynchronization
                0x0000000008003f92       0x88 Drivers/STM32F1xx_HAL_Driver/Src/stm32f1xx_hal_tim_ex.o
                0x0000000008003f92                HAL_TIMEx_MasterConfigSynchronization
 .text.HAL_TIMEx_CommutationCallback
                0x000000000800401a       0x12 Drivers/STM32F1xx_HAL_Driver/Src/stm32f1xx_hal_tim_ex.o
                0x000000000800401a                HAL_TIMEx_CommutationCallback
 .text.HAL_TIMEx_BreakCallback
                0x000000000800402c       0x12 Drivers/STM32F1xx_HAL_Driver/Src/stm32f1xx_hal_tim_ex.o
                0x000000000800402c                HAL_TIMEx_BreakCallback
 .text.HAL_UART_Init
                0x000000000800403e       0x9a Drivers/STM32F1xx_HAL_Driver/Src/stm32f1xx_hal_uart.o
                0x000000000800403e                HAL_UART_Init
 .text.HAL_UART_Transmit
                0x00000000080040d8      0x130 Drivers/STM32F1xx_HAL_Driver/Src/stm32f1xx_hal_uart.o
                0x00000000080040d8                HAL_UART_Transmit
 .text.UART_WaitOnFlagUntilTimeout
                0x0000000008004208       0x94 Drivers/STM32F1xx_HAL_Driver/Src/stm32f1xx_hal_uart.o
 .text.UART_SetConfig
                0x000000000800429c      0x230 Drivers/STM32F1xx_HAL_Driver/Src/stm32f1xx_hal_uart.o
 .text.NRF24_DelayMicroSeconds
                0x00000000080044cc       0x40 Src/MY_NRF24.o
                0x00000000080044cc                NRF24_DelayMicroSeconds
 .text.NRF24_csn
                0x000000000800450c       0x40 Src/MY_NRF24.o
                0x000000000800450c                NRF24_csn
 .text.NRF24_ce
                0x000000000800454c       0x40 Src/MY_NRF24.o
                0x000000000800454c                NRF24_ce
 .text.NRF24_read_register
                0x000000000800458c       0x50 Src/MY_NRF24.o
                0x000000000800458c                NRF24_read_register
 .text.NRF24_read_registerN
                0x00000000080045dc       0x50 Src/MY_NRF24.o
                0x00000000080045dc                NRF24_read_registerN
 .text.NRF24_write_register
                0x000000000800462c       0x44 Src/MY_NRF24.o
                0x000000000800462c                NRF24_write_register
 .text.NRF24_write_registerN
                0x0000000008004670       0x50 Src/MY_NRF24.o
                0x0000000008004670                NRF24_write_registerN
 .text.NRF24_read_payload
                0x00000000080046c0       0x60 Src/MY_NRF24.o
                0x00000000080046c0                NRF24_read_payload
 .text.NRF24_flush_tx
                0x0000000008004720       0x10 Src/MY_NRF24.o
                0x0000000008004720                NRF24_flush_tx
 .text.NRF24_flush_rx
                0x0000000008004730       0x10 Src/MY_NRF24.o
                0x0000000008004730                NRF24_flush_rx
 .text.NRF24_get_status
                0x0000000008004740       0x1a Src/MY_NRF24.o
                0x0000000008004740                NRF24_get_status
 *fill*         0x000000000800475a        0x2 
 .text.NRF24_begin
                0x000000000800475c      0x1c0 Src/MY_NRF24.o
                0x000000000800475c                NRF24_begin
 .text.NRF24_startListening
                0x000000000800491c       0x48 Src/MY_NRF24.o
                0x000000000800491c                NRF24_startListening
 .text.NRF24_available
                0x0000000008004964       0x10 Src/MY_NRF24.o
                0x0000000008004964                NRF24_available
 .text.NRF24_read
                0x0000000008004974       0x40 Src/MY_NRF24.o
                0x0000000008004974                NRF24_read
 .text.NRF24_openReadingPipe
                0x00000000080049b4       0x9c Src/MY_NRF24.o
                0x00000000080049b4                NRF24_openReadingPipe
 .text.NRF24_setRetries
                0x0000000008004a50       0x36 Src/MY_NRF24.o
                0x0000000008004a50                NRF24_setRetries
 .text.NRF24_setChannel
                0x0000000008004a86       0x2a Src/MY_NRF24.o
                0x0000000008004a86                NRF24_setChannel
 .text.NRF24_setPayloadSize
                0x0000000008004ab0       0x2c Src/MY_NRF24.o
                0x0000000008004ab0                NRF24_setPayloadSize
 .text.NRF24_getPayloadSize
                0x0000000008004adc       0x14 Src/MY_NRF24.o
                0x0000000008004adc                NRF24_getPayloadSize
 .text.NRF24_getDynamicPayloadSize
                0x0000000008004af0       0x10 Src/MY_NRF24.o
                0x0000000008004af0                NRF24_getDynamicPayloadSize
 .text.NRF24_enableAckPayload
                0x0000000008004b00       0x5a Src/MY_NRF24.o
                0x0000000008004b00                NRF24_enableAckPayload
 *fill*         0x0000000008004b5a        0x2 
 .text.NRF24_enableDynamicPayloads
                0x0000000008004b5c       0x64 Src/MY_NRF24.o
                0x0000000008004b5c                NRF24_enableDynamicPayloads
 .text.NRF24_disableDynamicPayloads
                0x0000000008004bc0       0x30 Src/MY_NRF24.o
                0x0000000008004bc0                NRF24_disableDynamicPayloads
 .text.NRF24_setAutoAck
                0x0000000008004bf0       0x2a Src/MY_NRF24.o
                0x0000000008004bf0                NRF24_setAutoAck
 .text.NRF24_setPALevel
                0x0000000008004c1a       0x72 Src/MY_NRF24.o
                0x0000000008004c1a                NRF24_setPALevel
 .text.NRF24_setDataRate
                0x0000000008004c8c       0x8c Src/MY_NRF24.o
                0x0000000008004c8c                NRF24_setDataRate
 .text.NRF24_setCRCLength
                0x0000000008004d18       0x50 Src/MY_NRF24.o
                0x0000000008004d18                NRF24_setCRCLength
 .text.NRF24_powerDown
                0x0000000008004d68       0x1e Src/MY_NRF24.o
                0x0000000008004d68                NRF24_powerDown
 .text.NRF24_availablePipe
                0x0000000008004d86       0x60 Src/MY_NRF24.o
                0x0000000008004d86                NRF24_availablePipe
 .text.NRF24_writeAckPayload
                0x0000000008004de6       0x54 Src/MY_NRF24.o
                0x0000000008004de6                NRF24_writeAckPayload
 .text.NRF24_resetStatus
                0x0000000008004e3a       0x10 Src/MY_NRF24.o
                0x0000000008004e3a                NRF24_resetStatus
 *fill*         0x0000000008004e4a        0x2 
 .text.NRF24_ACTIVATE_cmd
                0x0000000008004e4c       0x34 Src/MY_NRF24.o
                0x0000000008004e4c                NRF24_ACTIVATE_cmd
 .text.printRadioSettings
                0x0000000008004e80      0x924 Src/MY_NRF24.o
                0x0000000008004e80                printRadioSettings
 *fill*         0x00000000080057a4        0x4 
 .text.main     0x00000000080057a8      0x2b0 Src/main.o
                0x00000000080057a8                main
 .text.SystemClock_Config
                0x0000000008005a58       0xb6 Src/main.o
                0x0000000008005a58                SystemClock_Config
 *fill*         0x0000000008005b0e        0x2 
 .text.MX_ADC1_Init
                0x0000000008005b10       0x7c Src/main.o
 .text.MX_CAN_Init
                0x0000000008005b8c       0xfc Src/main.o
 .text.MX_SPI1_Init
                0x0000000008005c88       0x6c Src/main.o
 .text.MX_TIM2_Init
                0x0000000008005cf4       0x9c Src/main.o
 .text.MX_USART1_UART_Init
                0x0000000008005d90       0x54 Src/main.o
 .text.MX_GPIO_Init
                0x0000000008005de4      0x144 Src/main.o
 .text.HAL_TIM_PeriodElapsedCallback
                0x0000000008005f28       0x84 Src/main.o
                0x0000000008005f28                HAL_TIM_PeriodElapsedCallback
 .text.HAL_CAN_RxFifo0MsgPendingCallback
                0x0000000008005fac       0x30 Src/main.o
                0x0000000008005fac                HAL_CAN_RxFifo0MsgPendingCallback
 .text.Error_Handler
                0x0000000008005fdc        0xc Src/main.o
                0x0000000008005fdc                Error_Handler
 .text.HAL_MspInit
                0x0000000008005fe8       0x44 Src/stm32f1xx_hal_msp.o
                0x0000000008005fe8                HAL_MspInit
 .text.HAL_ADC_MspInit
                0x000000000800602c       0x78 Src/stm32f1xx_hal_msp.o
                0x000000000800602c                HAL_ADC_MspInit
 .text.HAL_CAN_MspInit
                0x00000000080060a4       0xd0 Src/stm32f1xx_hal_msp.o
                0x00000000080060a4                HAL_CAN_MspInit
 .text.HAL_SPI_MspInit
                0x0000000008006174       0x94 Src/stm32f1xx_hal_msp.o
                0x0000000008006174                HAL_SPI_MspInit
 .text.HAL_TIM_Base_MspInit
                0x0000000008006208       0x48 Src/stm32f1xx_hal_msp.o
                0x0000000008006208                HAL_TIM_Base_MspInit
 .text.HAL_UART_MspInit
                0x0000000008006250       0x98 Src/stm32f1xx_hal_msp.o
                0x0000000008006250                HAL_UART_MspInit
 .text.NMI_Handler
                0x00000000080062e8        0xc Src/stm32f1xx_it.o
                0x00000000080062e8                NMI_Handler
 .text.HardFault_Handler
                0x00000000080062f4        0x6 Src/stm32f1xx_it.o
                0x00000000080062f4                HardFault_Handler
 .text.MemManage_Handler
                0x00000000080062fa        0x6 Src/stm32f1xx_it.o
                0x00000000080062fa                MemManage_Handler
 .text.BusFault_Handler
                0x0000000008006300        0x6 Src/stm32f1xx_it.o
                0x0000000008006300                BusFault_Handler
 .text.UsageFault_Handler
                0x0000000008006306        0x6 Src/stm32f1xx_it.o
                0x0000000008006306                UsageFault_Handler
 .text.SVC_Handler
                0x000000000800630c        0xc Src/stm32f1xx_it.o
                0x000000000800630c                SVC_Handler
 .text.DebugMon_Handler
                0x0000000008006318        0xc Src/stm32f1xx_it.o
                0x0000000008006318                DebugMon_Handler
 .text.PendSV_Handler
                0x0000000008006324        0xc Src/stm32f1xx_it.o
                0x0000000008006324                PendSV_Handler
 .text.SysTick_Handler
                0x0000000008006330        0xc Src/stm32f1xx_it.o
                0x0000000008006330                SysTick_Handler
 .text.USB_LP_CAN1_RX0_IRQHandler
                0x000000000800633c       0x14 Src/stm32f1xx_it.o
                0x000000000800633c                USB_LP_CAN1_RX0_IRQHandler
 .text.TIM2_IRQHandler
                0x0000000008006350       0x14 Src/stm32f1xx_it.o
                0x0000000008006350                TIM2_IRQHandler
 .text._sbrk    0x0000000008006364       0x58 Src/syscalls.o
                0x0000000008006364                _sbrk
 .text.SystemInit
                0x00000000080063bc       0x68 Src/system_stm32f1xx.o
                0x00000000080063bc                SystemInit
 .text.Reset_Handler
                0x0000000008006424       0x48 startup/startup_stm32f103xb.o
                0x0000000008006424                Reset_Handler
 .text.Default_Handler
                0x000000000800646c        0x2 startup/startup_stm32f103xb.o
                0x000000000800646c                RTC_Alarm_IRQHandler
                0x000000000800646c                EXTI2_IRQHandler
                0x000000000800646c                TIM1_CC_IRQHandler
                0x000000000800646c                PVD_IRQHandler
                0x000000000800646c                EXTI3_IRQHandler
                0x000000000800646c                EXTI0_IRQHandler
                0x000000000800646c                I2C2_EV_IRQHandler
                0x000000000800646c                ADC1_2_IRQHandler
                0x000000000800646c                SPI1_IRQHandler
                0x000000000800646c                TAMPER_IRQHandler
                0x000000000800646c                DMA1_Channel4_IRQHandler
                0x000000000800646c                USART3_IRQHandler
                0x000000000800646c                RTC_IRQHandler
                0x000000000800646c                DMA1_Channel7_IRQHandler
                0x000000000800646c                CAN1_RX1_IRQHandler
                0x000000000800646c                TIM4_IRQHandler
                0x000000000800646c                I2C1_EV_IRQHandler
                0x000000000800646c                DMA1_Channel6_IRQHandler
                0x000000000800646c                TIM3_IRQHandler
                0x000000000800646c                RCC_IRQHandler
                0x000000000800646c                TIM1_TRG_COM_IRQHandler
                0x000000000800646c                DMA1_Channel1_IRQHandler
                0x000000000800646c                Default_Handler
                0x000000000800646c                EXTI15_10_IRQHandler
                0x000000000800646c                EXTI9_5_IRQHandler
                0x000000000800646c                SPI2_IRQHandler
                0x000000000800646c                DMA1_Channel5_IRQHandler
                0x000000000800646c                EXTI4_IRQHandler
                0x000000000800646c                USB_HP_CAN1_TX_IRQHandler
                0x000000000800646c                DMA1_Channel3_IRQHandler
                0x000000000800646c                TIM1_UP_IRQHandler
                0x000000000800646c                WWDG_IRQHandler
                0x000000000800646c                TIM1_BRK_IRQHandler
                0x000000000800646c                EXTI1_IRQHandler
                0x000000000800646c                USART2_IRQHandler
                0x000000000800646c                I2C2_ER_IRQHandler
                0x000000000800646c                DMA1_Channel2_IRQHandler
                0x000000000800646c                CAN1_SCE_IRQHandler
                0x000000000800646c                FLASH_IRQHandler
                0x000000000800646c                USART1_IRQHandler
                0x000000000800646c                I2C1_ER_IRQHandler
                0x000000000800646c                USBWakeUp_IRQHandler
 *fill*         0x000000000800646e        0x2 
 .text.__errno  0x0000000008006470        0xc /opt/Atollic_TrueSTUDIO_for_STM32_x86_64_9.3.0/ARMTools/bin/../lib/gcc/arm-atollic-eabi/6.3.1/../../../../arm-atollic-eabi/lib/armv7-m/libc_nano.a(lib_a-errno.o)
                0x0000000008006470                __errno
 .text.__libc_init_array
                0x000000000800647c       0x48 /opt/Atollic_TrueSTUDIO_for_STM32_x86_64_9.3.0/ARMTools/bin/../lib/gcc/arm-atollic-eabi/6.3.1/../../../../arm-atollic-eabi/lib/armv7-m/libc_nano.a(lib_a-init.o)
                0x000000000800647c                __libc_init_array
 .text.memcpy   0x00000000080064c4       0x16 /opt/Atollic_TrueSTUDIO_for_STM32_x86_64_9.3.0/ARMTools/bin/../lib/gcc/arm-atollic-eabi/6.3.1/../../../../arm-atollic-eabi/lib/armv7-m/libc_nano.a(lib_a-memcpy-stub.o)
                0x00000000080064c4                memcpy
 .text.memset   0x00000000080064da       0x10 /opt/Atollic_TrueSTUDIO_for_STM32_x86_64_9.3.0/ARMTools/bin/../lib/gcc/arm-atollic-eabi/6.3.1/../../../../arm-atollic-eabi/lib/armv7-m/libc_nano.a(lib_a-memset.o)
                0x00000000080064da                memset
 *fill*         0x00000000080064ea        0x2 
 .text.sprintf  0x00000000080064ec       0x48 /opt/Atollic_TrueSTUDIO_for_STM32_x86_64_9.3.0/ARMTools/bin/../lib/gcc/arm-atollic-eabi/6.3.1/../../../../arm-atollic-eabi/lib/armv7-m/libc_nano.a(lib_a-sprintf.o)
                0x00000000080064ec                sprintf
                0x00000000080064ec                siprintf
 .text.__ssputs_r
                0x0000000008006534       0xb6 /opt/Atollic_TrueSTUDIO_for_STM32_x86_64_9.3.0/ARMTools/bin/../lib/gcc/arm-atollic-eabi/6.3.1/../../../../arm-atollic-eabi/lib/armv7-m/libc_nano.a(lib_a-nano-svfprintf.o)
                0x0000000008006534                __ssputs_r
 *fill*         0x00000000080065ea        0x2 
 .text._svfprintf_r
                0x00000000080065ec      0x1e8 /opt/Atollic_TrueSTUDIO_for_STM32_x86_64_9.3.0/ARMTools/bin/../lib/gcc/arm-atollic-eabi/6.3.1/../../../../arm-atollic-eabi/lib/armv7-m/libc_nano.a(lib_a-nano-svfprintf.o)
                0x00000000080065ec                _svfprintf_r
                0x00000000080065ec                _svfiprintf_r
 .text._printf_common
                0x00000000080067d4       0xee /opt/Atollic_TrueSTUDIO_for_STM32_x86_64_9.3.0/ARMTools/bin/../lib/gcc/arm-atollic-eabi/6.3.1/../../../../arm-atollic-eabi/lib/armv7-m/libc_nano.a(lib_a-nano-vfprintf_i.o)
                0x00000000080067d4                _printf_common
 *fill*         0x00000000080068c2        0x2 
 .text._printf_i
                0x00000000080068c4      0x240 /opt/Atollic_TrueSTUDIO_for_STM32_x86_64_9.3.0/ARMTools/bin/../lib/gcc/arm-atollic-eabi/6.3.1/../../../../arm-atollic-eabi/lib/armv7-m/libc_nano.a(lib_a-nano-vfprintf_i.o)
                0x00000000080068c4                _printf_i
 .text.memchr   0x0000000008006b04       0x1c /opt/Atollic_TrueSTUDIO_for_STM32_x86_64_9.3.0/ARMTools/bin/../lib/gcc/arm-atollic-eabi/6.3.1/../../../../arm-atollic-eabi/lib/armv7-m/libc_nano.a(lib_a-memchr-stub.o)
                0x0000000008006b04                memchr
 .text.memmove  0x0000000008006b20       0x34 /opt/Atollic_TrueSTUDIO_for_STM32_x86_64_9.3.0/ARMTools/bin/../lib/gcc/arm-atollic-eabi/6.3.1/../../../../arm-atollic-eabi/lib/armv7-m/libc_nano.a(lib_a-memmove.o)
                0x0000000008006b20                memmove
 .text._free_r  0x0000000008006b54       0x98 /opt/Atollic_TrueSTUDIO_for_STM32_x86_64_9.3.0/ARMTools/bin/../lib/gcc/arm-atollic-eabi/6.3.1/../../../../arm-atollic-eabi/lib/armv7-m/libc_nano.a(lib_a-nano-freer.o)
                0x0000000008006b54                _free_r
 .text._malloc_r
                0x0000000008006bec       0xbc /opt/Atollic_TrueSTUDIO_for_STM32_x86_64_9.3.0/ARMTools/bin/../lib/gcc/arm-atollic-eabi/6.3.1/../../../../arm-atollic-eabi/lib/armv7-m/libc_nano.a(lib_a-nano-mallocr.o)
                0x0000000008006bec                _malloc_r
 .text._realloc_r
                0x0000000008006ca8       0x4c /opt/Atollic_TrueSTUDIO_for_STM32_x86_64_9.3.0/ARMTools/bin/../lib/gcc/arm-atollic-eabi/6.3.1/../../../../arm-atollic-eabi/lib/armv7-m/libc_nano.a(lib_a-nano-reallocr.o)
                0x0000000008006ca8                _realloc_r
 .text._sbrk_r  0x0000000008006cf4       0x20 /opt/Atollic_TrueSTUDIO_for_STM32_x86_64_9.3.0/ARMTools/bin/../lib/gcc/arm-atollic-eabi/6.3.1/../../../../arm-atollic-eabi/lib/armv7-m/libc_nano.a(lib_a-sbrkr.o)
                0x0000000008006cf4                _sbrk_r
 .text.__malloc_lock
                0x0000000008006d14        0x2 /opt/Atollic_TrueSTUDIO_for_STM32_x86_64_9.3.0/ARMTools/bin/../lib/gcc/arm-atollic-eabi/6.3.1/../../../../arm-atollic-eabi/lib/armv7-m/libc_nano.a(lib_a-mlock.o)
                0x0000000008006d14                __malloc_lock
 .text.__malloc_unlock
                0x0000000008006d16        0x2 /opt/Atollic_TrueSTUDIO_for_STM32_x86_64_9.3.0/ARMTools/bin/../lib/gcc/arm-atollic-eabi/6.3.1/../../../../arm-atollic-eabi/lib/armv7-m/libc_nano.a(lib_a-mlock.o)
                0x0000000008006d16                __malloc_unlock
 .text._malloc_usable_size_r
                0x0000000008006d18       0x12 /opt/Atollic_TrueSTUDIO_for_STM32_x86_64_9.3.0/ARMTools/bin/../lib/gcc/arm-atollic-eabi/6.3.1/../../../../arm-atollic-eabi/lib/armv7-m/libc_nano.a(lib_a-nano-msizer.o)
                0x0000000008006d18                _malloc_usable_size_r
 *(.glue_7)
 .glue_7        0x0000000008006d2a        0x0 linker stubs
 *(.glue_7t)
 .glue_7t       0x0000000008006d2a        0x0 linker stubs
 *(.eh_frame)
 *fill*         0x0000000008006d2a        0x2 
 .eh_frame      0x0000000008006d2c        0x0 /opt/Atollic_TrueSTUDIO_for_STM32_x86_64_9.3.0/ARMTools/bin/../lib/gcc/arm-atollic-eabi/6.3.1/armv7-m/crtbegin.o
 *(.init)
 .init          0x0000000008006d2c        0x4 /opt/Atollic_TrueSTUDIO_for_STM32_x86_64_9.3.0/ARMTools/bin/../lib/gcc/arm-atollic-eabi/6.3.1/armv7-m/crti.o
                0x0000000008006d2c                _init
 .init          0x0000000008006d30        0x8 /opt/Atollic_TrueSTUDIO_for_STM32_x86_64_9.3.0/ARMTools/bin/../lib/gcc/arm-atollic-eabi/6.3.1/armv7-m/crtn.o
 *(.fini)
 .fini          0x0000000008006d38        0x4 /opt/Atollic_TrueSTUDIO_for_STM32_x86_64_9.3.0/ARMTools/bin/../lib/gcc/arm-atollic-eabi/6.3.1/armv7-m/crti.o
                0x0000000008006d38                _fini
 .fini          0x0000000008006d3c        0x8 /opt/Atollic_TrueSTUDIO_for_STM32_x86_64_9.3.0/ARMTools/bin/../lib/gcc/arm-atollic-eabi/6.3.1/armv7-m/crtn.o
                0x0000000008006d44                . = ALIGN (0x4)
                0x0000000008006d44                _etext = .

.vfp11_veneer   0x0000000008006d44        0x0
 .vfp11_veneer  0x0000000008006d44        0x0 linker stubs

.v4_bx          0x0000000008006d44        0x0
 .v4_bx         0x0000000008006d44        0x0 linker stubs

.iplt           0x0000000008006d44        0x0
 .iplt          0x0000000008006d44        0x0 /opt/Atollic_TrueSTUDIO_for_STM32_x86_64_9.3.0/ARMTools/bin/../lib/gcc/arm-atollic-eabi/6.3.1/armv7-m/crtbegin.o

.rodata         0x0000000008006d44      0x5c8
                0x0000000008006d44                . = ALIGN (0x4)
 *(.rodata)
 .rodata        0x0000000008006d44       0x12 Drivers/STM32F1xx_HAL_Driver/Src/stm32f1xx_hal_rcc.o
 *fill*         0x0000000008006d56        0x2 
 .rodata        0x0000000008006d58       0x12 Drivers/STM32F1xx_HAL_Driver/Src/stm32f1xx_hal_rcc_ex.o
 *fill*         0x0000000008006d6a        0x2 
 .rodata        0x0000000008006d6c      0x541 Src/MY_NRF24.o
 *(.rodata*)
 *fill*         0x00000000080072ad        0x3 
 .rodata.NRF24_ADDR_REGS
                0x00000000080072b0        0x7 Src/MY_NRF24.o
 *fill*         0x00000000080072b7        0x1 
 .rodata.RF24_RX_PW_PIPE
                0x00000000080072b8        0x6 Src/MY_NRF24.o
 *fill*         0x00000000080072be        0x2 
 .rodata.AHBPrescTable
                0x00000000080072c0       0x10 Src/system_stm32f1xx.o
                0x00000000080072c0                AHBPrescTable
 .rodata.APBPrescTable
                0x00000000080072d0        0x8 Src/system_stm32f1xx.o
                0x00000000080072d0                APBPrescTable
 .rodata._svfprintf_r.str1.1
                0x00000000080072d8       0x11 /opt/Atollic_TrueSTUDIO_for_STM32_x86_64_9.3.0/ARMTools/bin/../lib/gcc/arm-atollic-eabi/6.3.1/../../../../arm-atollic-eabi/lib/armv7-m/libc_nano.a(lib_a-nano-svfprintf.o)
 .rodata._printf_i.str1.1
                0x00000000080072e9       0x22 /opt/Atollic_TrueSTUDIO_for_STM32_x86_64_9.3.0/ARMTools/bin/../lib/gcc/arm-atollic-eabi/6.3.1/../../../../arm-atollic-eabi/lib/armv7-m/libc_nano.a(lib_a-nano-vfprintf_i.o)
                0x000000000800730c                . = ALIGN (0x4)
 *fill*         0x000000000800730b        0x1 

.rel.dyn        0x000000000800730c        0x0
 .rel.iplt      0x000000000800730c        0x0 /opt/Atollic_TrueSTUDIO_for_STM32_x86_64_9.3.0/ARMTools/bin/../lib/gcc/arm-atollic-eabi/6.3.1/armv7-m/crtbegin.o

.ARM.extab
 *(.ARM.extab* .gnu.linkonce.armextab.*)

.ARM            0x000000000800730c        0x0
                0x000000000800730c                __exidx_start = .
 *(.ARM.exidx*)
                0x000000000800730c                __exidx_end = .

.preinit_array  0x000000000800730c        0x0
                0x000000000800730c                PROVIDE (__preinit_array_start, .)
 *(.preinit_array*)
                0x000000000800730c                PROVIDE (__preinit_array_end, .)

.init_array     0x000000000800730c        0x4
                0x000000000800730c                PROVIDE (__init_array_start, .)
 *(SORT(.init_array.*))
 *(.init_array*)
 .init_array    0x000000000800730c        0x4 /opt/Atollic_TrueSTUDIO_for_STM32_x86_64_9.3.0/ARMTools/bin/../lib/gcc/arm-atollic-eabi/6.3.1/armv7-m/crtbegin.o
                0x0000000008007310                PROVIDE (__init_array_end, .)

.fini_array     0x0000000008007310        0x4
                [!provide]                        PROVIDE (__fini_array_start, .)
 *(SORT(.fini_array.*))
 *(.fini_array*)
 .fini_array    0x0000000008007310        0x4 /opt/Atollic_TrueSTUDIO_for_STM32_x86_64_9.3.0/ARMTools/bin/../lib/gcc/arm-atollic-eabi/6.3.1/armv7-m/crtbegin.o
                [!provide]                        PROVIDE (__fini_array_end, .)
                0x0000000008007314                _sidata = LOADADDR (.data)

.data           0x0000000020000000       0x78 load address 0x0000000008007314
                0x0000000020000000                . = ALIGN (0x4)
                0x0000000020000000                _sdata = .
 *(.data)
 *(.data*)
 .data.uwTickPrio
                0x0000000020000000        0x4 Drivers/STM32F1xx_HAL_Driver/Src/stm32f1xx_hal.o
                0x0000000020000000                uwTickPrio
 .data.uwTickFreq
                0x0000000020000004        0x1 Drivers/STM32F1xx_HAL_Driver/Src/stm32f1xx_hal.o
                0x0000000020000004                uwTickFreq
 *fill*         0x0000000020000005        0x3 
 .data.RxpipeAddrs
                0x0000000020000008        0x8 Src/main.o
                0x0000000020000008                RxpipeAddrs
 .data.SystemCoreClock
                0x0000000020000010        0x4 Src/system_stm32f1xx.o
                0x0000000020000010                SystemCoreClock
 .data._impure_ptr
                0x0000000020000014        0x4 /opt/Atollic_TrueSTUDIO_for_STM32_x86_64_9.3.0/ARMTools/bin/../lib/gcc/arm-atollic-eabi/6.3.1/../../../../arm-atollic-eabi/lib/armv7-m/libc_nano.a(lib_a-impure.o)
                0x0000000020000014                _impure_ptr
 .data.impure_data
                0x0000000020000018       0x60 /opt/Atollic_TrueSTUDIO_for_STM32_x86_64_9.3.0/ARMTools/bin/../lib/gcc/arm-atollic-eabi/6.3.1/../../../../arm-atollic-eabi/lib/armv7-m/libc_nano.a(lib_a-impure.o)
                0x0000000020000078                . = ALIGN (0x4)
                0x0000000020000078                _edata = .

.igot.plt       0x0000000020000078        0x0 load address 0x000000000800738c
 .igot.plt      0x0000000020000078        0x0 /opt/Atollic_TrueSTUDIO_for_STM32_x86_64_9.3.0/ARMTools/bin/../lib/gcc/arm-atollic-eabi/6.3.1/armv7-m/crtbegin.o
                0x0000000020000078                . = ALIGN (0x4)

.bss            0x0000000020000078      0x338 load address 0x000000000800738c
                0x0000000020000078                _sbss = .
                0x0000000020000078                __bss_start__ = _sbss
 *(.bss)
 .bss           0x0000000020000078       0x1c /opt/Atollic_TrueSTUDIO_for_STM32_x86_64_9.3.0/ARMTools/bin/../lib/gcc/arm-atollic-eabi/6.3.1/armv7-m/crtbegin.o
 *(.bss*)
 *fill*         0x0000000020000094        0x4 
 .bss.pipe0_reading_address
                0x0000000020000098        0x8 Src/MY_NRF24.o
 .bss.payload_size
                0x00000000200000a0        0x1 Src/MY_NRF24.o
 .bss.dynamic_payloads_enabled
                0x00000000200000a1        0x1 Src/MY_NRF24.o
 .bss.wide_band
                0x00000000200000a2        0x1 Src/MY_NRF24.o
 *fill*         0x00000000200000a3        0x1 
 .bss.nrf24_PORT
                0x00000000200000a4        0x4 Src/MY_NRF24.o
 .bss.nrf24_CSN_PIN
                0x00000000200000a8        0x2 Src/MY_NRF24.o
 .bss.nrf24_CE_PIN
                0x00000000200000aa        0x2 Src/MY_NRF24.o
 .bss.nrf24_hspi
                0x00000000200000ac       0x58 Src/MY_NRF24.o
 .bss.nrf24_huart
                0x0000000020000104       0x40 Src/MY_NRF24.o
 .bss.TxHeader  0x0000000020000144       0x18 Src/main.o
 .bss.RxHeader  0x000000002000015c       0x1c Src/main.o
 .bss.cont      0x0000000020000178        0x4 Src/main.o
                0x0000000020000178                cont
 .bss.heap_end.5887
                0x000000002000017c        0x4 Src/syscalls.o
 .bss.__malloc_free_list
                0x0000000020000180        0x4 /opt/Atollic_TrueSTUDIO_for_STM32_x86_64_9.3.0/ARMTools/bin/../lib/gcc/arm-atollic-eabi/6.3.1/../../../../arm-atollic-eabi/lib/armv7-m/libc_nano.a(lib_a-nano-mallocr.o)
                0x0000000020000180                __malloc_free_list
 .bss.__malloc_sbrk_start
                0x0000000020000184        0x4 /opt/Atollic_TrueSTUDIO_for_STM32_x86_64_9.3.0/ARMTools/bin/../lib/gcc/arm-atollic-eabi/6.3.1/../../../../arm-atollic-eabi/lib/armv7-m/libc_nano.a(lib_a-nano-mallocr.o)
                0x0000000020000184                __malloc_sbrk_start
 *(COMMON)
 COMMON         0x0000000020000188        0x4 Drivers/STM32F1xx_HAL_Driver/Src/stm32f1xx_hal.o
                0x0000000020000188                uwTick
 COMMON         0x000000002000018c      0x220 Src/main.o
                0x000000002000018c                myAckPayload
                0x0000000020000194                hcan
                0x00000000200001bc                myRxData
                0x00000000200001c4                hadc1
                0x00000000200001f4                huart1
                0x0000000020000234                media
                0x00000000200002fc                TxData
                0x0000000020000304                TxMailbox
                0x0000000020000308                hspi1
                0x0000000020000360                RxData
                0x0000000020000368                htim2
                0x00000000200003a8                u
 COMMON         0x00000000200003ac        0x4 /opt/Atollic_TrueSTUDIO_for_STM32_x86_64_9.3.0/ARMTools/bin/../lib/gcc/arm-atollic-eabi/6.3.1/../../../../arm-atollic-eabi/lib/armv7-m/libc_nano.a(lib_a-reent.o)
                0x00000000200003ac                errno
                0x00000000200003b0                . = ALIGN (0x4)
                0x00000000200003b0                _ebss = .
                0x00000000200003b0                __bss_end__ = _ebss

._user_heap_stack
                0x00000000200003b0      0x600 load address 0x000000000800738c
                0x00000000200003b0                . = ALIGN (0x4)
                0x00000000200003b0                PROVIDE (end, .)
                [!provide]                        PROVIDE (_end, .)
                0x00000000200005b0                . = (. + _Min_Heap_Size)
 *fill*         0x00000000200003b0      0x200 
                0x00000000200009b0                . = (. + _Min_Stack_Size)
 *fill*         0x00000000200005b0      0x400 
                0x00000000200009b0                . = ALIGN (0x4)

/DISCARD/
 libc.a(*)
 libm.a(*)
 libgcc.a(*)

.ARM.attributes
                0x0000000000000000       0x29
 *(.ARM.attributes)
 .ARM.attributes
                0x0000000000000000       0x1d /opt/Atollic_TrueSTUDIO_for_STM32_x86_64_9.3.0/ARMTools/bin/../lib/gcc/arm-atollic-eabi/6.3.1/armv7-m/crti.o
 .ARM.attributes
                0x000000000000001d       0x2d /opt/Atollic_TrueSTUDIO_for_STM32_x86_64_9.3.0/ARMTools/bin/../lib/gcc/arm-atollic-eabi/6.3.1/armv7-m/crtbegin.o
 .ARM.attributes
                0x000000000000004a       0x33 Drivers/STM32F1xx_HAL_Driver/Src/stm32f1xx_hal.o
 .ARM.attributes
                0x000000000000007d       0x33 Drivers/STM32F1xx_HAL_Driver/Src/stm32f1xx_hal_adc.o
 .ARM.attributes
                0x00000000000000b0       0x33 Drivers/STM32F1xx_HAL_Driver/Src/stm32f1xx_hal_can.o
 .ARM.attributes
                0x00000000000000e3       0x33 Drivers/STM32F1xx_HAL_Driver/Src/stm32f1xx_hal_cortex.o
 .ARM.attributes
                0x0000000000000116       0x33 Drivers/STM32F1xx_HAL_Driver/Src/stm32f1xx_hal_gpio.o
 .ARM.attributes
                0x0000000000000149       0x33 Drivers/STM32F1xx_HAL_Driver/Src/stm32f1xx_hal_rcc.o
 .ARM.attributes
                0x000000000000017c       0x33 Drivers/STM32F1xx_HAL_Driver/Src/stm32f1xx_hal_rcc_ex.o
 .ARM.attributes
                0x00000000000001af       0x33 Drivers/STM32F1xx_HAL_Driver/Src/stm32f1xx_hal_spi.o
 .ARM.attributes
                0x00000000000001e2       0x33 Drivers/STM32F1xx_HAL_Driver/Src/stm32f1xx_hal_spi_ex.o
 .ARM.attributes
                0x0000000000000215       0x33 Drivers/STM32F1xx_HAL_Driver/Src/stm32f1xx_hal_tim.o
 .ARM.attributes
                0x0000000000000248       0x33 Drivers/STM32F1xx_HAL_Driver/Src/stm32f1xx_hal_tim_ex.o
 .ARM.attributes
                0x000000000000027b       0x33 Drivers/STM32F1xx_HAL_Driver/Src/stm32f1xx_hal_uart.o
 .ARM.attributes
                0x00000000000002ae       0x33 Src/MY_NRF24.o
 .ARM.attributes
                0x00000000000002e1       0x33 Src/main.o
 .ARM.attributes
                0x0000000000000314       0x33 Src/stm32f1xx_hal_msp.o
 .ARM.attributes
                0x0000000000000347       0x33 Src/stm32f1xx_it.o
 .ARM.attributes
                0x000000000000037a       0x33 Src/syscalls.o
 .ARM.attributes
                0x00000000000003ad       0x33 Src/system_stm32f1xx.o
 .ARM.attributes
                0x00000000000003e0       0x21 startup/startup_stm32f103xb.o
 .ARM.attributes
                0x0000000000000401       0x2d /opt/Atollic_TrueSTUDIO_for_STM32_x86_64_9.3.0/ARMTools/bin/../lib/gcc/arm-atollic-eabi/6.3.1/../../../../arm-atollic-eabi/lib/armv7-m/libc_nano.a(lib_a-errno.o)
 .ARM.attributes
                0x000000000000042e       0x2d /opt/Atollic_TrueSTUDIO_for_STM32_x86_64_9.3.0/ARMTools/bin/../lib/gcc/arm-atollic-eabi/6.3.1/../../../../arm-atollic-eabi/lib/armv7-m/libc_nano.a(lib_a-impure.o)
 .ARM.attributes
                0x000000000000045b       0x2d /opt/Atollic_TrueSTUDIO_for_STM32_x86_64_9.3.0/ARMTools/bin/../lib/gcc/arm-atollic-eabi/6.3.1/../../../../arm-atollic-eabi/lib/armv7-m/libc_nano.a(lib_a-init.o)
 .ARM.attributes
                0x0000000000000488       0x2d /opt/Atollic_TrueSTUDIO_for_STM32_x86_64_9.3.0/ARMTools/bin/../lib/gcc/arm-atollic-eabi/6.3.1/../../../../arm-atollic-eabi/lib/armv7-m/libc_nano.a(lib_a-memcpy-stub.o)
 .ARM.attributes
                0x00000000000004b5       0x2d /opt/Atollic_TrueSTUDIO_for_STM32_x86_64_9.3.0/ARMTools/bin/../lib/gcc/arm-atollic-eabi/6.3.1/../../../../arm-atollic-eabi/lib/armv7-m/libc_nano.a(lib_a-memset.o)
 .ARM.attributes
                0x00000000000004e2       0x2d /opt/Atollic_TrueSTUDIO_for_STM32_x86_64_9.3.0/ARMTools/bin/../lib/gcc/arm-atollic-eabi/6.3.1/../../../../arm-atollic-eabi/lib/armv7-m/libc_nano.a(lib_a-sprintf.o)
 .ARM.attributes
                0x000000000000050f       0x17 /opt/Atollic_TrueSTUDIO_for_STM32_x86_64_9.3.0/ARMTools/bin/../lib/gcc/arm-atollic-eabi/6.3.1/../../../../arm-atollic-eabi/lib/armv7-m/libc_nano.a(lib_a-strlen.o)
 .ARM.attributes
                0x0000000000000526       0x2d /opt/Atollic_TrueSTUDIO_for_STM32_x86_64_9.3.0/ARMTools/bin/../lib/gcc/arm-atollic-eabi/6.3.1/../../../../arm-atollic-eabi/lib/armv7-m/libc_nano.a(lib_a-nano-svfprintf.o)
 .ARM.attributes
                0x0000000000000553       0x2d /opt/Atollic_TrueSTUDIO_for_STM32_x86_64_9.3.0/ARMTools/bin/../lib/gcc/arm-atollic-eabi/6.3.1/../../../../arm-atollic-eabi/lib/armv7-m/libc_nano.a(lib_a-nano-vfprintf_i.o)
 .ARM.attributes
                0x0000000000000580       0x2d /opt/Atollic_TrueSTUDIO_for_STM32_x86_64_9.3.0/ARMTools/bin/../lib/gcc/arm-atollic-eabi/6.3.1/../../../../arm-atollic-eabi/lib/armv7-m/libc_nano.a(lib_a-memchr-stub.o)
 .ARM.attributes
                0x00000000000005ad       0x2d /opt/Atollic_TrueSTUDIO_for_STM32_x86_64_9.3.0/ARMTools/bin/../lib/gcc/arm-atollic-eabi/6.3.1/../../../../arm-atollic-eabi/lib/armv7-m/libc_nano.a(lib_a-memmove.o)
 .ARM.attributes
                0x00000000000005da       0x2d /opt/Atollic_TrueSTUDIO_for_STM32_x86_64_9.3.0/ARMTools/bin/../lib/gcc/arm-atollic-eabi/6.3.1/../../../../arm-atollic-eabi/lib/armv7-m/libc_nano.a(lib_a-nano-freer.o)
 .ARM.attributes
                0x0000000000000607       0x2d /opt/Atollic_TrueSTUDIO_for_STM32_x86_64_9.3.0/ARMTools/bin/../lib/gcc/arm-atollic-eabi/6.3.1/../../../../arm-atollic-eabi/lib/armv7-m/libc_nano.a(lib_a-nano-mallocr.o)
 .ARM.attributes
                0x0000000000000634       0x2d /opt/Atollic_TrueSTUDIO_for_STM32_x86_64_9.3.0/ARMTools/bin/../lib/gcc/arm-atollic-eabi/6.3.1/../../../../arm-atollic-eabi/lib/armv7-m/libc_nano.a(lib_a-nano-reallocr.o)
 .ARM.attributes
                0x0000000000000661       0x2d /opt/Atollic_TrueSTUDIO_for_STM32_x86_64_9.3.0/ARMTools/bin/../lib/gcc/arm-atollic-eabi/6.3.1/../../../../arm-atollic-eabi/lib/armv7-m/libc_nano.a(lib_a-sbrkr.o)
 .ARM.attributes
                0x000000000000068e       0x2d /opt/Atollic_TrueSTUDIO_for_STM32_x86_64_9.3.0/ARMTools/bin/../lib/gcc/arm-atollic-eabi/6.3.1/../../../../arm-atollic-eabi/lib/armv7-m/libc_nano.a(lib_a-mlock.o)
 .ARM.attributes
                0x00000000000006bb       0x2d /opt/Atollic_TrueSTUDIO_for_STM32_x86_64_9.3.0/ARMTools/bin/../lib/gcc/arm-atollic-eabi/6.3.1/../../../../arm-atollic-eabi/lib/armv7-m/libc_nano.a(lib_a-nano-msizer.o)
 .ARM.attributes
                0x00000000000006e8       0x2d /opt/Atollic_TrueSTUDIO_for_STM32_x86_64_9.3.0/ARMTools/bin/../lib/gcc/arm-atollic-eabi/6.3.1/../../../../arm-atollic-eabi/lib/armv7-m/libc_nano.a(lib_a-reent.o)
 .ARM.attributes
                0x0000000000000715       0x1d /opt/Atollic_TrueSTUDIO_for_STM32_x86_64_9.3.0/ARMTools/bin/../lib/gcc/arm-atollic-eabi/6.3.1/armv7-m/libgcc.a(_arm_addsubdf3.o)
 .ARM.attributes
                0x0000000000000732       0x1d /opt/Atollic_TrueSTUDIO_for_STM32_x86_64_9.3.0/ARMTools/bin/../lib/gcc/arm-atollic-eabi/6.3.1/armv7-m/libgcc.a(_arm_muldivdf3.o)
 .ARM.attributes
                0x000000000000074f       0x1d /opt/Atollic_TrueSTUDIO_for_STM32_x86_64_9.3.0/ARMTools/bin/../lib/gcc/arm-atollic-eabi/6.3.1/armv7-m/libgcc.a(_arm_fixunsdfsi.o)
 .ARM.attributes
                0x000000000000076c       0x1d /opt/Atollic_TrueSTUDIO_for_STM32_x86_64_9.3.0/ARMTools/bin/../lib/gcc/arm-atollic-eabi/6.3.1/armv7-m/crtn.o
OUTPUT(Modulo_Energia_V14.elf elf32-littlearm)

.debug_info     0x0000000000000000    0x18995
 .debug_info    0x0000000000000000      0xefa Drivers/STM32F1xx_HAL_Driver/Src/stm32f1xx_hal.o
 .debug_info    0x0000000000000efa     0x145f Drivers/STM32F1xx_HAL_Driver/Src/stm32f1xx_hal_adc.o
 .debug_info    0x0000000000002359     0x17b1 Drivers/STM32F1xx_HAL_Driver/Src/stm32f1xx_hal_can.o
 .debug_info    0x0000000000003b0a     0x1349 Drivers/STM32F1xx_HAL_Driver/Src/stm32f1xx_hal_cortex.o
 .debug_info    0x0000000000004e53      0xeac Drivers/STM32F1xx_HAL_Driver/Src/stm32f1xx_hal_gpio.o
 .debug_info    0x0000000000005cff     0x1028 Drivers/STM32F1xx_HAL_Driver/Src/stm32f1xx_hal_rcc.o
 .debug_info    0x0000000000006d27      0xc4a Drivers/STM32F1xx_HAL_Driver/Src/stm32f1xx_hal_rcc_ex.o
 .debug_info    0x0000000000007971     0x1c87 Drivers/STM32F1xx_HAL_Driver/Src/stm32f1xx_hal_spi.o
 .debug_info    0x00000000000095f8      0xe44 Drivers/STM32F1xx_HAL_Driver/Src/stm32f1xx_hal_spi_ex.o
 .debug_info    0x000000000000a43c     0x2a11 Drivers/STM32F1xx_HAL_Driver/Src/stm32f1xx_hal_tim.o
 .debug_info    0x000000000000ce4d     0x17c1 Drivers/STM32F1xx_HAL_Driver/Src/stm32f1xx_hal_tim_ex.o
 .debug_info    0x000000000000e60e     0x19dd Drivers/STM32F1xx_HAL_Driver/Src/stm32f1xx_hal_uart.o
 .debug_info    0x000000000000ffeb     0x1cf9 Src/MY_NRF24.o
 .debug_info    0x0000000000011ce4     0x208c Src/main.o
 .debug_info    0x0000000000013d70     0x1dbb Src/stm32f1xx_hal_msp.o
 .debug_info    0x0000000000015b2b     0x1262 Src/stm32f1xx_it.o
 .debug_info    0x0000000000016d8d      0xf16 Src/syscalls.o
 .debug_info    0x0000000000017ca3      0xc4a Src/system_stm32f1xx.o
 .debug_info    0x00000000000188ed       0xa8 startup/startup_stm32f103xb.o

.debug_abbrev   0x0000000000000000     0x2d44
 .debug_abbrev  0x0000000000000000      0x2b8 Drivers/STM32F1xx_HAL_Driver/Src/stm32f1xx_hal.o
 .debug_abbrev  0x00000000000002b8      0x232 Drivers/STM32F1xx_HAL_Driver/Src/stm32f1xx_hal_adc.o
 .debug_abbrev  0x00000000000004ea      0x2cb Drivers/STM32F1xx_HAL_Driver/Src/stm32f1xx_hal_can.o
 .debug_abbrev  0x00000000000007b5      0x368 Drivers/STM32F1xx_HAL_Driver/Src/stm32f1xx_hal_cortex.o
 .debug_abbrev  0x0000000000000b1d      0x24c Drivers/STM32F1xx_HAL_Driver/Src/stm32f1xx_hal_gpio.o
 .debug_abbrev  0x0000000000000d69      0x2e6 Drivers/STM32F1xx_HAL_Driver/Src/stm32f1xx_hal_rcc.o
 .debug_abbrev  0x000000000000104f      0x223 Drivers/STM32F1xx_HAL_Driver/Src/stm32f1xx_hal_rcc_ex.o
 .debug_abbrev  0x0000000000001272      0x2ac Drivers/STM32F1xx_HAL_Driver/Src/stm32f1xx_hal_spi.o
 .debug_abbrev  0x000000000000151e      0x1b0 Drivers/STM32F1xx_HAL_Driver/Src/stm32f1xx_hal_spi_ex.o
 .debug_abbrev  0x00000000000016ce      0x2ab Drivers/STM32F1xx_HAL_Driver/Src/stm32f1xx_hal_tim.o
 .debug_abbrev  0x0000000000001979      0x288 Drivers/STM32F1xx_HAL_Driver/Src/stm32f1xx_hal_tim_ex.o
 .debug_abbrev  0x0000000000001c01      0x2ae Drivers/STM32F1xx_HAL_Driver/Src/stm32f1xx_hal_uart.o
 .debug_abbrev  0x0000000000001eaf      0x31a Src/MY_NRF24.o
 .debug_abbrev  0x00000000000021c9      0x2ba Src/main.o
 .debug_abbrev  0x0000000000002483      0x264 Src/stm32f1xx_hal_msp.o
 .debug_abbrev  0x00000000000026e7      0x1ef Src/stm32f1xx_it.o
 .debug_abbrev  0x00000000000028d6      0x271 Src/syscalls.o
 .debug_abbrev  0x0000000000002b47      0x1eb Src/system_stm32f1xx.o
 .debug_abbrev  0x0000000000002d32       0x12 startup/startup_stm32f103xb.o

.debug_aranges  0x0000000000000000     0x1190
 .debug_aranges
                0x0000000000000000       0xd0 Drivers/STM32F1xx_HAL_Driver/Src/stm32f1xx_hal.o
 .debug_aranges
                0x00000000000000d0       0xf0 Drivers/STM32F1xx_HAL_Driver/Src/stm32f1xx_hal_adc.o
 .debug_aranges
                0x00000000000001c0      0x138 Drivers/STM32F1xx_HAL_Driver/Src/stm32f1xx_hal_can.o
 .debug_aranges
                0x00000000000002f8      0x100 Drivers/STM32F1xx_HAL_Driver/Src/stm32f1xx_hal_cortex.o
 .debug_aranges
                0x00000000000003f8       0x58 Drivers/STM32F1xx_HAL_Driver/Src/stm32f1xx_hal_gpio.o
 .debug_aranges
                0x0000000000000450       0x90 Drivers/STM32F1xx_HAL_Driver/Src/stm32f1xx_hal_rcc.o
 .debug_aranges
                0x00000000000004e0       0x30 Drivers/STM32F1xx_HAL_Driver/Src/stm32f1xx_hal_rcc_ex.o
 .debug_aranges
                0x0000000000000510      0x1d0 Drivers/STM32F1xx_HAL_Driver/Src/stm32f1xx_hal_spi.o
 .debug_aranges
                0x00000000000006e0       0x20 Drivers/STM32F1xx_HAL_Driver/Src/stm32f1xx_hal_spi_ex.o
 .debug_aranges
                0x0000000000000700      0x368 Drivers/STM32F1xx_HAL_Driver/Src/stm32f1xx_hal_tim.o
 .debug_aranges
                0x0000000000000a68      0x138 Drivers/STM32F1xx_HAL_Driver/Src/stm32f1xx_hal_tim_ex.o
 .debug_aranges
                0x0000000000000ba0      0x1d0 Drivers/STM32F1xx_HAL_Driver/Src/stm32f1xx_hal_uart.o
 .debug_aranges
                0x0000000000000d70      0x1d0 Src/MY_NRF24.o
 .debug_aranges
                0x0000000000000f40       0x70 Src/main.o
 .debug_aranges
                0x0000000000000fb0       0x70 Src/stm32f1xx_hal_msp.o
 .debug_aranges
                0x0000000000001020       0x70 Src/stm32f1xx_it.o
 .debug_aranges
                0x0000000000001090       0xb0 Src/syscalls.o
 .debug_aranges
                0x0000000000001140       0x28 Src/system_stm32f1xx.o
 .debug_aranges
                0x0000000000001168       0x28 startup/startup_stm32f103xb.o

.debug_ranges   0x0000000000000000     0x1068
 .debug_ranges  0x0000000000000000       0xc0 Drivers/STM32F1xx_HAL_Driver/Src/stm32f1xx_hal.o
 .debug_ranges  0x00000000000000c0       0xe0 Drivers/STM32F1xx_HAL_Driver/Src/stm32f1xx_hal_adc.o
 .debug_ranges  0x00000000000001a0      0x128 Drivers/STM32F1xx_HAL_Driver/Src/stm32f1xx_hal_can.o
 .debug_ranges  0x00000000000002c8       0xf0 Drivers/STM32F1xx_HAL_Driver/Src/stm32f1xx_hal_cortex.o
 .debug_ranges  0x00000000000003b8       0x48 Drivers/STM32F1xx_HAL_Driver/Src/stm32f1xx_hal_gpio.o
 .debug_ranges  0x0000000000000400       0x80 Drivers/STM32F1xx_HAL_Driver/Src/stm32f1xx_hal_rcc.o
 .debug_ranges  0x0000000000000480       0x20 Drivers/STM32F1xx_HAL_Driver/Src/stm32f1xx_hal_rcc_ex.o
 .debug_ranges  0x00000000000004a0      0x1c0 Drivers/STM32F1xx_HAL_Driver/Src/stm32f1xx_hal_spi.o
 .debug_ranges  0x0000000000000660       0x10 Drivers/STM32F1xx_HAL_Driver/Src/stm32f1xx_hal_spi_ex.o
 .debug_ranges  0x0000000000000670      0x358 Drivers/STM32F1xx_HAL_Driver/Src/stm32f1xx_hal_tim.o
 .debug_ranges  0x00000000000009c8      0x128 Drivers/STM32F1xx_HAL_Driver/Src/stm32f1xx_hal_tim_ex.o
 .debug_ranges  0x0000000000000af0      0x1c0 Drivers/STM32F1xx_HAL_Driver/Src/stm32f1xx_hal_uart.o
 .debug_ranges  0x0000000000000cb0      0x1c0 Src/MY_NRF24.o
 .debug_ranges  0x0000000000000e70       0x60 Src/main.o
 .debug_ranges  0x0000000000000ed0       0x60 Src/stm32f1xx_hal_msp.o
 .debug_ranges  0x0000000000000f30       0x60 Src/stm32f1xx_it.o
 .debug_ranges  0x0000000000000f90       0xa0 Src/syscalls.o
 .debug_ranges  0x0000000000001030       0x18 Src/system_stm32f1xx.o
 .debug_ranges  0x0000000000001048       0x20 startup/startup_stm32f103xb.o

.debug_line     0x0000000000000000     0x781b
 .debug_line    0x0000000000000000      0x437 Drivers/STM32F1xx_HAL_Driver/Src/stm32f1xx_hal.o
 .debug_line    0x0000000000000437      0x7e5 Drivers/STM32F1xx_HAL_Driver/Src/stm32f1xx_hal_adc.o
 .debug_line    0x0000000000000c1c      0x756 Drivers/STM32F1xx_HAL_Driver/Src/stm32f1xx_hal_can.o
 .debug_line    0x0000000000001372      0x51e Drivers/STM32F1xx_HAL_Driver/Src/stm32f1xx_hal_cortex.o
 .debug_line    0x0000000000001890      0x496 Drivers/STM32F1xx_HAL_Driver/Src/stm32f1xx_hal_gpio.o
 .debug_line    0x0000000000001d26      0x588 Drivers/STM32F1xx_HAL_Driver/Src/stm32f1xx_hal_rcc.o
 .debug_line    0x00000000000022ae      0x360 Drivers/STM32F1xx_HAL_Driver/Src/stm32f1xx_hal_rcc_ex.o
 .debug_line    0x000000000000260e      0xc33 Drivers/STM32F1xx_HAL_Driver/Src/stm32f1xx_hal_spi.o
 .debug_line    0x0000000000003241      0x2d1 Drivers/STM32F1xx_HAL_Driver/Src/stm32f1xx_hal_spi_ex.o
 .debug_line    0x0000000000003512     0x123e Drivers/STM32F1xx_HAL_Driver/Src/stm32f1xx_hal_tim.o
 .debug_line    0x0000000000004750      0x84b Drivers/STM32F1xx_HAL_Driver/Src/stm32f1xx_hal_tim_ex.o
 .debug_line    0x0000000000004f9b      0xb86 Drivers/STM32F1xx_HAL_Driver/Src/stm32f1xx_hal_uart.o
 .debug_line    0x0000000000005b21      0x911 Src/MY_NRF24.o
 .debug_line    0x0000000000006432      0x58c Src/main.o
 .debug_line    0x00000000000069be      0x413 Src/stm32f1xx_hal_msp.o
 .debug_line    0x0000000000006dd1      0x37c Src/stm32f1xx_it.o
 .debug_line    0x000000000000714d      0x3ac Src/syscalls.o
 .debug_line    0x00000000000074f9      0x2a5 Src/system_stm32f1xx.o
 .debug_line    0x000000000000779e       0x7d startup/startup_stm32f103xb.o

.debug_str      0x0000000000000000     0x4eee
 .debug_str     0x0000000000000000      0xb85 Drivers/STM32F1xx_HAL_Driver/Src/stm32f1xx_hal.o
                                        0xc59 (size before relaxing)
 .debug_str     0x0000000000000b85      0x60b Drivers/STM32F1xx_HAL_Driver/Src/stm32f1xx_hal_adc.o
                                        0xd51 (size before relaxing)
 .debug_str     0x0000000000001190      0x7cd Drivers/STM32F1xx_HAL_Driver/Src/stm32f1xx_hal_can.o
                                        0xf4d (size before relaxing)
 .debug_str     0x000000000000195d      0x2f4 Drivers/STM32F1xx_HAL_Driver/Src/stm32f1xx_hal_cortex.o
                                        0xdc6 (size before relaxing)
 .debug_str     0x0000000000001c51      0x1d6 Drivers/STM32F1xx_HAL_Driver/Src/stm32f1xx_hal_gpio.o
                                        0x933 (size before relaxing)
 .debug_str     0x0000000000001e27      0x310 Drivers/STM32F1xx_HAL_Driver/Src/stm32f1xx_hal_rcc.o
                                        0xae3 (size before relaxing)
 .debug_str     0x0000000000002137      0x12b Drivers/STM32F1xx_HAL_Driver/Src/stm32f1xx_hal_rcc_ex.o
                                        0x8cd (size before relaxing)
 .debug_str     0x0000000000002262      0x6a5 Drivers/STM32F1xx_HAL_Driver/Src/stm32f1xx_hal_spi.o
                                        0xfca (size before relaxing)
 .debug_str     0x0000000000002907       0x3b Drivers/STM32F1xx_HAL_Driver/Src/stm32f1xx_hal_spi_ex.o
                                        0xade (size before relaxing)
 .debug_str     0x0000000000002942      0xecf Drivers/STM32F1xx_HAL_Driver/Src/stm32f1xx_hal_tim.o
                                       0x180d (size before relaxing)
 .debug_str     0x0000000000003811      0x527 Drivers/STM32F1xx_HAL_Driver/Src/stm32f1xx_hal_tim_ex.o
                                       0x10aa (size before relaxing)
 .debug_str     0x0000000000003d38      0x66f Drivers/STM32F1xx_HAL_Driver/Src/stm32f1xx_hal_uart.o
                                       0x1015 (size before relaxing)
 .debug_str     0x00000000000043a7      0x6df Src/MY_NRF24.o
                                       0x1333 (size before relaxing)
 .debug_str     0x0000000000004a86       0xfb Src/main.o
                                       0x16af (size before relaxing)
 .debug_str     0x0000000000004b81       0x25 Src/stm32f1xx_hal_msp.o
                                       0x1562 (size before relaxing)
 .debug_str     0x0000000000004ba6       0xd1 Src/stm32f1xx_it.o
                                        0xda7 (size before relaxing)
 .debug_str     0x0000000000004c77      0x22a Src/syscalls.o
                                        0x865 (size before relaxing)
 .debug_str     0x0000000000004ea1       0x4d Src/system_stm32f1xx.o
                                        0x79c (size before relaxing)

.comment        0x0000000000000000       0x7c
 .comment       0x0000000000000000       0x7c Drivers/STM32F1xx_HAL_Driver/Src/stm32f1xx_hal.o
                                         0x7d (size before relaxing)
 .comment       0x000000000000007c       0x7d Drivers/STM32F1xx_HAL_Driver/Src/stm32f1xx_hal_adc.o
 .comment       0x000000000000007c       0x7d Drivers/STM32F1xx_HAL_Driver/Src/stm32f1xx_hal_can.o
 .comment       0x000000000000007c       0x7d Drivers/STM32F1xx_HAL_Driver/Src/stm32f1xx_hal_cortex.o
 .comment       0x000000000000007c       0x7d Drivers/STM32F1xx_HAL_Driver/Src/stm32f1xx_hal_gpio.o
 .comment       0x000000000000007c       0x7d Drivers/STM32F1xx_HAL_Driver/Src/stm32f1xx_hal_rcc.o
 .comment       0x000000000000007c       0x7d Drivers/STM32F1xx_HAL_Driver/Src/stm32f1xx_hal_rcc_ex.o
 .comment       0x000000000000007c       0x7d Drivers/STM32F1xx_HAL_Driver/Src/stm32f1xx_hal_spi.o
 .comment       0x000000000000007c       0x7d Drivers/STM32F1xx_HAL_Driver/Src/stm32f1xx_hal_spi_ex.o
 .comment       0x000000000000007c       0x7d Drivers/STM32F1xx_HAL_Driver/Src/stm32f1xx_hal_tim.o
 .comment       0x000000000000007c       0x7d Drivers/STM32F1xx_HAL_Driver/Src/stm32f1xx_hal_tim_ex.o
 .comment       0x000000000000007c       0x7d Drivers/STM32F1xx_HAL_Driver/Src/stm32f1xx_hal_uart.o
 .comment       0x000000000000007c       0x7d Src/MY_NRF24.o
 .comment       0x000000000000007c       0x7d Src/main.o
 .comment       0x000000000000007c       0x7d Src/stm32f1xx_hal_msp.o
 .comment       0x000000000000007c       0x7d Src/stm32f1xx_it.o
 .comment       0x000000000000007c       0x7d Src/syscalls.o
 .comment       0x000000000000007c       0x7d Src/system_stm32f1xx.o

.debug_frame    0x0000000000000000     0x4e5c
 .debug_frame   0x0000000000000000      0x2fc Drivers/STM32F1xx_HAL_Driver/Src/stm32f1xx_hal.o
 .debug_frame   0x00000000000002fc      0x410 Drivers/STM32F1xx_HAL_Driver/Src/stm32f1xx_hal_adc.o
 .debug_frame   0x000000000000070c      0x5a0 Drivers/STM32F1xx_HAL_Driver/Src/stm32f1xx_hal_can.o
 .debug_frame   0x0000000000000cac      0x428 Drivers/STM32F1xx_HAL_Driver/Src/stm32f1xx_hal_cortex.o
 .debug_frame   0x00000000000010d4      0x14c Drivers/STM32F1xx_HAL_Driver/Src/stm32f1xx_hal_gpio.o
 .debug_frame   0x0000000000001220      0x21c Drivers/STM32F1xx_HAL_Driver/Src/stm32f1xx_hal_rcc.o
 .debug_frame   0x000000000000143c       0x84 Drivers/STM32F1xx_HAL_Driver/Src/stm32f1xx_hal_rcc_ex.o
 .debug_frame   0x00000000000014c0      0x824 Drivers/STM32F1xx_HAL_Driver/Src/stm32f1xx_hal_spi.o
 .debug_frame   0x0000000000001ce4       0x34 Drivers/STM32F1xx_HAL_Driver/Src/stm32f1xx_hal_spi_ex.o
 .debug_frame   0x0000000000001d18      0xfb4 Drivers/STM32F1xx_HAL_Driver/Src/stm32f1xx_hal_tim.o
 .debug_frame   0x0000000000002ccc      0x54c Drivers/STM32F1xx_HAL_Driver/Src/stm32f1xx_hal_tim_ex.o
 .debug_frame   0x0000000000003218      0x83c Drivers/STM32F1xx_HAL_Driver/Src/stm32f1xx_hal_uart.o
 .debug_frame   0x0000000000003a54      0x798 Src/MY_NRF24.o
 .debug_frame   0x00000000000041ec      0x184 Src/main.o
 .debug_frame   0x0000000000004370      0x1a0 Src/stm32f1xx_hal_msp.o
 .debug_frame   0x0000000000004510      0x144 Src/stm32f1xx_it.o
 .debug_frame   0x0000000000004654      0x2d4 Src/syscalls.o
 .debug_frame   0x0000000000004928       0x58 Src/system_stm32f1xx.o
 .debug_frame   0x0000000000004980       0x20 /opt/Atollic_TrueSTUDIO_for_STM32_x86_64_9.3.0/ARMTools/bin/../lib/gcc/arm-atollic-eabi/6.3.1/../../../../arm-atollic-eabi/lib/armv7-m/libc_nano.a(lib_a-errno.o)
 .debug_frame   0x00000000000049a0       0x2c /opt/Atollic_TrueSTUDIO_for_STM32_x86_64_9.3.0/ARMTools/bin/../lib/gcc/arm-atollic-eabi/6.3.1/../../../../arm-atollic-eabi/lib/armv7-m/libc_nano.a(lib_a-init.o)
 .debug_frame   0x00000000000049cc       0x28 /opt/Atollic_TrueSTUDIO_for_STM32_x86_64_9.3.0/ARMTools/bin/../lib/gcc/arm-atollic-eabi/6.3.1/../../../../arm-atollic-eabi/lib/armv7-m/libc_nano.a(lib_a-memcpy-stub.o)
 .debug_frame   0x00000000000049f4       0x20 /opt/Atollic_TrueSTUDIO_for_STM32_x86_64_9.3.0/ARMTools/bin/../lib/gcc/arm-atollic-eabi/6.3.1/../../../../arm-atollic-eabi/lib/armv7-m/libc_nano.a(lib_a-memset.o)
 .debug_frame   0x0000000000004a14       0x70 /opt/Atollic_TrueSTUDIO_for_STM32_x86_64_9.3.0/ARMTools/bin/../lib/gcc/arm-atollic-eabi/6.3.1/../../../../arm-atollic-eabi/lib/armv7-m/libc_nano.a(lib_a-sprintf.o)
 .debug_frame   0x0000000000004a84       0x90 /opt/Atollic_TrueSTUDIO_for_STM32_x86_64_9.3.0/ARMTools/bin/../lib/gcc/arm-atollic-eabi/6.3.1/../../../../arm-atollic-eabi/lib/armv7-m/libc_nano.a(lib_a-nano-svfprintf.o)
 .debug_frame   0x0000000000004b14       0x60 /opt/Atollic_TrueSTUDIO_for_STM32_x86_64_9.3.0/ARMTools/bin/../lib/gcc/arm-atollic-eabi/6.3.1/../../../../arm-atollic-eabi/lib/armv7-m/libc_nano.a(lib_a-nano-vfprintf_i.o)
 .debug_frame   0x0000000000004b74       0x28 /opt/Atollic_TrueSTUDIO_for_STM32_x86_64_9.3.0/ARMTools/bin/../lib/gcc/arm-atollic-eabi/6.3.1/../../../../arm-atollic-eabi/lib/armv7-m/libc_nano.a(lib_a-memchr-stub.o)
 .debug_frame   0x0000000000004b9c       0x28 /opt/Atollic_TrueSTUDIO_for_STM32_x86_64_9.3.0/ARMTools/bin/../lib/gcc/arm-atollic-eabi/6.3.1/../../../../arm-atollic-eabi/lib/armv7-m/libc_nano.a(lib_a-memmove.o)
 .debug_frame   0x0000000000004bc4       0x38 /opt/Atollic_TrueSTUDIO_for_STM32_x86_64_9.3.0/ARMTools/bin/../lib/gcc/arm-atollic-eabi/6.3.1/../../../../arm-atollic-eabi/lib/armv7-m/libc_nano.a(lib_a-nano-freer.o)
 .debug_frame   0x0000000000004bfc       0x2c /opt/Atollic_TrueSTUDIO_for_STM32_x86_64_9.3.0/ARMTools/bin/../lib/gcc/arm-atollic-eabi/6.3.1/../../../../arm-atollic-eabi/lib/armv7-m/libc_nano.a(lib_a-nano-mallocr.o)
 .debug_frame   0x0000000000004c28       0x3c /opt/Atollic_TrueSTUDIO_for_STM32_x86_64_9.3.0/ARMTools/bin/../lib/gcc/arm-atollic-eabi/6.3.1/../../../../arm-atollic-eabi/lib/armv7-m/libc_nano.a(lib_a-nano-reallocr.o)
 .debug_frame   0x0000000000004c64       0x2c /opt/Atollic_TrueSTUDIO_for_STM32_x86_64_9.3.0/ARMTools/bin/../lib/gcc/arm-atollic-eabi/6.3.1/../../../../arm-atollic-eabi/lib/armv7-m/libc_nano.a(lib_a-sbrkr.o)
 .debug_frame   0x0000000000004c90       0x30 /opt/Atollic_TrueSTUDIO_for_STM32_x86_64_9.3.0/ARMTools/bin/../lib/gcc/arm-atollic-eabi/6.3.1/../../../../arm-atollic-eabi/lib/armv7-m/libc_nano.a(lib_a-mlock.o)
 .debug_frame   0x0000000000004cc0       0x20 /opt/Atollic_TrueSTUDIO_for_STM32_x86_64_9.3.0/ARMTools/bin/../lib/gcc/arm-atollic-eabi/6.3.1/../../../../arm-atollic-eabi/lib/armv7-m/libc_nano.a(lib_a-nano-msizer.o)
 .debug_frame   0x0000000000004ce0       0x5c /opt/Atollic_TrueSTUDIO_for_STM32_x86_64_9.3.0/ARMTools/bin/../lib/gcc/arm-atollic-eabi/6.3.1/../../../../arm-atollic-eabi/lib/armv7-m/libc_nano.a(lib_a-reent.o)
 .debug_frame   0x0000000000004d3c       0xac /opt/Atollic_TrueSTUDIO_for_STM32_x86_64_9.3.0/ARMTools/bin/../lib/gcc/arm-atollic-eabi/6.3.1/armv7-m/libgcc.a(_arm_addsubdf3.o)
 .debug_frame   0x0000000000004de8       0x50 /opt/Atollic_TrueSTUDIO_for_STM32_x86_64_9.3.0/ARMTools/bin/../lib/gcc/arm-atollic-eabi/6.3.1/armv7-m/libgcc.a(_arm_muldivdf3.o)
 .debug_frame   0x0000000000004e38       0x24 /opt/Atollic_TrueSTUDIO_for_STM32_x86_64_9.3.0/ARMTools/bin/../lib/gcc/arm-atollic-eabi/6.3.1/armv7-m/libgcc.a(_arm_fixunsdfsi.o)
